Component: ARM Compiler 6.16 Tool: armlink [5dfeaa00]

==============================================================================

Section Cross References

    startup_stm32f103xb.o(STACK) refers (Special) to heapauxi.o(.text) for __use_two_region_memory
    startup_stm32f103xb.o(HEAP) refers (Special) to heapauxi.o(.text) for __use_two_region_memory
    startup_stm32f103xb.o(RESET) refers (Special) to heapauxi.o(.text) for __use_two_region_memory
    startup_stm32f103xb.o(RESET) refers to startup_stm32f103xb.o(STACK) for __initial_sp
    startup_stm32f103xb.o(RESET) refers to startup_stm32f103xb.o(.text) for Reset_Handler
    startup_stm32f103xb.o(RESET) refers to stm32f1xx_it.o(.text.NMI_Handler) for NMI_Handler
    startup_stm32f103xb.o(RESET) refers to stm32f1xx_it.o(.text.HardFault_Handler) for HardFault_Handler
    startup_stm32f103xb.o(RESET) refers to stm32f1xx_it.o(.text.MemManage_Handler) for MemManage_Handler
    startup_stm32f103xb.o(RESET) refers to stm32f1xx_it.o(.text.BusFault_Handler) for BusFault_Handler
    startup_stm32f103xb.o(RESET) refers to stm32f1xx_it.o(.text.UsageFault_Handler) for UsageFault_Handler
    startup_stm32f103xb.o(RESET) refers to stm32f1xx_it.o(.text.SVC_Handler) for SVC_Handler
    startup_stm32f103xb.o(RESET) refers to stm32f1xx_it.o(.text.DebugMon_Handler) for DebugMon_Handler
    startup_stm32f103xb.o(RESET) refers to stm32f1xx_it.o(.text.PendSV_Handler) for PendSV_Handler
    startup_stm32f103xb.o(RESET) refers to stm32f1xx_it.o(.text.SysTick_Handler) for SysTick_Handler
    startup_stm32f103xb.o(RESET) refers to stm32f1xx_it.o(.text.USB_LP_CAN1_RX0_IRQHandler) for USB_LP_CAN1_RX0_IRQHandler
    startup_stm32f103xb.o(.text) refers (Special) to heapauxi.o(.text) for __use_two_region_memory
    startup_stm32f103xb.o(.text) refers to system_stm32f1xx.o(.text.SystemInit) for SystemInit
    startup_stm32f103xb.o(.text) refers to __main.o(!!!main) for __main
    startup_stm32f103xb.o(.text) refers to startup_stm32f103xb.o(HEAP) for Heap_Mem
    startup_stm32f103xb.o(.text) refers to startup_stm32f103xb.o(STACK) for Stack_Mem
    main.o(.text.main) refers to stm32f1xx_hal.o(.text.HAL_Init) for HAL_Init
    main.o(.text.main) refers to main.o(.text.SystemClock_Config) for SystemClock_Config
    main.o(.text.main) refers to main.o(.text.MX_GPIO_Init) for MX_GPIO_Init
    main.o(.text.main) refers to usb_device.o(.text.MX_USB_DEVICE_Init) for MX_USB_DEVICE_Init
    main.o(.ARM.exidx.text.main) refers to main.o(.text.main) for [Anonymous Symbol]
    main.o(.text.SystemClock_Config) refers to rt_memclr_w.o(.text) for __aeabi_memclr4
    main.o(.text.SystemClock_Config) refers to stm32f1xx_hal_rcc.o(.text.HAL_RCC_OscConfig) for HAL_RCC_OscConfig
    main.o(.text.SystemClock_Config) refers to main.o(.text.Error_Handler) for Error_Handler
    main.o(.text.SystemClock_Config) refers to stm32f1xx_hal_rcc.o(.text.HAL_RCC_ClockConfig) for HAL_RCC_ClockConfig
    main.o(.text.SystemClock_Config) refers to stm32f1xx_hal_rcc_ex.o(.text.HAL_RCCEx_PeriphCLKConfig) for HAL_RCCEx_PeriphCLKConfig
    main.o(.ARM.exidx.text.SystemClock_Config) refers to main.o(.text.SystemClock_Config) for [Anonymous Symbol]
    main.o(.ARM.exidx.text.MX_GPIO_Init) refers to main.o(.text.MX_GPIO_Init) for [Anonymous Symbol]
    main.o(.ARM.exidx.text.Error_Handler) refers to main.o(.text.Error_Handler) for [Anonymous Symbol]
    stm32f1xx_it.o(.ARM.exidx.text.NMI_Handler) refers to stm32f1xx_it.o(.text.NMI_Handler) for [Anonymous Symbol]
    stm32f1xx_it.o(.ARM.exidx.text.HardFault_Handler) refers to stm32f1xx_it.o(.text.HardFault_Handler) for [Anonymous Symbol]
    stm32f1xx_it.o(.ARM.exidx.text.MemManage_Handler) refers to stm32f1xx_it.o(.text.MemManage_Handler) for [Anonymous Symbol]
    stm32f1xx_it.o(.ARM.exidx.text.BusFault_Handler) refers to stm32f1xx_it.o(.text.BusFault_Handler) for [Anonymous Symbol]
    stm32f1xx_it.o(.ARM.exidx.text.UsageFault_Handler) refers to stm32f1xx_it.o(.text.UsageFault_Handler) for [Anonymous Symbol]
    stm32f1xx_it.o(.ARM.exidx.text.SVC_Handler) refers to stm32f1xx_it.o(.text.SVC_Handler) for [Anonymous Symbol]
    stm32f1xx_it.o(.ARM.exidx.text.DebugMon_Handler) refers to stm32f1xx_it.o(.text.DebugMon_Handler) for [Anonymous Symbol]
    stm32f1xx_it.o(.ARM.exidx.text.PendSV_Handler) refers to stm32f1xx_it.o(.text.PendSV_Handler) for [Anonymous Symbol]
    stm32f1xx_it.o(.text.SysTick_Handler) refers to stm32f1xx_hal.o(.text.HAL_IncTick) for HAL_IncTick
    stm32f1xx_it.o(.ARM.exidx.text.SysTick_Handler) refers to stm32f1xx_it.o(.text.SysTick_Handler) for [Anonymous Symbol]
    stm32f1xx_it.o(.text.USB_LP_CAN1_RX0_IRQHandler) refers to usbd_conf.o(.bss.hpcd_USB_FS) for hpcd_USB_FS
    stm32f1xx_it.o(.text.USB_LP_CAN1_RX0_IRQHandler) refers to stm32f1xx_hal_pcd.o(.text.HAL_PCD_IRQHandler) for HAL_PCD_IRQHandler
    stm32f1xx_it.o(.ARM.exidx.text.USB_LP_CAN1_RX0_IRQHandler) refers to stm32f1xx_it.o(.text.USB_LP_CAN1_RX0_IRQHandler) for [Anonymous Symbol]
[...]
    .ARM.Collect$$libshutdown$$0000000C      0x080001a6   Section        0  libshutdown2.o(.ARM.Collect$$libshutdown$$0000000C)
    .ARM.Collect$$libshutdown$$0000000F      0x080001a6   Section        0  libshutdown2.o(.ARM.Collect$$libshutdown$$0000000F)
    .ARM.Collect$$libshutdown$$00000010      0x080001a6   Section        2  libshutdown2.o(.ARM.Collect$$libshutdown$$00000010)
    .ARM.Collect$$rtentry$$00000000          0x080001a8   Section        0  __rtentry.o(.ARM.Collect$$rtentry$$00000000)
    .ARM.Collect$$rtentry$$00000002          0x080001a8   Section        0  __rtentry2.o(.ARM.Collect$$rtentry$$00000002)
    .ARM.Collect$$rtentry$$00000004          0x080001a8   Section        6  __rtentry4.o(.ARM.Collect$$rtentry$$00000004)
    .ARM.Collect$$rtentry$$00000009          0x080001ae   Section        0  __rtentry2.o(.ARM.Collect$$rtentry$$00000009)
    .ARM.Collect$$rtentry$$0000000A          0x080001ae   Section        4  __rtentry2.o(.ARM.Collect$$rtentry$$0000000A)
    .ARM.Collect$$rtentry$$0000000C          0x080001b2   Section        0  __rtentry2.o(.ARM.Collect$$rtentry$$0000000C)
    .ARM.Collect$$rtentry$$0000000D          0x080001b2   Section        8  __rtentry2.o(.ARM.Collect$$rtentry$$0000000D)
    .ARM.Collect$$rtexit$$00000000           0x080001ba   Section        2  rtexit.o(.ARM.Collect$$rtexit$$00000000)
    .ARM.Collect$$rtexit$$00000002           0x080001bc   Section        0  rtexit2.o(.ARM.Collect$$rtexit$$00000002)
    .ARM.Collect$$rtexit$$00000003           0x080001bc   Section        4  rtexit2.o(.ARM.Collect$$rtexit$$00000003)
    .ARM.Collect$$rtexit$$00000004           0x080001c0   Section        6  rtexit2.o(.ARM.Collect$$rtexit$$00000004)
    .text                                    0x080001c8   Section       64  startup_stm32f103xb.o(.text)
    .text                                    0x08000208   Section       78  rt_memclr_w.o(.text)
    .text                                    0x08000256   Section        0  heapauxi.o(.text)
    .text                                    0x0800025c   Section       74  sys_stackheap_outer.o(.text)
    .text                                    0x080002a6   Section        0  exit.o(.text)
    .text                                    0x080002b8   Section        8  libspace.o(.text)
    .text                                    0x080002c0   Section        0  sys_exit.o(.text)
    .text                                    0x080002cc   Section        2  use_no_semi.o(.text)
    .text                                    0x080002ce   Section        0  indicate_semi.o(.text)
    [Anonymous Symbol]                       0x080002d0   Section        0  stm32f1xx_it.o(.text.BusFault_Handler)
    CDC_Control_FS                           0x080002d5   Thumb Code    92  usbd_cdc_if.o(.text.CDC_Control_FS)
    [Anonymous Symbol]                       0x080002d4   Section        0  usbd_cdc_if.o(.text.CDC_Control_FS)
    CDC_DeInit_FS                            0x08000331   Thumb Code     4  usbd_cdc_if.o(.text.CDC_DeInit_FS)
    [Anonymous Symbol]                       0x08000330   Section        0  usbd_cdc_if.o(.text.CDC_DeInit_FS)
    CDC_Init_FS                              0x08000335   Thumb Code    50  usbd_cdc_if.o(.text.CDC_Init_FS)
    [Anonymous Symbol]                       0x08000334   Section        0  usbd_cdc_if.o(.text.CDC_Init_FS)
    CDC_Receive_FS                           0x08000369   Thumb Code    36  usbd_cdc_if.o(.text.CDC_Receive_FS)
    [Anonymous Symbol]                       0x08000368   Section        0  usbd_cdc_if.o(.text.CDC_Receive_FS)
    [Anonymous Symbol]                       0x0800038c   Section        0  stm32f1xx_it.o(.text.DebugMon_Handler)
    [Anonymous Symbol]                       0x08000390   Section        0  main.o(.text.Error_Handler)
    Get_SerialNum                            0x080003a1   Thumb Code    92  usbd_desc.o(.text.Get_SerialNum)
    [Anonymous Symbol]                       0x080003a0   Section        0  usbd_desc.o(.text.Get_SerialNum)
    [Anonymous Symbol]                       0x080003fc   Section        0  stm32f1xx_hal.o(.text.HAL_GetTick)
    [Anonymous Symbol]                       0x08000408   Section        0  stm32f1xx_hal.o(.text.HAL_IncTick)
    [Anonymous Symbol]                       0x08000424   Section        0  stm32f1xx_hal.o(.text.HAL_Init)
    [Anonymous Symbol]                       0x0800044c   Section        0  stm32f1xx_hal.o(.text.HAL_InitTick)
    [Anonymous Symbol]                       0x080004bc   Section        0  stm32f1xx_hal_msp.o(.text.HAL_MspInit)
    [Anonymous Symbol]                       0x08000520   Section        0  stm32f1xx_hal_cortex.o(.text.HAL_NVIC_EnableIRQ)
    [Anonymous Symbol]                       0x08000534   Section        0  stm32f1xx_hal_cortex.o(.text.HAL_NVIC_SetPriority)
    [Anonymous Symbol]                       0x08000568   Section        0  stm32f1xx_hal_cortex.o(.text.HAL_NVIC_SetPriorityGrouping)
    [Anonymous Symbol]                       0x08000578   Section        0  stm32f1xx_hal_pcd_ex.o(.text.HAL_PCDEx_PMAConfig)
    [Anonymous Symbol]                       0x080005f4   Section        0  usbd_conf.o(.text.HAL_PCDEx_SetConnectionState)
    [Anonymous Symbol]                       0x08000610   Section        0  usbd_conf.o(.text.HAL_PCD_DataInStageCallback)
    [Anonymous Symbol]                       0x08000638   Section        0  usbd_conf.o(.text.HAL_PCD_DataOutStageCallback)
    [Anonymous Symbol]                       0x08000660   Section        0  stm32f1xx_hal_pcd.o(.text.HAL_PCD_EP_Close)
    [Anonymous Symbol]                       0x08000708   Section        0  stm32f1xx_hal_pcd.o(.text.HAL_PCD_EP_ClrStall)
    HAL_PCD_EP_DB_Receive                    0x080007d1   Thumb Code   508  stm32f1xx_hal_pcd.o(.text.HAL_PCD_EP_DB_Receive)
    [Anonymous Symbol]                       0x080007d0   Section        0  stm32f1xx_hal_pcd.o(.text.HAL_PCD_EP_DB_Receive)
    HAL_PCD_EP_DB_Transmit                   0x080009cd   Thumb Code  1868  stm32f1xx_hal_pcd.o(.text.HAL_PCD_EP_DB_Transmit)
    [Anonymous Symbol]                       0x080009cc   Section        0  stm32f1xx_hal_pcd.o(.text.HAL_PCD_EP_DB_Transmit)
    [Anonymous Symbol]                       0x08001118   Section        0  stm32f1xx_hal_pcd.o(.text.HAL_PCD_EP_GetRxCount)
    [Anonymous Symbol]                       0x0800113c   Section        0  stm32f1xx_hal_pcd.o(.text.HAL_PCD_EP_Open)
    [Anonymous Symbol]                       0x08001218   Section        0  stm32f1xx_hal_pcd.o(.text.HAL_PCD_EP_Receive)
    [Anonymous Symbol]                       0x08001274   Section        0  stm32f1xx_hal_pcd.o(.text.HAL_PCD_EP_SetStall)
    [Anonymous Symbol]                       0x08001350   Section        0  stm32f1xx_hal_pcd.o(.text.HAL_PCD_EP_Transmit)
    [Anonymous Symbol]                       0x080013b8   Section        0  stm32f1xx_hal_pcd.o(.text.HAL_PCD_IRQHandler)
    [Anonymous Symbol]                       0x080015bc   Section        0  stm32f1xx_hal_pcd.o(.text.HAL_PCD_Init)
    [Anonymous Symbol]                       0x08001804   Section        0  usbd_conf.o(.text.HAL_PCD_MspInit)
    [Anonymous Symbol]                       0x08001854   Section        0  usbd_conf.o(.text.HAL_PCD_ResetCallback)
    [Anonymous Symbol]                       0x0800188c   Section        0  usbd_conf.o(.text.HAL_PCD_ResumeCallback)
    [Anonymous Symbol]                       0x080018a0   Section        0  usbd_conf.o(.text.HAL_PCD_SOFCallback)
    [Anonymous Symbol]                       0x080018b4   Section        0  stm32f1xx_hal_pcd.o(.text.HAL_PCD_SetAddress)
    [Anonymous Symbol]                       0x08001914   Section        0  usbd_conf.o(.text.HAL_PCD_SetupStageCallback)
    [Anonymous Symbol]                       0x0800192c   Section        0  stm32f1xx_hal_pcd.o(.text.HAL_PCD_Start)
    [Anonymous Symbol]                       0x08001988   Section        0  usbd_conf.o(.text.HAL_PCD_SuspendCallback)
    [Anonymous Symbol]                       0x080019b8   Section        0  stm32f1xx_hal_rcc_ex.o(.text.HAL_RCCEx_PeriphCLKConfig)
    [Anonymous Symbol]                       0x08001b80   Section        0  stm32f1xx_hal_rcc.o(.text.HAL_RCC_ClockConfig)
    [Anonymous Symbol]                       0x08001dd8   Section        0  stm32f1xx_hal_rcc.o(.text.HAL_RCC_GetSysClockFreq)
    [Anonymous Symbol]                       0x08001e94   Section        0  stm32f1xx_hal_rcc.o(.text.HAL_RCC_OscConfig)
    [Anonymous Symbol]                       0x08002510   Section        0  stm32f1xx_hal_cortex.o(.text.HAL_SYSTICK_Config)
    [Anonymous Symbol]                       0x08002520   Section        0  stm32f1xx_it.o(.text.HardFault_Handler)
    IntToUnicode                             0x08002525   Thumb Code   118  usbd_desc.o(.text.IntToUnicode)
    [Anonymous Symbol]                       0x08002524   Section        0  usbd_desc.o(.text.IntToUnicode)
    MX_GPIO_Init                             0x0800259d   Thumb Code    66  main.o(.text.MX_GPIO_Init)
    [Anonymous Symbol]                       0x0800259c   Section        0  main.o(.text.MX_GPIO_Init)
    [Anonymous Symbol]                       0x080025e0   Section        0  usb_device.o(.text.MX_USB_DEVICE_Init)
    [Anonymous Symbol]                       0x08002658   Section        0  stm32f1xx_it.o(.text.MemManage_Handler)
    [Anonymous Symbol]                       0x0800265c   Section        0  stm32f1xx_it.o(.text.NMI_Handler)
    NVIC_EncodePriority                      0x08002661   Thumb Code   108  stm32f1xx_hal_cortex.o(.text.NVIC_EncodePriority)
    [Anonymous Symbol]                       0x08002660   Section        0  stm32f1xx_hal_cortex.o(.text.NVIC_EncodePriority)
    PCD_EP_ISR_Handler                       0x080026cd   Thumb Code  1810  stm32f1xx_hal_pcd.o(.text.PCD_EP_ISR_Handler)
    [Anonymous Symbol]                       0x080026cc   Section        0  stm32f1xx_hal_pcd.o(.text.PCD_EP_ISR_Handler)
    [Anonymous Symbol]                       0x08002de0   Section        0  stm32f1xx_it.o(.text.PendSV_Handler)
    RCC_Delay                                0x08002de5   Thumb Code    58  stm32f1xx_hal_rcc.o(.text.RCC_Delay)
    [Anonymous Symbol]                       0x08002de4   Section        0  stm32f1xx_hal_rcc.o(.text.RCC_Delay)
    [Anonymous Symbol]                       0x08002e20   Section        0  stm32f1xx_it.o(.text.SVC_Handler)
    SysTick_Config                           0x08002e25   Thumb Code    82  stm32f1xx_hal_cortex.o(.text.SysTick_Config)
    [Anonymous Symbol]                       0x08002e24   Section        0  stm32f1xx_hal_cortex.o(.text.SysTick_Config)
    [Anonymous Symbol]                       0x08002e78   Section        0  stm32f1xx_it.o(.text.SysTick_Handler)
    [Anonymous Symbol]                       0x08002e80   Section        0  main.o(.text.SystemClock_Config)
    [Anonymous Symbol]                       0x08002f10   Section        0  system_stm32f1xx.o(.text.SystemInit)
    USBD_CDC_DataIn                          0x08002f15   Thumb Code   158  usbd_cdc.o(.text.USBD_CDC_DataIn)
    [Anonymous Symbol]                       0x08002f14   Section        0  usbd_cdc.o(.text.USBD_CDC_DataIn)
    USBD_CDC_DataOut                         0x08002fb5   Thumb Code    88  usbd_cdc.o(.text.USBD_CDC_DataOut)
    [Anonymous Symbol]                       0x08002fb4   Section        0  usbd_cdc.o(.text.USBD_CDC_DataOut)
    USBD_CDC_DeInit                          0x0800300d   Thumb Code   110  usbd_cdc.o(.text.USBD_CDC_DeInit)
    [Anonymous Symbol]                       0x0800300c   Section        0  usbd_cdc.o(.text.USBD_CDC_DeInit)
    USBD_CDC_EP0_RxReady                     0x0800307d   Thumb Code    72  usbd_cdc.o(.text.USBD_CDC_EP0_RxReady)
    [Anonymous Symbol]                       0x0800307c   Section        0  usbd_cdc.o(.text.USBD_CDC_EP0_RxReady)
    [Anonymous Symbol]                       0x080030c4   Section        0  usbd_cdc.o(.text.USBD_CDC_GetDeviceQualifierDescriptor)
    USBD_CDC_GetFSCfgDesc                    0x080030dd   Thumb Code    22  usbd_cdc.o(.text.USBD_CDC_GetFSCfgDesc)
    [Anonymous Symbol]                       0x080030dc   Section        0  usbd_cdc.o(.text.USBD_CDC_GetFSCfgDesc)
    USBD_CDC_GetHSCfgDesc                    0x080030f5   Thumb Code    22  usbd_cdc.o(.text.USBD_CDC_GetHSCfgDesc)
    [Anonymous Symbol]                       0x080030f4   Section        0  usbd_cdc.o(.text.USBD_CDC_GetHSCfgDesc)
    USBD_CDC_GetOtherSpeedCfgDesc            0x0800310d   Thumb Code    22  usbd_cdc.o(.text.USBD_CDC_GetOtherSpeedCfgDesc)
    [Anonymous Symbol]                       0x0800310c   Section        0  usbd_cdc.o(.text.USBD_CDC_GetOtherSpeedCfgDesc)
    USBD_CDC_Init                            0x08003125   Thumb Code   252  usbd_cdc.o(.text.USBD_CDC_Init)
    [Anonymous Symbol]                       0x08003124   Section        0  usbd_cdc.o(.text.USBD_CDC_Init)
    [Anonymous Symbol]                       0x08003220   Section        0  usbd_cdc.o(.text.USBD_CDC_ReceivePacket)
    [Anonymous Symbol]                       0x08003280   Section        0  usbd_cdc.o(.text.USBD_CDC_RegisterInterface)
    [Anonymous Symbol]                       0x080032ac   Section        0  usbd_cdc.o(.text.USBD_CDC_SetRxBuffer)
    [Anonymous Symbol]                       0x080032c8   Section        0  usbd_cdc.o(.text.USBD_CDC_SetTxBuffer)
    USBD_CDC_Setup                           0x080032f5   Thumb Code   350  usbd_cdc.o(.text.USBD_CDC_Setup)
    [Anonymous Symbol]                       0x080032f4   Section        0  usbd_cdc.o(.text.USBD_CDC_Setup)
    [Anonymous Symbol]                       0x08003454   Section        0  usbd_core.o(.text.USBD_ClrClassConfig)
    USBD_ClrFeature                          0x08003475   Thumb Code    64  usbd_ctlreq.o(.text.USBD_ClrFeature)
    [Anonymous Symbol]                       0x08003474   Section        0  usbd_ctlreq.o(.text.USBD_ClrFeature)
    [Anonymous Symbol]                       0x080034b4   Section        0  usbd_ioreq.o(.text.USBD_CtlContinueRx)
    [Anonymous Symbol]                       0x080034d8   Section        0  usbd_ioreq.o(.text.USBD_CtlContinueSendData)
    [Anonymous Symbol]                       0x080034fc   Section        0  usbd_ctlreq.o(.text.USBD_CtlError)
    [Anonymous Symbol]                       0x08003518   Section        0  usbd_ioreq.o(.text.USBD_CtlPrepareRx)
    [Anonymous Symbol]                       0x08003558   Section        0  usbd_ioreq.o(.text.USBD_CtlReceiveStatus)
    [Anonymous Symbol]                       0x0800357c   Section        0  usbd_ioreq.o(.text.USBD_CtlSendData)
    [Anonymous Symbol]                       0x080035b8   Section        0  usbd_ioreq.o(.text.USBD_CtlSendStatus)
    [Anonymous Symbol]                       0x080035dc   Section        0  usbd_desc.o(.text.USBD_FS_ConfigStrDescriptor)
    [Anonymous Symbol]                       0x0800362c   Section        0  usbd_desc.o(.text.USBD_FS_DeviceDescriptor)
    [Anonymous Symbol]                       0x08003648   Section        0  usbd_desc.o(.text.USBD_FS_InterfaceStrDescriptor)
    [Anonymous Symbol]                       0x08003698   Section        0  usbd_desc.o(.text.USBD_FS_LangIDStrDescriptor)
    [Anonymous Symbol]                       0x080036b4   Section        0  usbd_desc.o(.text.USBD_FS_ManufacturerStrDescriptor)
    [Anonymous Symbol]                       0x080036dc   Section        0  usbd_desc.o(.text.USBD_FS_ProductStrDescriptor)
    [Anonymous Symbol]                       0x0800372c   Section        0  usbd_desc.o(.text.USBD_FS_SerialStrDescriptor)
    USBD_GetConfig                           0x0800374d   Thumb Code   100  usbd_ctlreq.o(.text.USBD_GetConfig)
    [Anonymous Symbol]                       0x0800374c   Section        0  usbd_ctlreq.o(.text.USBD_GetConfig)
    USBD_GetDescriptor                       0x080037b1   Thumb Code   726  usbd_ctlreq.o(.text.USBD_GetDescriptor)
    [Anonymous Symbol]                       0x080037b0   Section        0  usbd_ctlreq.o(.text.USBD_GetDescriptor)
    USBD_GetLen                              0x08003a89   Thumb Code    46  usbd_ctlreq.o(.text.USBD_GetLen)
    [Anonymous Symbol]                       0x08003a88   Section        0  usbd_ctlreq.o(.text.USBD_GetLen)
    USBD_GetStatus                           0x08003ab9   Thumb Code    98  usbd_ctlreq.o(.text.USBD_GetStatus)
    [Anonymous Symbol]                       0x08003ab8   Section        0  usbd_ctlreq.o(.text.USBD_GetStatus)
    [Anonymous Symbol]                       0x08003b1c   Section        0  usbd_ctlreq.o(.text.USBD_GetString)
    USBD_Get_USB_Status                      0x08003ba1   Thumb Code    82  usbd_conf.o(.text.USBD_Get_USB_Status)
    [Anonymous Symbol]                       0x08003ba0   Section        0  usbd_conf.o(.text.USBD_Get_USB_Status)
    [Anonymous Symbol]                       0x08003bf4   Section        0  usbd_core.o(.text.USBD_Init)
    [Anonymous Symbol]                       0x08003c58   Section        0  usbd_conf.o(.text.USBD_LL_ClearStallEP)
    [Anonymous Symbol]                       0x08003c94   Section        0  usbd_conf.o(.text.USBD_LL_CloseEP)
    [Anonymous Symbol]                       0x08003cd0   Section        0  usbd_core.o(.text.USBD_LL_DataInStage)
    [Anonymous Symbol]                       0x08003e34   Section        0  usbd_core.o(.text.USBD_LL_DataOutStage)
    [Anonymous Symbol]                       0x08003f38   Section        0  usbd_conf.o(.text.USBD_LL_GetRxDataSize)
    [Anonymous Symbol]                       0x08003f54   Section        0  usbd_conf.o(.text.USBD_LL_Init)
    [Anonymous Symbol]                       0x08003ff4   Section        0  usbd_conf.o(.text.USBD_LL_IsStallEP)
    [Anonymous Symbol]                       0x08004050   Section        0  usbd_conf.o(.text.USBD_LL_OpenEP)
    [Anonymous Symbol]                       0x0800409c   Section        0  usbd_conf.o(.text.USBD_LL_PrepareReceive)
    [Anonymous Symbol]                       0x080040e4   Section        0  usbd_core.o(.text.USBD_LL_Reset)
    [Anonymous Symbol]                       0x08004158   Section        0  usbd_core.o(.text.USBD_LL_Resume)
    [Anonymous Symbol]                       0x0800417c   Section        0  usbd_core.o(.text.USBD_LL_SOF)
    [Anonymous Symbol]                       0x080041b0   Section        0  usbd_core.o(.text.USBD_LL_SetSpeed)
    [Anonymous Symbol]                       0x080041c8   Section        0  usbd_conf.o(.text.USBD_LL_SetUSBAddress)
    [Anonymous Symbol]                       0x08004204   Section        0  usbd_core.o(.text.USBD_LL_SetupStage)
    [Anonymous Symbol]                       0x08004288   Section        0  usbd_conf.o(.text.USBD_LL_StallEP)
    [Anonymous Symbol]                       0x080042c4   Section        0  usbd_conf.o(.text.USBD_LL_Start)
    [Anonymous Symbol]                       0x080042f8   Section        0  usbd_core.o(.text.USBD_LL_Suspend)
    [Anonymous Symbol]                       0x08004314   Section        0  usbd_conf.o(.text.USBD_LL_Transmit)
    [Anonymous Symbol]                       0x0800435c   Section        0  usbd_ctlreq.o(.text.USBD_ParseSetupRequest)
    [Anonymous Symbol]                       0x080043a0   Section        0  usbd_core.o(.text.USBD_RegisterClass)
    [Anonymous Symbol]                       0x080043d4   Section        0  usbd_core.o(.text.USBD_RunTestMode)
    USBD_SetAddress                          0x080043e1   Thumb Code   140  usbd_ctlreq.o(.text.USBD_SetAddress)
    [Anonymous Symbol]                       0x080043e0   Section        0  usbd_ctlreq.o(.text.USBD_SetAddress)
    [Anonymous Symbol]                       0x0800446c   Section        0  usbd_core.o(.text.USBD_SetClassConfig)
    USBD_SetConfig                           0x080044ad   Thumb Code   312  usbd_ctlreq.o(.text.USBD_SetConfig)
    [Anonymous Symbol]                       0x080044ac   Section        0  usbd_ctlreq.o(.text.USBD_SetConfig)
    USBD_SetFeature                          0x080045e5   Thumb Code    38  usbd_ctlreq.o(.text.USBD_SetFeature)
    [Anonymous Symbol]                       0x080045e4   Section        0  usbd_ctlreq.o(.text.USBD_SetFeature)
    [Anonymous Symbol]                       0x0800460c   Section        0  usbd_core.o(.text.USBD_Start)
    [Anonymous Symbol]                       0x08004620   Section        0  usbd_ctlreq.o(.text.USBD_StdDevReq)
    [Anonymous Symbol]                       0x080046dc   Section        0  usbd_ctlreq.o(.text.USBD_StdEPReq)
    [Anonymous Symbol]                       0x08004a14   Section        0  usbd_ctlreq.o(.text.USBD_StdItfReq)
    [Anonymous Symbol]                       0x08004aac   Section        0  usbd_conf.o(.text.USBD_static_free)
    [Anonymous Symbol]                       0x08004ab4   Section        0  usbd_conf.o(.text.USBD_static_malloc)
    [Anonymous Symbol]                       0x08004ac4   Section        0  stm32f1xx_ll_usb.o(.text.USB_ActivateEndpoint)
    [Anonymous Symbol]                       0x0800515c   Section        0  stm32f1xx_ll_usb.o(.text.USB_CoreInit)
    [Anonymous Symbol]                       0x0800518c   Section        0  stm32f1xx_ll_usb.o(.text.USB_DeactivateEndpoint)
    [Anonymous Symbol]                       0x080054ec   Section        0  stm32f1xx_ll_usb.o(.text.USB_DevConnect)
    [Anonymous Symbol]                       0x080054f8   Section        0  stm32f1xx_ll_usb.o(.text.USB_DevDisconnect)
    [Anonymous Symbol]                       0x08005504   Section        0  stm32f1xx_ll_usb.o(.text.USB_DevInit)
    [Anonymous Symbol]                       0x0800554c   Section        0  stm32f1xx_ll_usb.o(.text.USB_DisableGlobalInt)
    [Anonymous Symbol]                       0x0800556c   Section        0  stm32f1xx_ll_usb.o(.text.USB_EP0_OutStart)
    [Anonymous Symbol]                       0x08005578   Section        0  stm32f1xx_ll_usb.o(.text.USB_EPClearStall)
    [Anonymous Symbol]                       0x080056c0   Section        0  stm32f1xx_ll_usb.o(.text.USB_EPSetStall)
    [Anonymous Symbol]                       0x08005748   Section        0  stm32f1xx_ll_usb.o(.text.USB_EPStartXfer)
    [Anonymous Symbol]                       0x08006560   Section        0  stm32f1xx_ll_usb.o(.text.USB_EnableGlobalInt)
    [Anonymous Symbol]                       0x08006580   Section        0  stm32f1xx_it.o(.text.USB_LP_CAN1_RX0_IRQHandler)
    [Anonymous Symbol]                       0x08006590   Section        0  stm32f1xx_ll_usb.o(.text.USB_ReadInterrupts)
    [Anonymous Symbol]                       0x080065a4   Section        0  stm32f1xx_ll_usb.o(.text.USB_ReadPMA)
    [Anonymous Symbol]                       0x08006630   Section        0  stm32f1xx_ll_usb.o(.text.USB_SetCurrentMode)
    [Anonymous Symbol]                       0x08006640   Section        0  stm32f1xx_ll_usb.o(.text.USB_SetDevAddress)
    [Anonymous Symbol]                       0x08006660   Section        0  stm32f1xx_ll_usb.o(.text.USB_WritePMA)
    [Anonymous Symbol]                       0x080066e4   Section        0  stm32f1xx_it.o(.text.UsageFault_Handler)
    __NVIC_EnableIRQ                         0x080066e9   Thumb Code    48  stm32f1xx_hal_cortex.o(.text.__NVIC_EnableIRQ)
    [Anonymous Symbol]                       0x080066e8   Section        0  stm32f1xx_hal_cortex.o(.text.__NVIC_EnableIRQ)
    __NVIC_GetPriorityGrouping               0x08006719   Thumb Code    16  stm32f1xx_hal_cortex.o(.text.__NVIC_GetPriorityGrouping)
    [Anonymous Symbol]                       0x08006718   Section        0  stm32f1xx_hal_cortex.o(.text.__NVIC_GetPriorityGrouping)
    __NVIC_SetPriority                       0x08006729   Thumb Code    66  stm32f1xx_hal_cortex.o(.text.__NVIC_SetPriority)
    [Anonymous Symbol]                       0x08006728   Section        0  stm32f1xx_hal_cortex.o(.text.__NVIC_SetPriority)
    __NVIC_SetPriorityGrouping               0x0800676d   Thumb Code    60  stm32f1xx_hal_cortex.o(.text.__NVIC_SetPriorityGrouping)
    [Anonymous Symbol]                       0x0800676c   Section        0  stm32f1xx_hal_cortex.o(.text.__NVIC_SetPriorityGrouping)
    [Anonymous Symbol]                       0x080067a8   Section        0  main.o(.text.main)
    HAL_RCC_GetSysClockFreq.aPLLMULFactorTable 0x080067d4   Data          16  stm32f1xx_hal_rcc.o(.rodata.HAL_RCC_GetSysClockFreq.aPLLMULFactorTable)
    [Anonymous Symbol]                       0x080067d4   Section        0  stm32f1xx_hal_rcc.o(.rodata.HAL_RCC_GetSysClockFreq.aPLLMULFactorTable)
    HAL_RCC_GetSysClockFreq.aPredivFactorTable 0x080067e4   Data           2  stm32f1xx_hal_rcc.o(.rodata.HAL_RCC_GetSysClockFreq.aPredivFactorTable)
    [Anonymous Symbol]                       0x080067e4   Section        0  stm32f1xx_hal_rcc.o(.rodata.HAL_RCC_GetSysClockFreq.aPredivFactorTable)
    .L.str.3                                 0x080067e6   Data          14  usbd_desc.o(.rodata.str1.1)
    [Anonymous Symbol]                       0x080067e6   Section        0  usbd_desc.o(.rodata.str1.1)
    .L.str.2                                 0x080067f4   Data          11  usbd_desc.o(.rodata.str1.1)
    .L.str.1                                 0x080067ff   Data          19  usbd_desc.o(.rodata.str1.1)
    .L.str                                   0x08006812   Data          22  usbd_desc.o(.rodata.str1.1)
    USBD_CDC_DeviceQualifierDesc             0x200000e0   Data          10  usbd_cdc.o(.data.USBD_CDC_DeviceQualifierDesc)
    [Anonymous Symbol]                       0x200000e0   Section        0  usbd_cdc.o(.data.USBD_CDC_DeviceQualifierDesc)
    .bss                                     0x20000178   Section       96  libspace.o(.bss)
    USBD_SetConfig.cfgidx                    0x200001d8   Data           1  usbd_ctlreq.o(.bss.USBD_SetConfig.cfgidx)
    [Anonymous Symbol]                       0x200001d8   Section        0  usbd_ctlreq.o(.bss.USBD_SetConfig.cfgidx)
    USBD_static_malloc.mem                   0x200003dc   Data         544  usbd_conf.o(.bss.USBD_static_malloc.mem)
    [Anonymous Symbol]                       0x200003dc   Section        0  usbd_conf.o(.bss.USBD_static_malloc.mem)
    Heap_Mem                                 0x200013b8   Data         512  startup_stm32f103xb.o(HEAP)
    HEAP                                     0x200013b8   Section      512  startup_stm32f103xb.o(HEAP)
    Stack_Mem                                0x200015b8   Data        1024  startup_stm32f103xb.o(STACK)
    STACK                                    0x200015b8   Section     1024  startup_stm32f103xb.o(STACK)
    __initial_sp                             0x200019b8   Data           0  startup_stm32f103xb.o(STACK)

    Global Symbols

    Symbol Name                              Value     Ov Type        Size  Object(Section)

    BuildAttributes$$THM_ISAv4$P$D$K$B$S$PE$A:L22UL41UL21$X:L11$S22US41US21$IEEE1$IW$~IW$USESV6$~STKCKD$USESV7$~SHL$OSPACE$ROPI$EBA8$UX$STANDARDLIB$REQ8$PRES8$EABIv2 0x00000000   Number         0  anon$$obj.o ABSOLUTE
    __fp_init_empty                          0x00000000   Number         0  fpinit_empty.o ABSOLUTE
    __ARM_exceptions_init                     - Undefined Weak Reference
    __alloca_initialize                       - Undefined Weak Reference
    __arm_preinit_                            - Undefined Weak Reference
    __cpp_initialize__aeabi_                  - Undefined Weak Reference
    __cxa_finalize                            - Undefined Weak Reference
    __rt_locale                               - Undefined Weak Reference
    __sigvec_lookup                           - Undefined Weak Reference
    _atexit_init                              - Undefined Weak Reference
    _call_atexit_fns                          - Undefined Weak Reference
    _clock_init                               - Undefined Weak Reference
    _fp_trap_init                             - Undefined Weak Reference
    _fp_trap_shutdown                         - Undefined Weak Reference
    _get_lc_collate                           - Undefined Weak Reference
    _get_lc_ctype                             - Undefined Weak Reference
    _get_lc_monetary                          - Undefined Weak Reference
    _get_lc_numeric                           - Undefined Weak Reference
    _get_lc_time                              - Undefined Weak Reference
    _getenv_init                              - Undefined Weak Reference
    _handle_redirection                       - Undefined Weak Reference
    _init_alloc                               - Undefined Weak Reference
    _init_user_alloc                          - Undefined Weak Reference
    _initio                                   - Undefined Weak Reference
    _rand_init                                - Undefined Weak Reference
    _signal_finish                            - Undefined Weak Reference
    _signal_init                              - Undefined Weak Reference
    _terminate_alloc                          - Undefined Weak Reference
    _terminate_user_alloc                     - Undefined Weak Reference
    _terminateio                              - Undefined Weak Reference
    __Vectors_Size                           0x000000ec   Number         0  startup_stm32f103xb.o ABSOLUTE
    __Vectors                                0x08000000   Data           4  startup_stm32f103xb.o(RESET)
    __Vectors_End                            0x080000ec   Data           0  startup_stm32f103xb.o(RESET)
    __main                                   0x080000ed   Thumb Code     8  __main.o(!!!main)
    __scatterload                            0x080000f5   Thumb Code     0  __scatter.o(!!!scatter)
    __scatterload_rt2                        0x080000f5   Thumb Code    44  __scatter.o(!!!scatter)
    __scatterload_rt2_thumb_only             0x080000f5   Thumb Code     0  __scatter.o(!!!scatter)
    __scatterload_null                       0x08000103   Thumb Code     0  __scatter.o(!!!scatter)
    __decompress                             0x08000129   Thumb Code    90  __dczerorl2.o(!!dczerorl2)
    __decompress1                            0x08000129   Thumb Code     0  __dczerorl2.o(!!dczerorl2)
    __scatterload_zeroinit                   0x08000185   Thumb Code    28  __scatter_zi.o(!!handler_zi)
    __rt_lib_init                            0x080001a1   Thumb Code     0  libinit.o(.ARM.Collect$$libinit$$00000000)
    __rt_lib_init_alloca_1                   0x080001a3   Thumb Code     0  libinit2.o(.ARM.Collect$$libinit$$0000002E)
    __rt_lib_init_argv_1                     0x080001a3   Thumb Code     0  libinit2.o(.ARM.Collect$$libinit$$0000002C)
    __rt_lib_init_atexit_1                   0x080001a3   Thumb Code     0  libinit2.o(.ARM.Collect$$libinit$$0000001B)
    __rt_lib_init_clock_1                    0x080001a3   Thumb Code     0  libinit2.o(.ARM.Collect$$libinit$$00000021)
    __rt_lib_init_cpp_1                      0x080001a3   Thumb Code     0  libinit2.o(.ARM.Collect$$libinit$$00000032)
    __rt_lib_init_exceptions_1               0x080001a3   Thumb Code     0  libinit2.o(.ARM.Collect$$libinit$$00000030)
    __rt_lib_init_fp_1                       0x080001a3   Thumb Code     0  libinit2.o(.ARM.Collect$$libinit$$00000002)
    __rt_lib_init_fp_trap_1                  0x080001a3   Thumb Code     0  libinit2.o(.ARM.Collect$$libinit$$0000001F)
    __rt_lib_init_getenv_1                   0x080001a3   Thumb Code     0  libinit2.o(.ARM.Collect$$libinit$$00000023)
    __rt_lib_init_heap_1                     0x080001a3   Thumb Code     0  libinit2.o(.ARM.Collect$$libinit$$0000000A)
    __rt_lib_init_lc_collate_1               0x080001a3   Thumb Code     0  libinit2.o(.ARM.Collect$$libinit$$00000011)
    __rt_lib_init_lc_ctype_1                 0x080001a3   Thumb Code     0  libinit2.o(.ARM.Collect$$libinit$$00000013)
    __rt_lib_init_lc_monetary_1              0x080001a3   Thumb Code     0  libinit2.o(.ARM.Collect$$libinit$$00000015)
    __rt_lib_init_lc_numeric_1               0x080001a3   Thumb Code     0  libinit2.o(.ARM.Collect$$libinit$$00000017)
    __rt_lib_init_lc_time_1                  0x080001a3   Thumb Code     0  libinit2.o(.ARM.Collect$$libinit$$00000019)
    __rt_lib_init_preinit_1                  0x080001a3   Thumb Code     0  libinit2.o(.ARM.Collect$$libinit$$00000004)
    __rt_lib_init_rand_1                     0x080001a3   Thumb Code     0  libinit2.o(.ARM.Collect$$libinit$$0000000E)
    __rt_lib_init_return                     0x080001a3   Thumb Code     0  libinit2.o(.ARM.Collect$$libinit$$00000033)
    __rt_lib_init_signal_1                   0x080001a3   Thumb Code     0  libinit2.o(.ARM.Collect$$libinit$$0000001D)
    __rt_lib_init_stdio_1                    0x080001a3   Thumb Code     0  libinit2.o(.ARM.Collect$$libinit$$00000025)
    __rt_lib_init_user_alloc_1               0x080001a3   Thumb Code     0  libinit2.o(.ARM.Collect$$libinit$$0000000C)
    __rt_lib_shutdown                        0x080001a5   Thumb Code     0  libshutdown.o(.ARM.Collect$$libshutdown$$00000000)
    __rt_lib_shutdown_cpp_1                  0x080001a7   Thumb Code     0  libshutdown2.o(.ARM.Collect$$libshutdown$$00000002)
    __rt_lib_shutdown_fp_trap_1              0x080001a7   Thumb Code     0  libshutdown2.o(.ARM.Collect$$libshutdown$$00000007)
    __rt_lib_shutdown_heap_1                 0x080001a7   Thumb Code     0  libshutdown2.o(.ARM.Collect$$libshutdown$$0000000F)
    __rt_lib_shutdown_return                 0x080001a7   Thumb Code     0  libshutdown2.o(.ARM.Collect$$libshutdown$$00000010)
    __rt_lib_shutdown_signal_1               0x080001a7   Thumb Code     0  libshutdown2.o(.ARM.Collect$$libshutdown$$0000000A)
    __rt_lib_shutdown_stdio_1                0x080001a7   Thumb Code     0  libshutdown2.o(.ARM.Collect$$libshutdown$$00000004)
    __rt_lib_shutdown_user_alloc_1           0x080001a7   Thumb Code     0  libshutdown2.o(.ARM.Collect$$libshutdown$$0000000C)
    __rt_entry                               0x080001a9   Thumb Code     0  __rtentry.o(.ARM.Collect$$rtentry$$00000000)
    __rt_entry_presh_1                       0x080001a9   Thumb Code     0  __rtentry2.o(.ARM.Collect$$rtentry$$00000002)
    __rt_entry_sh                            0x080001a9   Thumb Code     0  __rtentry4.o(.ARM.Collect$$rtentry$$00000004)
    __rt_entry_li                            0x080001af   Thumb Code     0  __rtentry2.o(.ARM.Collect$$rtentry$$0000000A)
    __rt_entry_postsh_1                      0x080001af   Thumb Code     0  __rtentry2.o(.ARM.Collect$$rtentry$$00000009)
    __rt_entry_main                          0x080001b3   Thumb Code     0  __rtentry2.o(.ARM.Collect$$rtentry$$0000000D)
    __rt_entry_postli_1                      0x080001b3   Thumb Code     0  __rtentry2.o(.ARM.Collect$$rtentry$$0000000C)
    __rt_exit                                0x080001bb   Thumb Code     0  rtexit.o(.ARM.Collect$$rtexit$$00000000)
    __rt_exit_ls                             0x080001bd   Thumb Code     0  rtexit2.o(.ARM.Collect$$rtexit$$00000003)
    __rt_exit_prels_1                        0x080001bd   Thumb Code     0  rtexit2.o(.ARM.Collect$$rtexit$$00000002)
    __rt_exit_exit                           0x080001c1   Thumb Code     0  rtexit2.o(.ARM.Collect$$rtexit$$00000004)
    Reset_Handler                            0x080001c9   Thumb Code     8  startup_stm32f103xb.o(.text)
    ADC1_2_IRQHandler                        0x080001e3   Thumb Code     0  startup_stm32f103xb.o(.text)
    CAN1_RX1_IRQHandler                      0x080001e3   Thumb Code     0  startup_stm32f103xb.o(.text)
    CAN1_SCE_IRQHandler                      0x080001e3   Thumb Code     0  startup_stm32f103xb.o(.text)
    DMA1_Channel1_IRQHandler                 0x080001e3   Thumb Code     0  startup_stm32f103xb.o(.text)
    DMA1_Channel2_IRQHandler                 0x080001e3   Thumb Code     0  startup_stm32f103xb.o(.text)
    DMA1_Channel3_IRQHandler                 0x080001e3   Thumb Code     0  startup_stm32f103xb.o(.text)
    DMA1_Channel4_IRQHandler                 0x080001e3   Thumb Code     0  startup_stm32f103xb.o(.text)
    DMA1_Channel5_IRQHandler                 0x080001e3   Thumb Code     0  startup_stm32f103xb.o(.text)
    DMA1_Channel6_IRQHandler                 0x080001e3   Thumb Code     0  startup_stm32f103xb.o(.text)
    DMA1_Channel7_IRQHandler                 0x080001e3   Thumb Code     0  startup_stm32f103xb.o(.text)
    EXTI0_IRQHandler                         0x080001e3   Thumb Code     0  startup_stm32f103xb.o(.text)
    EXTI15_10_IRQHandler                     0x080001e3   Thumb Code     0  startup_stm32f103xb.o(.text)
    EXTI1_IRQHandler                         0x080001e3   Thumb Code     0  startup_stm32f103xb.o(.text)
    EXTI2_IRQHandler                         0x080001e3   Thumb Code     0  startup_stm32f103xb.o(.text)
    EXTI3_IRQHandler                         0x080001e3   Thumb Code     0  startup_stm32f103xb.o(.text)
    EXTI4_IRQHandler                         0x080001e3   Thumb Code     0  startup_stm32f103xb.o(.text)
    EXTI9_5_IRQHandler                       0x080001e3   Thumb Code     0  startup_stm32f103xb.o(.text)
    FLASH_IRQHandler                         0x080001e3   Thumb Code     0  startup_stm32f103xb.o(.text)
    I2C1_ER_IRQHandler                       0x080001e3   Thumb Code     0  startup_stm32f103xb.o(.text)
    I2C1_EV_IRQHandler                       0x080001e3   Thumb Code     0  startup_stm32f103xb.o(.text)
    I2C2_ER_IRQHandler                       0x080001e3   Thumb Code     0  startup_stm32f103xb.o(.text)
    I2C2_EV_IRQHandler                       0x080001e3   Thumb Code     0  startup_stm32f103xb.o(.text)
    PVD_IRQHandler                           0x080001e3   Thumb Code     0  startup_stm32f103xb.o(.text)
    RCC_IRQHandler                           0x080001e3   Thumb Code     0  startup_stm32f103xb.o(.text)
    RTC_Alarm_IRQHandler                     0x080001e3   Thumb Code     0  startup_stm32f103xb.o(.text)
    RTC_IRQHandler                           0x080001e3   Thumb Code     0  startup_stm32f103xb.o(.text)
    SPI1_IRQHandler                          0x080001e3   Thumb Code     0  startup_stm32f103xb.o(.text)
    SPI2_IRQHandler                          0x080001e3   Thumb Code     0  startup_stm32f103xb.o(.text)
    TAMPER_IRQHandler                        0x080001e3   Thumb Code     0  startup_stm32f103xb.o(.text)
    TIM1_BRK_IRQHandler                      0x080001e3   Thumb Code     0  startup_stm32f103xb.o(.text)
    TIM1_CC_IRQHandler                       0x080001e3   Thumb Code     0  startup_stm32f103xb.o(.text)
    TIM1_TRG_COM_IRQHandler                  0x080001e3   Thumb Code     0  startup_stm32f103xb.o(.text)
    TIM1_UP_IRQHandler                       0x080001e3   Thumb Code     0  startup_stm32f103xb.o(.text)
    TIM2_IRQHandler                          0x080001e3   Thumb Code     0  startup_stm32f103xb.o(.text)
    TIM3_IRQHandler                          0x080001e3   Thumb Code     0  startup_stm32f103xb.o(.text)
    TIM4_IRQHandler                          0x080001e3   Thumb Code     0  startup_stm32f103xb.o(.text)
    USART1_IRQHandler                        0x080001e3   Thumb Code     0  startup_stm32f103xb.o(.text)
    USART2_IRQHandler                        0x080001e3   Thumb Code     0  startup_stm32f103xb.o(.text)
    USART3_IRQHandler                        0x080001e3   Thumb Code     0  startup_stm32f103xb.o(.text)
    USBWakeUp_IRQHandler                     0x080001e3   Thumb Code     0  startup_stm32f103xb.o(.text)
    USB_HP_CAN1_TX_IRQHandler                0x080001e3   Thumb Code     0  startup_stm32f103xb.o(.text)
    WWDG_IRQHandler                          0x080001e3   Thumb Code     0  startup_stm32f103xb.o(.text)
    __user_initial_stackheap                 0x080001e5   Thumb Code     0  startup_stm32f103xb.o(.text)
    __aeabi_memclr4                          0x08000209   Thumb Code     0  rt_memclr_w.o(.text)
    __aeabi_memclr8                          0x08000209   Thumb Code     0  rt_memclr_w.o(.text)
    __rt_memclr_w                            0x08000209   Thumb Code     0  rt_memclr_w.o(.text)
    _memset_w                                0x0800020d   Thumb Code    74  rt_memclr_w.o(.text)
    __use_two_region_memory                  0x08000257   Thumb Code     2  heapauxi.o(.text)
    __rt_heap_escrow$2region                 0x08000259   Thumb Code     2  heapauxi.o(.text)
    __rt_heap_expand$2region                 0x0800025b   Thumb Code     2  heapauxi.o(.text)
    __user_setup_stackheap                   0x0800025d   Thumb Code    74  sys_stackheap_outer.o(.text)
    exit                                     0x080002a7   Thumb Code    18  exit.o(.text)
    __user_libspace                          0x080002b9   Thumb Code     8  libspace.o(.text)
    __user_perproc_libspace                  0x080002b9   Thumb Code     0  libspace.o(.text)
    __user_perthread_libspace                0x080002b9   Thumb Code     0  libspace.o(.text)
    _sys_exit                                0x080002c1   Thumb Code     8  sys_exit.o(.text)
    __I$use$semihosting                      0x080002cd   Thumb Code     0  use_no_semi.o(.text)
    __use_no_semihosting_swi                 0x080002cd   Thumb Code     2  use_no_semi.o(.text)
    __semihosting_library_function           0x080002cf   Thumb Code     0  indicate_semi.o(.text)
    BusFault_Handler                         0x080002d1   Thumb Code     4  stm32f1xx_it.o(.text.BusFault_Handler)
    DebugMon_Handler                         0x0800038d   Thumb Code     2  stm32f1xx_it.o(.text.DebugMon_Handler)
    Error_Handler                            0x08000391   Thumb Code    14  main.o(.text.Error_Handler)
    HAL_GetTick                              0x080003fd   Thumb Code    12  stm32f1xx_hal.o(.text.HAL_GetTick)
    HAL_IncTick                              0x08000409   Thumb Code    26  stm32f1xx_hal.o(.text.HAL_IncTick)
    HAL_Init                                 0x08000425   Thumb Code    38  stm32f1xx_hal.o(.text.HAL_Init)
    HAL_InitTick                             0x0800044d   Thumb Code   112  stm32f1xx_hal.o(.text.HAL_InitTick)
    HAL_MspInit                              0x080004bd   Thumb Code   100  stm32f1xx_hal_msp.o(.text.HAL_MspInit)
    HAL_NVIC_EnableIRQ                       0x08000521   Thumb Code    20  stm32f1xx_hal_cortex.o(.text.HAL_NVIC_EnableIRQ)
    HAL_NVIC_SetPriority                     0x08000535   Thumb Code    50  stm32f1xx_hal_cortex.o(.text.HAL_NVIC_SetPriority)
    HAL_NVIC_SetPriorityGrouping             0x08000569   Thumb Code    16  stm32f1xx_hal_cortex.o(.text.HAL_NVIC_SetPriorityGrouping)
    HAL_PCDEx_PMAConfig                      0x08000579   Thumb Code   122  stm32f1xx_hal_pcd_ex.o(.text.HAL_PCDEx_PMAConfig)
    HAL_PCDEx_SetConnectionState             0x080005f5   Thumb Code    26  usbd_conf.o(.text.HAL_PCDEx_SetConnectionState)
    HAL_PCD_DataInStageCallback              0x08000611   Thumb Code    38  usbd_conf.o(.text.HAL_PCD_DataInStageCallback)
    HAL_PCD_DataOutStageCallback             0x08000639   Thumb Code    40  usbd_conf.o(.text.HAL_PCD_DataOutStageCallback)
    HAL_PCD_EP_Close                         0x08000661   Thumb Code   168  stm32f1xx_hal_pcd.o(.text.HAL_PCD_EP_Close)
    HAL_PCD_EP_ClrStall                      0x08000709   Thumb Code   200  stm32f1xx_hal_pcd.o(.text.HAL_PCD_EP_ClrStall)
    HAL_PCD_EP_GetRxCount                    0x08001119   Thumb Code    34  stm32f1xx_hal_pcd.o(.text.HAL_PCD_EP_GetRxCount)
    HAL_PCD_EP_Open                          0x0800113d   Thumb Code   218  stm32f1xx_hal_pcd.o(.text.HAL_PCD_EP_Open)
    HAL_PCD_EP_Receive                       0x08001219   Thumb Code    90  stm32f1xx_hal_pcd.o(.text.HAL_PCD_EP_Receive)
    HAL_PCD_EP_SetStall                      0x08001275   Thumb Code   220  stm32f1xx_hal_pcd.o(.text.HAL_PCD_EP_SetStall)
    HAL_PCD_EP_Transmit                      0x08001351   Thumb Code   102  stm32f1xx_hal_pcd.o(.text.HAL_PCD_EP_Transmit)
    HAL_PCD_IRQHandler                       0x080013b9   Thumb Code   516  stm32f1xx_hal_pcd.o(.text.HAL_PCD_IRQHandler)
    HAL_PCD_Init                             0x080015bd   Thumb Code   584  stm32f1xx_hal_pcd.o(.text.HAL_PCD_Init)
    HAL_PCD_MspInit                          0x08001805   Thumb Code    78  usbd_conf.o(.text.HAL_PCD_MspInit)
    HAL_PCD_ResetCallback                    0x08001855   Thumb Code    56  usbd_conf.o(.text.HAL_PCD_ResetCallback)
    HAL_PCD_ResumeCallback                   0x0800188d   Thumb Code    20  usbd_conf.o(.text.HAL_PCD_ResumeCallback)
    HAL_PCD_SOFCallback                      0x080018a1   Thumb Code    20  usbd_conf.o(.text.HAL_PCD_SOFCallback)
    HAL_PCD_SetAddress                       0x080018b5   Thumb Code    94  stm32f1xx_hal_pcd.o(.text.HAL_PCD_SetAddress)
    HAL_PCD_SetupStageCallback               0x08001915   Thumb Code    24  usbd_conf.o(.text.HAL_PCD_SetupStageCallback)
    HAL_PCD_Start                            0x0800192d   Thumb Code    92  stm32f1xx_hal_pcd.o(.text.HAL_PCD_Start)
    HAL_PCD_SuspendCallback                  0x08001989   Thumb Code    46  usbd_conf.o(.text.HAL_PCD_SuspendCallback)
    HAL_RCCEx_PeriphCLKConfig                0x080019b9   Thumb Code   456  stm32f1xx_hal_rcc_ex.o(.text.HAL_RCCEx_PeriphCLKConfig)
    HAL_RCC_ClockConfig                      0x08001b81   Thumb Code   598  stm32f1xx_hal_rcc.o(.text.HAL_RCC_ClockConfig)
    HAL_RCC_GetSysClockFreq                  0x08001dd9   Thumb Code   188  stm32f1xx_hal_rcc.o(.text.HAL_RCC_GetSysClockFreq)
    HAL_RCC_OscConfig                        0x08001e95   Thumb Code  1658  stm32f1xx_hal_rcc.o(.text.HAL_RCC_OscConfig)
    HAL_SYSTICK_Config                       0x08002511   Thumb Code    16  stm32f1xx_hal_cortex.o(.text.HAL_SYSTICK_Config)
    HardFault_Handler                        0x08002521   Thumb Code     4  stm32f1xx_it.o(.text.HardFault_Handler)
    MX_USB_DEVICE_Init                       0x080025e1   Thumb Code   118  usb_device.o(.text.MX_USB_DEVICE_Init)
    MemManage_Handler                        0x08002659   Thumb Code     4  stm32f1xx_it.o(.text.MemManage_Handler)
    NMI_Handler                              0x0800265d   Thumb Code     4  stm32f1xx_it.o(.text.NMI_Handler)
    PendSV_Handler                           0x08002de1   Thumb Code     2  stm32f1xx_it.o(.text.PendSV_Handler)
    SVC_Handler                              0x08002e21   Thumb Code     2  stm32f1xx_it.o(.text.SVC_Handler)
    SysTick_Handler                          0x08002e79   Thumb Code     8  stm32f1xx_it.o(.text.SysTick_Handler)
    SystemClock_Config                       0x08002e81   Thumb Code   142  main.o(.text.SystemClock_Config)
    SystemInit                               0x08002f11   Thumb Code     2  system_stm32f1xx.o(.text.SystemInit)
    USBD_CDC_GetDeviceQualifierDescriptor    0x080030c5   Thumb Code    22  usbd_cdc.o(.text.USBD_CDC_GetDeviceQualifierDescriptor)
    USBD_CDC_ReceivePacket                   0x08003221   Thumb Code    94  usbd_cdc.o(.text.USBD_CDC_ReceivePacket)
    USBD_CDC_RegisterInterface               0x08003281   Thumb Code    42  usbd_cdc.o(.text.USBD_CDC_RegisterInterface)
    USBD_CDC_SetRxBuffer                     0x080032ad   Thumb Code    28  usbd_cdc.o(.text.USBD_CDC_SetRxBuffer)
    USBD_CDC_SetTxBuffer                     0x080032c9   Thumb Code    42  usbd_cdc.o(.text.USBD_CDC_SetTxBuffer)
    USBD_ClrClassConfig                      0x08003455   Thumb Code    30  usbd_core.o(.text.USBD_ClrClassConfig)
    USBD_CtlContinueRx                       0x080034b5   Thumb Code    34  usbd_ioreq.o(.text.USBD_CtlContinueRx)
    USBD_CtlContinueSendData                 0x080034d9   Thumb Code    34  usbd_ioreq.o(.text.USBD_CtlContinueSendData)
    USBD_CtlError                            0x080034fd   Thumb Code    28  usbd_ctlreq.o(.text.USBD_CtlError)
    USBD_CtlPrepareRx                        0x08003519   Thumb Code    62  usbd_ioreq.o(.text.USBD_CtlPrepareRx)
    USBD_CtlReceiveStatus                    0x08003559   Thumb Code    34  usbd_ioreq.o(.text.USBD_CtlReceiveStatus)
    USBD_CtlSendData                         0x0800357d   Thumb Code    58  usbd_ioreq.o(.text.USBD_CtlSendData)
    USBD_CtlSendStatus                       0x080035b9   Thumb Code    34  usbd_ioreq.o(.text.USBD_CtlSendStatus)
    USBD_FS_ConfigStrDescriptor              0x080035dd   Thumb Code    78  usbd_desc.o(.text.USBD_FS_ConfigStrDescriptor)
    USBD_FS_DeviceDescriptor                 0x0800362d   Thumb Code    26  usbd_desc.o(.text.USBD_FS_DeviceDescriptor)
    USBD_FS_InterfaceStrDescriptor           0x08003649   Thumb Code    78  usbd_desc.o(.text.USBD_FS_InterfaceStrDescriptor)
    USBD_FS_LangIDStrDescriptor              0x08003699   Thumb Code    26  usbd_desc.o(.text.USBD_FS_LangIDStrDescriptor)
    USBD_FS_ManufacturerStrDescriptor        0x080036b5   Thumb Code    40  usbd_desc.o(.text.USBD_FS_ManufacturerStrDescriptor)
    USBD_FS_ProductStrDescriptor             0x080036dd   Thumb Code    78  usbd_desc.o(.text.USBD_FS_ProductStrDescriptor)
    USBD_FS_SerialStrDescriptor              0x0800372d   Thumb Code    32  usbd_desc.o(.text.USBD_FS_SerialStrDescriptor)
    USBD_GetString                           0x08003b1d   Thumb Code   130  usbd_ctlreq.o(.text.USBD_GetString)
    USBD_Init                                0x08003bf5   Thumb Code   100  usbd_core.o(.text.USBD_Init)
    USBD_LL_ClearStallEP                     0x08003c59   Thumb Code    58  usbd_conf.o(.text.USBD_LL_ClearStallEP)
    USBD_LL_CloseEP                          0x08003c95   Thumb Code    58  usbd_conf.o(.text.USBD_LL_CloseEP)
    USBD_LL_DataInStage                      0x08003cd1   Thumb Code   354  usbd_core.o(.text.USBD_LL_DataInStage)
    USBD_LL_DataOutStage                     0x08003e35   Thumb Code   258  usbd_core.o(.text.USBD_LL_DataOutStage)
    USBD_LL_GetRxDataSize                    0x08003f39   Thumb Code    28  usbd_conf.o(.text.USBD_LL_GetRxDataSize)
    USBD_LL_Init                             0x08003f55   Thumb Code   160  usbd_conf.o(.text.USBD_LL_Init)
    USBD_LL_IsStallEP                        0x08003ff5   Thumb Code    92  usbd_conf.o(.text.USBD_LL_IsStallEP)
    USBD_LL_OpenEP                           0x08004051   Thumb Code    74  usbd_conf.o(.text.USBD_LL_OpenEP)
    USBD_LL_PrepareReceive                   0x0800409d   Thumb Code    70  usbd_conf.o(.text.USBD_LL_PrepareReceive)
    USBD_LL_Reset                            0x080040e5   Thumb Code   116  usbd_core.o(.text.USBD_LL_Reset)
    USBD_LL_Resume                           0x08004159   Thumb Code    34  usbd_core.o(.text.USBD_LL_Resume)
    USBD_LL_SOF                              0x0800417d   Thumb Code    50  usbd_core.o(.text.USBD_LL_SOF)
    USBD_LL_SetSpeed                         0x080041b1   Thumb Code    22  usbd_core.o(.text.USBD_LL_SetSpeed)
    USBD_LL_SetUSBAddress                    0x080041c9   Thumb Code    58  usbd_conf.o(.text.USBD_LL_SetUSBAddress)
    USBD_LL_SetupStage                       0x08004205   Thumb Code   130  usbd_core.o(.text.USBD_LL_SetupStage)
    USBD_LL_StallEP                          0x08004289   Thumb Code    58  usbd_conf.o(.text.USBD_LL_StallEP)
    USBD_LL_Start                            0x080042c5   Thumb Code    50  usbd_conf.o(.text.USBD_LL_Start)
    USBD_LL_Suspend                          0x080042f9   Thumb Code    28  usbd_core.o(.text.USBD_LL_Suspend)
    USBD_LL_Transmit                         0x08004315   Thumb Code    70  usbd_conf.o(.text.USBD_LL_Transmit)
    USBD_ParseSetupRequest                   0x0800435d   Thumb Code    68  usbd_ctlreq.o(.text.USBD_ParseSetupRequest)
    USBD_RegisterClass                       0x080043a1   Thumb Code    50  usbd_core.o(.text.USBD_RegisterClass)
    USBD_RunTestMode                         0x080043d5   Thumb Code    10  usbd_core.o(.text.USBD_RunTestMode)
    USBD_SetClassConfig                      0x0800446d   Thumb Code    62  usbd_core.o(.text.USBD_SetClassConfig)
    USBD_Start                               0x0800460d   Thumb Code    18  usbd_core.o(.text.USBD_Start)
    USBD_StdDevReq                           0x08004621   Thumb Code   188  usbd_ctlreq.o(.text.USBD_StdDevReq)
    USBD_StdEPReq                            0x080046dd   Thumb Code   822  usbd_ctlreq.o(.text.USBD_StdEPReq)
    USBD_StdItfReq                           0x08004a15   Thumb Code   152  usbd_ctlreq.o(.text.USBD_StdItfReq)
    USBD_static_free                         0x08004aad   Thumb Code     8  usbd_conf.o(.text.USBD_static_free)
    USBD_static_malloc                       0x08004ab5   Thumb Code    16  usbd_conf.o(.text.USBD_static_malloc)
    USB_ActivateEndpoint                     0x08004ac5   Thumb Code  1686  stm32f1xx_ll_usb.o(.text.USB_ActivateEndpoint)
    USB_CoreInit                             0x0800515d   Thumb Code    46  stm32f1xx_ll_usb.o(.text.USB_CoreInit)
    USB_DeactivateEndpoint                   0x0800518d   Thumb Code   864  stm32f1xx_ll_usb.o(.text.USB_DeactivateEndpoint)
    USB_DevConnect                           0x080054ed   Thumb Code    10  stm32f1xx_ll_usb.o(.text.USB_DevConnect)
    USB_DevDisconnect                        0x080054f9   Thumb Code    10  stm32f1xx_ll_usb.o(.text.USB_DevDisconnect)
    USB_DevInit                              0x08005505   Thumb Code    72  stm32f1xx_ll_usb.o(.text.USB_DevInit)
    USB_DisableGlobalInt                     0x0800554d   Thumb Code    30  stm32f1xx_ll_usb.o(.text.USB_DisableGlobalInt)
    USB_EP0_OutStart                         0x0800556d   Thumb Code    12  stm32f1xx_ll_usb.o(.text.USB_EP0_OutStart)
    USB_EPClearStall                         0x08005579   Thumb Code   328  stm32f1xx_ll_usb.o(.text.USB_EPClearStall)
    USB_EPSetStall                           0x080056c1   Thumb Code   136  stm32f1xx_ll_usb.o(.text.USB_EPSetStall)
    USB_EPStartXfer                          0x08005749   Thumb Code  3606  stm32f1xx_ll_usb.o(.text.USB_EPStartXfer)
    USB_EnableGlobalInt                      0x08006561   Thumb Code    30  stm32f1xx_ll_usb.o(.text.USB_EnableGlobalInt)
    USB_LP_CAN1_RX0_IRQHandler               0x08006581   Thumb Code    16  stm32f1xx_it.o(.text.USB_LP_CAN1_RX0_IRQHandler)
    USB_ReadInterrupts                       0x08006591   Thumb Code    18  stm32f1xx_ll_usb.o(.text.USB_ReadInterrupts)
    USB_ReadPMA                              0x080065a5   Thumb Code   140  stm32f1xx_ll_usb.o(.text.USB_ReadPMA)
    USB_SetCurrentMode                       0x08006631   Thumb Code    14  stm32f1xx_ll_usb.o(.text.USB_SetCurrentMode)
    USB_SetDevAddress                        0x08006641   Thumb Code    32  stm32f1xx_ll_usb.o(.text.USB_SetDevAddress)
    USB_WritePMA                             0x08006661   Thumb Code   130  stm32f1xx_ll_usb.o(.text.USB_WritePMA)
    UsageFault_Handler                       0x080066e5   Thumb Code     4  stm32f1xx_it.o(.text.UsageFault_Handler)
    main                                     0x080067a9   Thumb Code    28  main.o(.text.main)
    AHBPrescTable                            0x080067c4   Data          16  system_stm32f1xx.o(.rodata.AHBPrescTable)
    Region$$Table$$Base                      0x08006828   Number         0  anon$$obj.o(Region$$Table)
    Region$$Table$$Limit                     0x08006848   Number         0  anon$$obj.o(Region$$Table)
    FS_Desc                                  0x20000000   Data          28  usbd_desc.o(.data.FS_Desc)
    SystemCoreClock                          0x2000001c   Data           4  system_stm32f1xx.o(.data.SystemCoreClock)
    USBD_CDC                                 0x20000020   Data          56  usbd_cdc.o(.data.USBD_CDC)
    USBD_CDC_CfgFSDesc                       0x20000058   Data          67  usbd_cdc.o(.data.USBD_CDC_CfgFSDesc)
    USBD_CDC_CfgHSDesc                       0x2000009c   Data          67  usbd_cdc.o(.data.USBD_CDC_CfgHSDesc)
    USBD_CDC_OtherSpeedCfgDesc               0x200000ec   Data          67  usbd_cdc.o(.data.USBD_CDC_OtherSpeedCfgDesc)
    USBD_FS_DeviceDesc                       0x20000130   Data          18  usbd_desc.o(.data.USBD_FS_DeviceDesc)
    USBD_Interface_fops_FS                   0x20000144   Data          16  usbd_cdc_if.o(.data.USBD_Interface_fops_FS)
    USBD_LangIDDesc                          0x20000154   Data           4  usbd_desc.o(.data.USBD_LangIDDesc)
    USBD_StringSerial                        0x20000158   Data          26  usbd_desc.o(.data.USBD_StringSerial)
    uwTickFreq                               0x20000172   Data           1  stm32f1xx_hal.o(.data.uwTickFreq)
    uwTickPrio                               0x20000174   Data           4  stm32f1xx_hal.o(.data.uwTickPrio)
    __libspace_start                         0x20000178   Data          96  libspace.o(.bss)
    __temporary_stack_top$libspace           0x200001d8   Data           0  libspace.o(.bss)
    USBD_StrDesc                             0x200001dc   Data         512  usbd_desc.o(.bss.USBD_StrDesc)
    UserRxBufferFS                           0x200005fc   Data        1024  usbd_cdc_if.o(.bss.UserRxBufferFS)
    UserTxBufferFS                           0x200009fc   Data        1024  usbd_cdc_if.o(.bss.UserTxBufferFS)
    hUsbDeviceFS                             0x20000dfc   Data         708  usb_device.o(.bss.hUsbDeviceFS)
    hpcd_USB_FS                              0x200010c0   Data         752  usbd_conf.o(.bss.hpcd_USB_FS)
    uwTick                                   0x200013b0   Data           4  stm32f1xx_hal.o(.bss.uwTick)



==============================================================================

Memory Map of the image

  Image Entry point : 0x080000ed

  Load Region LR_IROM1 (Base: 0x08000000, Size: 0x000069c0, Max: 0x00010000, ABSOLUTE, COMPRESSED[0x00006908])

    Execution Region ER_IROM1 (Exec base: 0x08000000, Load base: 0x08000000, Size: 0x00006848, Max: 0x00010000, ABSOLUTE)

    Exec Addr    Load Addr    Size         Type   Attr      Idx    E Section Name        Object

    0x08000000   0x08000000   0x000000ec   Data   RO            3    RESET               startup_stm32f103xb.o
    0x080000ec   0x080000ec   0x00000008   Code   RO          912  * !!!main             c_w.l(__main.o)
    0x080000f4   0x080000f4   0x00000034   Code   RO         1077    !!!scatter          c_w.l(__scatter.o)
    0x08000128   0x08000128   0x0000005a   Code   RO         1075    !!dczerorl2         c_w.l(__dczerorl2.o)
    0x08000182   0x08000182   0x00000002   PAD
    0x08000184   0x08000184   0x0000001c   Code   RO         1079    !!handler_zi        c_w.l(__scatter_zi.o)
    0x080001a0   0x080001a0   0x00000002   Code   RO          939    .ARM.Collect$$libinit$$00000000  c_w.l(libinit.o)
    0x080001a2   0x080001a2   0x00000000   Code   RO          946    .ARM.Collect$$libinit$$00000002  c_w.l(libinit2.o)
    0x080001a2   0x080001a2   0x00000000   Code   RO          948    .ARM.Collect$$libinit$$00000004  c_w.l(libinit2.o)
    0x080001a2   0x080001a2   0x00000000   Code   RO          951    .ARM.Collect$$libinit$$0000000A  c_w.l(libinit2.o)
    0x080001a2   0x080001a2   0x00000000   Code   RO          953    .ARM.Collect$$libinit$$0000000C  c_w.l(libinit2.o)
    0x080001a2   0x080001a2   0x00000000   Code   RO          955    .ARM.Collect$$libinit$$0000000E  c_w.l(libinit2.o)
    0x080001a2   0x080001a2   0x00000000   Code   RO          958    .ARM.Collect$$libinit$$00000011  c_w.l(libinit2.o)
    0x080001a2   0x080001a2   0x00000000   Code   RO          960    .ARM.Collect$$libinit$$00000013  c_w.l(libinit2.o)
    0x080001a2   0x080001a2   0x00000000   Code   RO          962    .ARM.Collect$$libinit$$00000015  c_w.l(libinit2.o)
    0x080001a2   0x080001a2   0x00000000   Code   RO          964    .ARM.Collect$$libinit$$00000017  c_w.l(libinit2.o)
    0x080001a2   0x080001a2   0x00000000   Code   RO          966    .ARM.Collect$$libinit$$00000019  c_w.l(libinit2.o)
    0x080001a2   0x080001a2   0x00000000   Code   RO          968    .ARM.Collect$$libinit$$0000001B  c_w.l(libinit2.o)
    0x080001a2   0x080001a2   0x00000000   Code   RO          970    .ARM.Collect$$libinit$$0000001D  c_w.l(libinit2.o)
    0x080001a2   0x080001a2   0x00000000   Code   RO          972    .ARM.Collect$$libinit$$0000001F  c_w.l(libinit2.o)
    0x080001a2   0x080001a2   0x00000000   Code   RO          974    .ARM.Collect$$libinit$$00000021  c_w.l(libinit2.o)
    0x080001a2   0x080001a2   0x00000000   Code   RO          976    .ARM.Collect$$libinit$$00000023  c_w.l(libinit2.o)
    0x080001a2   0x080001a2   0x00000000   Code   RO          978    .ARM.Collect$$libinit$$00000025  c_w.l(libinit2.o)
    0x080001a2   0x080001a2   0x00000000   Code   RO          982    .ARM.Collect$$libinit$$0000002C  c_w.l(libinit2.o)
    0x080001a2   0x080001a2   0x00000000   Code   RO          984    .ARM.Collect$$libinit$$0000002E  c_w.l(libinit2.o)
    0x080001a2   0x080001a2   0x00000000   Code   RO          986    .ARM.Collect$$libinit$$00000030  c_w.l(libinit2.o)
    0x080001a2   0x080001a2   0x00000000   Code   RO          988    .ARM.Collect$$libinit$$00000032  c_w.l(libinit2.o)
    0x080001a2   0x080001a2   0x00000002   Code   RO          989    .ARM.Collect$$libinit$$00000033  c_w.l(libinit2.o)
    0x080001a4   0x080001a4   0x00000002   Code   RO         1011    .ARM.Collect$$libshutdown$$00000000  c_w.l(libshutdown.o)
    0x080001a6   0x080001a6   0x00000000   Code   RO         1026    .ARM.Collect$$libshutdown$$00000002  c_w.l(libshutdown2.o)
    0x080001a6   0x080001a6   0x00000000   Code   RO         1028    .ARM.Collect$$libshutdown$$00000004  c_w.l(libshutdown2.o)
    0x080001a6   0x080001a6   0x00000000   Code   RO         1031    .ARM.Collect$$libshutdown$$00000007  c_w.l(libshutdown2.o)
    0x080001a6   0x080001a6   0x00000000   Code   RO         1034    .ARM.Collect$$libshutdown$$0000000A  c_w.l(libshutdown2.o)
    0x080001a6   0x080001a6   0x00000000   Code   RO         1036    .ARM.Collect$$libshutdown$$0000000C  c_w.l(libshutdown2.o)
    0x080001a6   0x080001a6   0x00000000   Code   RO         1039    .ARM.Collect$$libshutdown$$0000000F  c_w.l(libshutdown2.o)
    0x080001a6   0x080001a6   0x00000002   Code   RO         1040    .ARM.Collect$$libshutdown$$00000010  c_w.l(libshutdown2.o)
    0x080001a8   0x080001a8   0x00000000   Code   RO          914    .ARM.Collect$$rtentry$$00000000  c_w.l(__rtentry.o)
    0x080001a8   0x080001a8   0x00000000   Code   RO          916    .ARM.Collect$$rtentry$$00000002  c_w.l(__rtentry2.o)
    0x080001a8   0x080001a8   0x00000006   Code   RO          928    .ARM.Collect$$rtentry$$00000004  c_w.l(__rtentry4.o)
    0x080001ae   0x080001ae   0x00000000   Code   RO          918    .ARM.Collect$$rtentry$$00000009  c_w.l(__rtentry2.o)
    0x080001ae   0x080001ae   0x00000004   Code   RO          919    .ARM.Collect$$rtentry$$0000000A  c_w.l(__rtentry2.o)
    0x080001b2   0x080001b2   0x00000000   Code   RO          921    .ARM.Collect$$rtentry$$0000000C  c_w.l(__rtentry2.o)
    0x080001b2   0x080001b2   0x00000008   Code   RO          922    .ARM.Collect$$rtentry$$0000000D  c_w.l(__rtentry2.o)
    0x080001ba   0x080001ba   0x00000002   Code   RO          943    .ARM.Collect$$rtexit$$00000000  c_w.l(rtexit.o)
    0x080001bc   0x080001bc   0x00000000   Code   RO          991    .ARM.Collect$$rtexit$$00000002  c_w.l(rtexit2.o)
    0x080001bc   0x080001bc   0x00000004   Code   RO          992    .ARM.Collect$$rtexit$$00000003  c_w.l(rtexit2.o)
    0x080001c0   0x080001c0   0x00000006   Code   RO          993    .ARM.Collect$$rtexit$$00000004  c_w.l(rtexit2.o)
    0x080001c6   0x080001c6   0x00000002   PAD
    0x080001c8   0x080001c8   0x00000040   Code   RO            4    .text               startup_stm32f103xb.o
    0x08000208   0x08000208   0x0000004e   Code   RO          908    .text               c_w.l(rt_memclr_w.o)
    0x08000256   0x08000256   0x00000006   Code   RO          910    .text               c_w.l(heapauxi.o)
    0x0800025c   0x0800025c   0x0000004a   Code   RO          930    .text               c_w.l(sys_stackheap_outer.o)
    0x080002a6   0x080002a6   0x00000012   Code   RO          932    .text               c_w.l(exit.o)
    0x080002b8   0x080002b8   0x00000008   Code   RO          940    .text               c_w.l(libspace.o)
    0x080002c0   0x080002c0   0x0000000c   Code   RO         1001    .text               c_w.l(sys_exit.o)
    0x080002cc   0x080002cc   0x00000002   Code   RO         1016    .text               c_w.l(use_no_semi.o)
    0x080002ce   0x080002ce   0x00000000   Code   RO         1018    .text               c_w.l(indicate_semi.o)
    0x080002ce   0x080002ce   0x00000002   PAD
    0x080002d0   0x080002d0   0x00000004   Code   RO           33    .text.BusFault_Handler  stm32f1xx_it.o
    0x080002d4   0x080002d4   0x0000005c   Code   RO          672    .text.CDC_Control_FS  usbd_cdc_if.o
    0x08000330   0x08000330   0x00000004   Code   RO          670    .text.CDC_DeInit_FS  usbd_cdc_if.o
    0x08000334   0x08000334   0x00000032   Code   RO          668    .text.CDC_Init_FS   usbd_cdc_if.o
    0x08000366   0x08000366   0x00000002   PAD
    0x08000368   0x08000368   0x00000024   Code   RO          674    .text.CDC_Receive_FS  usbd_cdc_if.o
    0x0800038c   0x0800038c   0x00000002   Code   RO           39    .text.DebugMon_Handler  stm32f1xx_it.o
    0x0800038e   0x0800038e   0x00000002   PAD
    0x08000390   0x08000390   0x0000000e   Code   RO           17    .text.Error_Handler  main.o
    0x0800039e   0x0800039e   0x00000002   PAD
    0x080003a0   0x080003a0   0x0000005c   Code   RO          651    .text.Get_SerialNum  usbd_desc.o
    0x080003fc   0x080003fc   0x0000000c   Code   RO          246    .text.HAL_GetTick   stm32f1xx_hal.o
    0x08000408   0x08000408   0x0000001a   Code   RO          244    .text.HAL_IncTick   stm32f1xx_hal.o
    0x08000422   0x08000422   0x00000002   PAD
    0x08000424   0x08000424   0x00000026   Code   RO          234    .text.HAL_Init      stm32f1xx_hal.o
    0x0800044a   0x0800044a   0x00000002   PAD
    0x0800044c   0x0800044c   0x00000070   Code   RO          236    .text.HAL_InitTick  stm32f1xx_hal.o
    0x080004bc   0x080004bc   0x00000064   Code   RO           54    .text.HAL_MspInit   stm32f1xx_hal_msp.o
    0x08000520   0x08000520   0x00000014   Code   RO          416    .text.HAL_NVIC_EnableIRQ  stm32f1xx_hal_cortex.o
    0x08000534   0x08000534   0x00000032   Code   RO          408    .text.HAL_NVIC_SetPriority  stm32f1xx_hal_cortex.o
    0x08000566   0x08000566   0x00000002   PAD
    0x08000568   0x08000568   0x00000010   Code   RO          404    .text.HAL_NVIC_SetPriorityGrouping  stm32f1xx_hal_cortex.o
    0x08000578   0x08000578   0x0000007a   Code   RO          156    .text.HAL_PCDEx_PMAConfig  stm32f1xx_hal_pcd_ex.o
    0x080005f2   0x080005f2   0x00000002   PAD
    0x080005f4   0x080005f4   0x0000001a   Code   RO          750    .text.HAL_PCDEx_SetConnectionState  usbd_conf.o
    0x0800060e   0x0800060e   0x00000002   PAD
    0x08000610   0x08000610   0x00000026   Code   RO          696    .text.HAL_PCD_DataInStageCallback  usbd_conf.o
    0x08000636   0x08000636   0x00000002   PAD
    0x08000638   0x08000638   0x00000028   Code   RO          694    .text.HAL_PCD_DataOutStageCallback  usbd_conf.o
    0x08000660   0x08000660   0x000000a8   Code   RO          123    .text.HAL_PCD_EP_Close  stm32f1xx_hal_pcd.o
    0x08000708   0x08000708   0x000000c8   Code   RO          133    .text.HAL_PCD_EP_ClrStall  stm32f1xx_hal_pcd.o
    0x080007d0   0x080007d0   0x000001fc   Code   RO          145    .text.HAL_PCD_EP_DB_Receive  stm32f1xx_hal_pcd.o
    0x080009cc   0x080009cc   0x0000074c   Code   RO          147    .text.HAL_PCD_EP_DB_Transmit  stm32f1xx_hal_pcd.o
    0x08001118   0x08001118   0x00000022   Code   RO          127    .text.HAL_PCD_EP_GetRxCount  stm32f1xx_hal_pcd.o
    0x0800113a   0x0800113a   0x00000002   PAD
    0x0800113c   0x0800113c   0x000000da   Code   RO          121    .text.HAL_PCD_EP_Open  stm32f1xx_hal_pcd.o
    0x08001216   0x08001216   0x00000002   PAD
    0x08001218   0x08001218   0x0000005a   Code   RO          125    .text.HAL_PCD_EP_Receive  stm32f1xx_hal_pcd.o
    0x08001272   0x08001272   0x00000002   PAD
    0x08001274   0x08001274   0x000000dc   Code   RO          131    .text.HAL_PCD_EP_SetStall  stm32f1xx_hal_pcd.o
    0x08001350   0x08001350   0x00000066   Code   RO          129    .text.HAL_PCD_EP_Transmit  stm32f1xx_hal_pcd.o
    0x080013b6   0x080013b6   0x00000002   PAD
    0x080013b8   0x080013b8   0x00000204   Code   RO           87    .text.HAL_PCD_IRQHandler  stm32f1xx_hal_pcd.o
    0x080015bc   0x080015bc   0x00000248   Code   RO           75    .text.HAL_PCD_Init  stm32f1xx_hal_pcd.o
    0x08001804   0x08001804   0x0000004e   Code   RO          688    .text.HAL_PCD_MspInit  usbd_conf.o
    0x08001852   0x08001852   0x00000002   PAD
    0x08001854   0x08001854   0x00000038   Code   RO          700    .text.HAL_PCD_ResetCallback  usbd_conf.o
    0x0800188c   0x0800188c   0x00000014   Code   RO          704    .text.HAL_PCD_ResumeCallback  usbd_conf.o
    0x080018a0   0x080018a0   0x00000014   Code   RO          698    .text.HAL_PCD_SOFCallback  usbd_conf.o
    0x080018b4   0x080018b4   0x0000005e   Code   RO           93    .text.HAL_PCD_SetAddress  stm32f1xx_hal_pcd.o
    0x08001912   0x08001912   0x00000002   PAD
    0x08001914   0x08001914   0x00000018   Code   RO          692    .text.HAL_PCD_SetupStageCallback  usbd_conf.o
    0x0800192c   0x0800192c   0x0000005c   Code   RO           83    .text.HAL_PCD_Start  stm32f1xx_hal_pcd.o
    0x08001988   0x08001988   0x0000002e   Code   RO          702    .text.HAL_PCD_SuspendCallback  usbd_conf.o
    0x080019b6   0x080019b6   0x00000002   PAD
    0x080019b8   0x080019b8   0x000001c8   Code   RO          333    .text.HAL_RCCEx_PeriphCLKConfig  stm32f1xx_hal_rcc_ex.o
    0x08001b80   0x08001b80   0x00000256   Code   RO          300    .text.HAL_RCC_ClockConfig  stm32f1xx_hal_rcc.o
    0x08001dd6   0x08001dd6   0x00000002   PAD
    0x08001dd8   0x08001dd8   0x000000bc   Code   RO          302    .text.HAL_RCC_GetSysClockFreq  stm32f1xx_hal_rcc.o
    0x08001e94   0x08001e94   0x0000067a   Code   RO          296    .text.HAL_RCC_OscConfig  stm32f1xx_hal_rcc.o
    0x0800250e   0x0800250e   0x00000002   PAD
    0x08002510   0x08002510   0x00000010   Code   RO          428    .text.HAL_SYSTICK_Config  stm32f1xx_hal_cortex.o
    0x08002520   0x08002520   0x00000004   Code   RO           29    .text.HardFault_Handler  stm32f1xx_it.o
    0x08002524   0x08002524   0x00000076   Code   RO          653    .text.IntToUnicode  usbd_desc.o
    0x0800259a   0x0800259a   0x00000002   PAD
    0x0800259c   0x0800259c   0x00000042   Code   RO           15    .text.MX_GPIO_Init  main.o
    0x080025de   0x080025de   0x00000002   PAD
    0x080025e0   0x080025e0   0x00000076   Code   RO          628    .text.MX_USB_DEVICE_Init  usb_device.o
    0x08002656   0x08002656   0x00000002   PAD
    0x08002658   0x08002658   0x00000004   Code   RO           31    .text.MemManage_Handler  stm32f1xx_it.o
    0x0800265c   0x0800265c   0x00000004   Code   RO           27    .text.NMI_Handler   stm32f1xx_it.o
    0x08002660   0x08002660   0x0000006c   Code   RO          414    .text.NVIC_EncodePriority  stm32f1xx_hal_cortex.o
    0x080026cc   0x080026cc   0x00000712   Code   RO           89    .text.PCD_EP_ISR_Handler  stm32f1xx_hal_pcd.o
    0x08002dde   0x08002dde   0x00000002   PAD
    0x08002de0   0x08002de0   0x00000002   Code   RO           41    .text.PendSV_Handler  stm32f1xx_it.o
    0x08002de2   0x08002de2   0x00000002   PAD
    0x08002de4   0x08002de4   0x0000003a   Code   RO          298    .text.RCC_Delay     stm32f1xx_hal_rcc.o
    0x08002e1e   0x08002e1e   0x00000002   PAD
    0x08002e20   0x08002e20   0x00000002   Code   RO           37    .text.SVC_Handler   stm32f1xx_it.o
    0x08002e22   0x08002e22   0x00000002   PAD
    0x08002e24   0x08002e24   0x00000052   Code   RO          430    .text.SysTick_Config  stm32f1xx_hal_cortex.o
    0x08002e76   0x08002e76   0x00000002   PAD
    0x08002e78   0x08002e78   0x00000008   Code   RO           43    .text.SysTick_Handler  stm32f1xx_it.o
    0x08002e80   0x08002e80   0x0000008e   Code   RO           13    .text.SystemClock_Config  main.o
    0x08002f0e   0x08002f0e   0x00000002   PAD
    0x08002f10   0x08002f10   0x00000002   Code   RO          614    .text.SystemInit    system_stm32f1xx.o
    0x08002f12   0x08002f12   0x00000002   PAD
    0x08002f14   0x08002f14   0x0000009e   Code   RO          873    .text.USBD_CDC_DataIn  usbd_cdc.o
    0x08002fb2   0x08002fb2   0x00000002   PAD
    0x08002fb4   0x08002fb4   0x00000058   Code   RO          875    .text.USBD_CDC_DataOut  usbd_cdc.o
    0x0800300c   0x0800300c   0x0000006e   Code   RO          867    .text.USBD_CDC_DeInit  usbd_cdc.o
    0x0800307a   0x0800307a   0x00000002   PAD
    0x0800307c   0x0800307c   0x00000048   Code   RO          871    .text.USBD_CDC_EP0_RxReady  usbd_cdc.o
    0x080030c4   0x080030c4   0x00000016   Code   RO          883    .text.USBD_CDC_GetDeviceQualifierDescriptor  usbd_cdc.o
    0x080030da   0x080030da   0x00000002   PAD
    0x080030dc   0x080030dc   0x00000016   Code   RO          879    .text.USBD_CDC_GetFSCfgDesc  usbd_cdc.o
    0x080030f2   0x080030f2   0x00000002   PAD
    0x080030f4   0x080030f4   0x00000016   Code   RO          877    .text.USBD_CDC_GetHSCfgDesc  usbd_cdc.o
    0x0800310a   0x0800310a   0x00000002   PAD
    0x0800310c   0x0800310c   0x00000016   Code   RO          881    .text.USBD_CDC_GetOtherSpeedCfgDesc  usbd_cdc.o
    0x08003122   0x08003122   0x00000002   PAD
    0x08003124   0x08003124   0x000000fc   Code   RO          865    .text.USBD_CDC_Init  usbd_cdc.o
    0x08003220   0x08003220   0x0000005e   Code   RO          893    .text.USBD_CDC_ReceivePacket  usbd_cdc.o
    0x0800327e   0x0800327e   0x00000002   PAD
    0x08003280   0x08003280   0x0000002a   Code   RO          885    .text.USBD_CDC_RegisterInterface  usbd_cdc.o
    0x080032aa   0x080032aa   0x00000002   PAD
    0x080032ac   0x080032ac   0x0000001c   Code   RO          889    .text.USBD_CDC_SetRxBuffer  usbd_cdc.o
    0x080032c8   0x080032c8   0x0000002a   Code   RO          887    .text.USBD_CDC_SetTxBuffer  usbd_cdc.o
    0x080032f2   0x080032f2   0x00000002   PAD
    0x080032f4   0x080032f4   0x0000015e   Code   RO          869    .text.USBD_CDC_Setup  usbd_cdc.o
    0x08003452   0x08003452   0x00000002   PAD
    0x08003454   0x08003454   0x0000001e   Code   RO          775    .text.USBD_ClrClassConfig  usbd_core.o
    0x08003472   0x08003472   0x00000002   PAD
    0x08003474   0x08003474   0x00000040   Code   RO          822    .text.USBD_ClrFeature  usbd_ctlreq.o
    0x080034b4   0x080034b4   0x00000022   Code   RO          850    .text.USBD_CtlContinueRx  usbd_ioreq.o
    0x080034d6   0x080034d6   0x00000002   PAD
    0x080034d8   0x080034d8   0x00000022   Code   RO          846    .text.USBD_CtlContinueSendData  usbd_ioreq.o
    0x080034fa   0x080034fa   0x00000002   PAD
    0x080034fc   0x080034fc   0x0000001c   Code   RO          824    .text.USBD_CtlError  usbd_ctlreq.o
    0x08003518   0x08003518   0x0000003e   Code   RO          848    .text.USBD_CtlPrepareRx  usbd_ioreq.o
    0x08003556   0x08003556   0x00000002   PAD
    0x08003558   0x08003558   0x00000022   Code   RO          854    .text.USBD_CtlReceiveStatus  usbd_ioreq.o
    0x0800357a   0x0800357a   0x00000002   PAD
    0x0800357c   0x0800357c   0x0000003a   Code   RO          844    .text.USBD_CtlSendData  usbd_ioreq.o
    0x080035b6   0x080035b6   0x00000002   PAD
    0x080035b8   0x080035b8   0x00000022   Code   RO          852    .text.USBD_CtlSendStatus  usbd_ioreq.o
    0x080035da   0x080035da   0x00000002   PAD
    0x080035dc   0x080035dc   0x0000004e   Code   RO          647    .text.USBD_FS_ConfigStrDescriptor  usbd_desc.o
    0x0800362a   0x0800362a   0x00000002   PAD
    0x0800362c   0x0800362c   0x0000001a   Code   RO          637    .text.USBD_FS_DeviceDescriptor  usbd_desc.o
    0x08003646   0x08003646   0x00000002   PAD
    0x08003648   0x08003648   0x0000004e   Code   RO          649    .text.USBD_FS_InterfaceStrDescriptor  usbd_desc.o
    0x08003696   0x08003696   0x00000002   PAD
    0x08003698   0x08003698   0x0000001a   Code   RO          639    .text.USBD_FS_LangIDStrDescriptor  usbd_desc.o
    0x080036b2   0x080036b2   0x00000002   PAD
    0x080036b4   0x080036b4   0x00000028   Code   RO          641    .text.USBD_FS_ManufacturerStrDescriptor  usbd_desc.o
    0x080036dc   0x080036dc   0x0000004e   Code   RO          643    .text.USBD_FS_ProductStrDescriptor  usbd_desc.o
    0x0800372a   0x0800372a   0x00000002   PAD
    0x0800372c   0x0800372c   0x00000020   Code   RO          645    .text.USBD_FS_SerialStrDescriptor  usbd_desc.o
    0x0800374c   0x0800374c   0x00000064   Code   RO          816    .text.USBD_GetConfig  usbd_ctlreq.o
    0x080037b0   0x080037b0   0x000002d6   Code   RO          810    .text.USBD_GetDescriptor  usbd_ctlreq.o
    0x08003a86   0x08003a86   0x00000002   PAD
    0x08003a88   0x08003a88   0x0000002e   Code   RO          834    .text.USBD_GetLen   usbd_ctlreq.o
    0x08003ab6   0x08003ab6   0x00000002   PAD
    0x08003ab8   0x08003ab8   0x00000062   Code   RO          818    .text.USBD_GetStatus  usbd_ctlreq.o
    0x08003b1a   0x08003b1a   0x00000002   PAD
    0x08003b1c   0x08003b1c   0x00000082   Code   RO          832    .text.USBD_GetString  usbd_ctlreq.o
    0x08003b9e   0x08003b9e   0x00000002   PAD
    0x08003ba0   0x08003ba0   0x00000052   Code   RO          718    .text.USBD_Get_USB_Status  usbd_conf.o
    0x08003bf2   0x08003bf2   0x00000002   PAD
    0x08003bf4   0x08003bf4   0x00000064   Code   RO          761    .text.USBD_Init     usbd_core.o
    0x08003c58   0x08003c58   0x0000003a   Code   RO          732    .text.USBD_LL_ClearStallEP  usbd_conf.o
    0x08003c92   0x08003c92   0x00000002   PAD
    0x08003c94   0x08003c94   0x0000003a   Code   RO          726    .text.USBD_LL_CloseEP  usbd_conf.o
    0x08003cce   0x08003cce   0x00000002   PAD
    0x08003cd0   0x08003cd0   0x00000162   Code   RO          781    .text.USBD_LL_DataInStage  usbd_core.o
    0x08003e32   0x08003e32   0x00000002   PAD
    0x08003e34   0x08003e34   0x00000102   Code   RO          779    .text.USBD_LL_DataOutStage  usbd_core.o
    0x08003f36   0x08003f36   0x00000002   PAD
    0x08003f38   0x08003f38   0x0000001c   Code   RO          742    .text.USBD_LL_GetRxDataSize  usbd_conf.o
    0x08003f54   0x08003f54   0x000000a0   Code   RO          714    .text.USBD_LL_Init  usbd_conf.o
    0x08003ff4   0x08003ff4   0x0000005c   Code   RO          734    .text.USBD_LL_IsStallEP  usbd_conf.o
    0x08004050   0x08004050   0x0000004a   Code   RO          724    .text.USBD_LL_OpenEP  usbd_conf.o
    0x0800409a   0x0800409a   0x00000002   PAD
    0x0800409c   0x0800409c   0x00000046   Code   RO          740    .text.USBD_LL_PrepareReceive  usbd_conf.o
    0x080040e2   0x080040e2   0x00000002   PAD
    0x080040e4   0x080040e4   0x00000074   Code   RO          783    .text.USBD_LL_Reset  usbd_core.o
    0x08004158   0x08004158   0x00000022   Code   RO          789    .text.USBD_LL_Resume  usbd_core.o
    0x0800417a   0x0800417a   0x00000002   PAD
    0x0800417c   0x0800417c   0x00000032   Code   RO          791    .text.USBD_LL_SOF   usbd_core.o
    0x080041ae   0x080041ae   0x00000002   PAD
    0x080041b0   0x080041b0   0x00000016   Code   RO          785    .text.USBD_LL_SetSpeed  usbd_core.o
    0x080041c6   0x080041c6   0x00000002   PAD
    0x080041c8   0x080041c8   0x0000003a   Code   RO          736    .text.USBD_LL_SetUSBAddress  usbd_conf.o
    0x08004202   0x08004202   0x00000002   PAD
    0x08004204   0x08004204   0x00000082   Code   RO          777    .text.USBD_LL_SetupStage  usbd_core.o
    0x08004286   0x08004286   0x00000002   PAD
    0x08004288   0x08004288   0x0000003a   Code   RO          730    .text.USBD_LL_StallEP  usbd_conf.o
    0x080042c2   0x080042c2   0x00000002   PAD
    0x080042c4   0x080042c4   0x00000032   Code   RO          720    .text.USBD_LL_Start  usbd_conf.o
    0x080042f6   0x080042f6   0x00000002   PAD
    0x080042f8   0x080042f8   0x0000001c   Code   RO          787    .text.USBD_LL_Suspend  usbd_core.o
    0x08004314   0x08004314   0x00000046   Code   RO          738    .text.USBD_LL_Transmit  usbd_conf.o
    0x0800435a   0x0800435a   0x00000002   PAD
    0x0800435c   0x0800435c   0x00000044   Code   RO          830    .text.USBD_ParseSetupRequest  usbd_ctlreq.o
    0x080043a0   0x080043a0   0x00000032   Code   RO          765    .text.USBD_RegisterClass  usbd_core.o
    0x080043d2   0x080043d2   0x00000002   PAD
    0x080043d4   0x080043d4   0x0000000a   Code   RO          771    .text.USBD_RunTestMode  usbd_core.o
    0x080043de   0x080043de   0x00000002   PAD
    0x080043e0   0x080043e0   0x0000008c   Code   RO          812    .text.USBD_SetAddress  usbd_ctlreq.o
    0x0800446c   0x0800446c   0x0000003e   Code   RO          773    .text.USBD_SetClassConfig  usbd_core.o
    0x080044aa   0x080044aa   0x00000002   PAD
    0x080044ac   0x080044ac   0x00000138   Code   RO          814    .text.USBD_SetConfig  usbd_ctlreq.o
    0x080045e4   0x080045e4   0x00000026   Code   RO          820    .text.USBD_SetFeature  usbd_ctlreq.o
    0x0800460a   0x0800460a   0x00000002   PAD
    0x0800460c   0x0800460c   0x00000012   Code   RO          767    .text.USBD_Start    usbd_core.o
    0x0800461e   0x0800461e   0x00000002   PAD
    0x08004620   0x08004620   0x000000bc   Code   RO          808    .text.USBD_StdDevReq  usbd_ctlreq.o
    0x080046dc   0x080046dc   0x00000336   Code   RO          828    .text.USBD_StdEPReq  usbd_ctlreq.o
    0x08004a12   0x08004a12   0x00000002   PAD
    0x08004a14   0x08004a14   0x00000098   Code   RO          826    .text.USBD_StdItfReq  usbd_ctlreq.o
    0x08004aac   0x08004aac   0x00000008   Code   RO          748    .text.USBD_static_free  usbd_conf.o
    0x08004ab4   0x08004ab4   0x00000010   Code   RO          746    .text.USBD_static_malloc  usbd_conf.o
    0x08004ac4   0x08004ac4   0x00000696   Code   RO          185    .text.USB_ActivateEndpoint  stm32f1xx_ll_usb.o
    0x0800515a   0x0800515a   0x00000002   PAD
    0x0800515c   0x0800515c   0x0000002e   Code   RO          171    .text.USB_CoreInit  stm32f1xx_ll_usb.o
    0x0800518a   0x0800518a   0x00000002   PAD
    0x0800518c   0x0800518c   0x00000360   Code   RO          187    .text.USB_DeactivateEndpoint  stm32f1xx_ll_usb.o
    0x080054ec   0x080054ec   0x0000000a   Code   RO          203    .text.USB_DevConnect  stm32f1xx_ll_usb.o
    0x080054f6   0x080054f6   0x00000002   PAD
    0x080054f8   0x080054f8   0x0000000a   Code   RO          205    .text.USB_DevDisconnect  stm32f1xx_ll_usb.o
    0x08005502   0x08005502   0x00000002   PAD
    0x08005504   0x08005504   0x00000048   Code   RO          179    .text.USB_DevInit   stm32f1xx_ll_usb.o
    0x0800554c   0x0800554c   0x0000001e   Code   RO          175    .text.USB_DisableGlobalInt  stm32f1xx_ll_usb.o
    0x0800556a   0x0800556a   0x00000002   PAD
    0x0800556c   0x0800556c   0x0000000c   Code   RO          219    .text.USB_EP0_OutStart  stm32f1xx_ll_usb.o
    0x08005578   0x08005578   0x00000148   Code   RO          195    .text.USB_EPClearStall  stm32f1xx_ll_usb.o
    0x080056c0   0x080056c0   0x00000088   Code   RO          193    .text.USB_EPSetStall  stm32f1xx_ll_usb.o
    0x08005748   0x08005748   0x00000e16   Code   RO          189    .text.USB_EPStartXfer  stm32f1xx_ll_usb.o
    0x0800655e   0x0800655e   0x00000002   PAD
    0x08006560   0x08006560   0x0000001e   Code   RO          173    .text.USB_EnableGlobalInt  stm32f1xx_ll_usb.o
    0x0800657e   0x0800657e   0x00000002   PAD
    0x08006580   0x08006580   0x00000010   Code   RO           45    .text.USB_LP_CAN1_RX0_IRQHandler  stm32f1xx_it.o
    0x08006590   0x08006590   0x00000012   Code   RO          207    .text.USB_ReadInterrupts  stm32f1xx_ll_usb.o
    0x080065a2   0x080065a2   0x00000002   PAD
    0x080065a4   0x080065a4   0x0000008c   Code   RO          225    .text.USB_ReadPMA   stm32f1xx_ll_usb.o
    0x08006630   0x08006630   0x0000000e   Code   RO          177    .text.USB_SetCurrentMode  stm32f1xx_ll_usb.o
    0x0800663e   0x0800663e   0x00000002   PAD
    0x08006640   0x08006640   0x00000020   Code   RO          201    .text.USB_SetDevAddress  stm32f1xx_ll_usb.o
    0x08006660   0x08006660   0x00000082   Code   RO          191    .text.USB_WritePMA  stm32f1xx_ll_usb.o
    0x080066e2   0x080066e2   0x00000002   PAD
    0x080066e4   0x080066e4   0x00000004   Code   RO           35    .text.UsageFault_Handler  stm32f1xx_it.o
    0x080066e8   0x080066e8   0x00000030   Code   RO          418    .text.__NVIC_EnableIRQ  stm32f1xx_hal_cortex.o
    0x08006718   0x08006718   0x00000010   Code   RO          410    .text.__NVIC_GetPriorityGrouping  stm32f1xx_hal_cortex.o
    0x08006728   0x08006728   0x00000042   Code   RO          412    .text.__NVIC_SetPriority  stm32f1xx_hal_cortex.o
    0x0800676a   0x0800676a   0x00000002   PAD
    0x0800676c   0x0800676c   0x0000003c   Code   RO          406    .text.__NVIC_SetPriorityGrouping  stm32f1xx_hal_cortex.o
    0x080067a8   0x080067a8   0x0000001c   Code   RO           11    .text.main          main.o
    0x080067c4   0x080067c4   0x00000010   Data   RO          619    .rodata.AHBPrescTable  system_stm32f1xx.o
    0x080067d4   0x080067d4   0x00000010   Data   RO          324    .rodata.HAL_RCC_GetSysClockFreq.aPLLMULFactorTable  stm32f1xx_hal_rcc.o
    0x080067e4   0x080067e4   0x00000002   Data   RO          325    .rodata.HAL_RCC_GetSysClockFreq.aPredivFactorTable  stm32f1xx_hal_rcc.o
    0x080067e6   0x080067e6   0x00000042   Data   RO          659    .rodata.str1.1      usbd_desc.o
    0x08006828   0x08006828   0x00000020   Data   RO         1074    Region$$Table       anon$$obj.o


    Execution Region RW_IRAM1 (Exec base: 0x20000000, Load base: 0x08006848, Size: 0x000019b8, Max: 0x00005000, ABSOLUTE, COMPRESSED[0x000000c0])

    Exec Addr    Load Addr    Size         Type   Attr      Idx    E Section Name        Object

    0x20000000   COMPRESSED   0x0000001c   Data   RW          655    .data.FS_Desc       usbd_desc.o
    0x2000001c   COMPRESSED   0x00000004   Data   RW          618    .data.SystemCoreClock  system_stm32f1xx.o
    0x20000020   COMPRESSED   0x00000038   Data   RW          895    .data.USBD_CDC      usbd_cdc.o
    0x20000058   COMPRESSED   0x00000043   Data   RW          897    .data.USBD_CDC_CfgFSDesc  usbd_cdc.o
    0x2000009b   COMPRESSED   0x00000001   PAD
    0x2000009c   COMPRESSED   0x00000043   Data   RW          896    .data.USBD_CDC_CfgHSDesc  usbd_cdc.o
    0x200000df   COMPRESSED   0x00000001   PAD
    0x200000e0   COMPRESSED   0x0000000a   Data   RW          899    .data.USBD_CDC_DeviceQualifierDesc  usbd_cdc.o
    0x200000ea   COMPRESSED   0x00000002   PAD
    0x200000ec   COMPRESSED   0x00000043   Data   RW          898    .data.USBD_CDC_OtherSpeedCfgDesc  usbd_cdc.o
    0x2000012f   COMPRESSED   0x00000001   PAD
    0x20000130   COMPRESSED   0x00000012   Data   RW          656    .data.USBD_FS_DeviceDesc  usbd_desc.o
    0x20000142   COMPRESSED   0x00000002   PAD
    0x20000144   COMPRESSED   0x00000010   Data   RW          678    .data.USBD_Interface_fops_FS  usbd_cdc_if.o
    0x20000154   COMPRESSED   0x00000004   Data   RW          657    .data.USBD_LangIDDesc  usbd_desc.o
    0x20000158   COMPRESSED   0x0000001a   Data   RW          658    .data.USBD_StringSerial  usbd_desc.o
    0x20000172   COMPRESSED   0x00000001   Data   RW          285    .data.uwTickFreq    stm32f1xx_hal.o
    0x20000173   COMPRESSED   0x00000001   PAD
    0x20000174   COMPRESSED   0x00000004   Data   RW          284    .data.uwTickPrio    stm32f1xx_hal.o
    0x20000178        -       0x00000060   Zero   RW          941    .bss                c_w.l(libspace.o)
    0x200001d8        -       0x00000001   Zero   RW          836    .bss.USBD_SetConfig.cfgidx  usbd_ctlreq.o
    0x200001d9   COMPRESSED   0x00000003   PAD
    0x200001dc        -       0x00000200   Zero   RW          660    .bss.USBD_StrDesc   usbd_desc.o
    0x200003dc        -       0x00000220   Zero   RW          753    .bss.USBD_static_malloc.mem  usbd_conf.o
    0x200005fc        -       0x00000400   Zero   RW          679    .bss.UserRxBufferFS  usbd_cdc_if.o
    0x200009fc        -       0x00000400   Zero   RW          680    .bss.UserTxBufferFS  usbd_cdc_if.o
    0x20000dfc        -       0x000002c4   Zero   RW          630    .bss.hUsbDeviceFS   usb_device.o
    0x200010c0        -       0x000002f0   Zero   RW          752    .bss.hpcd_USB_FS    usbd_conf.o
    0x200013b0        -       0x00000004   Zero   RW          286    .bss.uwTick         stm32f1xx_hal.o
    0x200013b4   COMPRESSED   0x00000004   PAD
    0x200013b8        -       0x00000200   Zero   RW            2    HEAP                startup_stm32f103xb.o
    0x200015b8        -       0x00000400   Zero   RW            1    STACK               startup_stm32f103xb.o


==============================================================================

Image component sizes


      Code (inc. data)   RO Data    RW Data    ZI Data      Debug   Object Name

       250          0          0          0          0       2329   main.o
        64         26        236          0       1536        748   startup_stm32f103xb.o
       188          0          0          5          4       5504   stm32f1xx_hal.o
       482          0          0          0          0       7461   stm32f1xx_hal_cortex.o
       100          0          0          0          0       1143   stm32f1xx_hal_msp.o
      6504          0          0          0          0      13861   stm32f1xx_hal_pcd.o
       122          0          0          0          0       3971   stm32f1xx_hal_pcd_ex.o
      2502          0         18          0          0       7355   stm32f1xx_hal_rcc.o
       456          0          0          0          0       3062   stm32f1xx_hal_rcc_ex.o
        50          0          0          0          0       1068   stm32f1xx_it.o
      7164          4          0          0          0      11866   stm32f1xx_ll_usb.o
         2          0         16          4          0       1514   system_stm32f1xx.o
       118          0          0          0        708       2786   usb_device.o
      1324          0          0        267          0       9065   usbd_cdc.o
       182         36          0         16       2048       2303   usbd_cdc_if.o
      1230          4          0          0       1296      12385   usbd_conf.o
      1262          0          0          0          0       6513   usbd_core.o
      2912         30          0          0          1       7440   usbd_ctlreq.o
       568          0         66         76        512       3031   usbd_desc.o
       256          0          0          0          0       3822   usbd_ioreq.o

    ----------------------------------------------------------------------
     25908        100        368        376       6112     107227   Object Totals
         0          0         32          0          0          0   (incl. Generated)
       172          0          0          8          7          0   (incl. Padding)

    ----------------------------------------------------------------------

      Code (inc. data)   RO Data    RW Data    ZI Data      Debug   Library Member Name

        90          0          0          0          0          0   __dczerorl2.o
         8          0          0          0          0         68   __main.o
         0          0          0          0          0          0   __rtentry.o
        12          0          0          0          0          0   __rtentry2.o
         6          0          0          0          0          0   __rtentry4.o
        52          8          0          0          0          0   __scatter.o
        28          0          0          0          0          0   __scatter_zi.o
        18          0          0          0          0         80   exit.o
         6          0          0          0          0        152   heapauxi.o
         0          0          0          0          0          0   indicate_semi.o
         2          0          0          0          0          0   libinit.o
         2          0          0          0          0          0   libinit2.o
         2          0          0          0          0          0   libshutdown.o
         2          0          0          0          0          0   libshutdown2.o
         8          4          0          0         96         68   libspace.o
        78          0          0          0          0         80   rt_memclr_w.o
         2          0          0          0          0          0   rtexit.o
        10          0          0          0          0          0   rtexit2.o
        12          4          0          0          0         68   sys_exit.o
        74          0          0          0          0         80   sys_stackheap_outer.o
         2          0          0          0          0         68   use_no_semi.o

    ----------------------------------------------------------------------
       420         16          0          0         96        664   Library Totals
         6          0          0          0          0          0   (incl. Padding)

    ----------------------------------------------------------------------

      Code (inc. data)   RO Data    RW Data    ZI Data      Debug   Library Name

       414         16          0          0         96        664   c_w.l

    ----------------------------------------------------------------------
       420         16          0          0         96        664   Library Totals

    ----------------------------------------------------------------------

==============================================================================


      Code (inc. data)   RO Data    RW Data    ZI Data      Debug   

     26328        116        368        376       6208     107371   Grand Totals
     26328        116        368        192       6208     107371   ELF Image Totals (compressed)
     26328        116        368        192          0          0   ROM Totals

==============================================================================

    Total RO  Size (Code + RO Data)                26696 (  26.07kB)
    Total RW  Size (RW Data + ZI Data)              6584 (   6.43kB)
    Total ROM Size (Code + RO Data + RW Data)      26888 (  26.26kB)

==============================================================================

