Component: ARM Compiler 6.16 Tool: armlink [5dfeaa00]

==============================================================================

Section Cross References

    startup_stm32f103xb.o(STACK) refers (Special) to heapauxi.o(.text) for __use_two_region_memory
    startup_stm32f103xb.o(HEAP) refers (Special) to heapauxi.o(.text) for __use_two_region_memory
    startup_stm32f103xb.o(RESET) refers (Special) to heapauxi.o(.text) for __use_two_region_memory
    startup_stm32f103xb.o(RESET) refers to startup_stm32f103xb.o(STACK) for __initial_sp
    startup_stm32f103xb.o(RESET) refers to startup_stm32f103xb.o(.text) for Reset_Handler
    startup_stm32f103xb.o(RESET) refers to stm32f1xx_it.o(.text.NMI_Handler) for NMI_Handler
    startup_stm32f103xb.o(RESET) refers to stm32f1xx_it.o(.text.HardFault_Handler) for HardFault_Handler
    startup_stm32f103xb.o(RESET) refers to stm32f1xx_it.o(.text.MemManage_Handler) for MemManage_Handler
    startup_stm32f103xb.o(RESET) refers to stm32f1xx_it.o(.text.BusFault_Handler) for BusFault_Handler
    startup_stm32f103xb.o(RESET) refers to stm32f1xx_it.o(.text.UsageFault_Handler) for UsageFault_Handler
    startup_stm32f103xb.o(RESET) refers to stm32f1xx_it.o(.text.SVC_Handler) for SVC_Handler
    startup_stm32f103xb.o(RESET) refers to stm32f1xx_it.o(.text.DebugMon_Handler) for DebugMon_Handler
    startup_stm32f103xb.o(RESET) refers to stm32f1xx_it.o(.text.PendSV_Handler) for PendSV_Handler
    startup_stm32f103xb.o(RESET) refers to stm32f1xx_it.o(.text.SysTick_Handler) for SysTick_Handler
    startup_stm32f103xb.o(RESET) refers to stm32f1xx_it.o(.text.USB_LP_CAN1_RX0_IRQHandler) for USB_LP_CAN1_RX0_IRQHandler
    startup_stm32f103xb.o(RESET) refers to stm32f1xx_it.o(.text.TIM1_UP_IRQHandler) for TIM1_UP_IRQHandler
    startup_stm32f103xb.o(.text) refers (Special) to heapauxi.o(.text) for __use_two_region_memory
    startup_stm32f103xb.o(.text) refers to system_stm32f1xx.o(.text.SystemInit) for SystemInit
    startup_stm32f103xb.o(.text) refers to __main.o(!!!main) for __main
    startup_stm32f103xb.o(.text) refers to startup_stm32f103xb.o(HEAP) for Heap_Mem
    startup_stm32f103xb.o(.text) refers to startup_stm32f103xb.o(STACK) for Stack_Mem
    main.o(.text.main) refers to stm32f1xx_hal.o(.text.HAL_Init) for HAL_Init
    main.o(.text.main) refers to main.o(.text.SystemClock_Config) for SystemClock_Config
    main.o(.text.main) refers to main.o(.text.MX_GPIO_Init) for MX_GPIO_Init
    main.o(.text.main) refers to usb_device.o(.text.MX_USB_DEVICE_Init) for MX_USB_DEVICE_Init
    main.o(.text.main) refers to main.o(.text.MX_I2C1_Init) for MX_I2C1_Init
    main.o(.text.main) refers to main.o(.text.MX_TIM1_Init) for MX_TIM1_Init
    main.o(.ARM.exidx.text.main) refers to main.o(.text.main) for [Anonymous Symbol]
    main.o(.text.SystemClock_Config) refers to rt_memclr_w.o(.text) for __aeabi_memclr4
    main.o(.text.SystemClock_Config) refers to stm32f1xx_hal_rcc.o(.text.HAL_RCC_OscConfig) for HAL_RCC_OscConfig
    main.o(.text.SystemClock_Config) refers to main.o(.text.Error_Handler) for Error_Handler
    main.o(.text.SystemClock_Config) refers to stm32f1xx_hal_rcc.o(.text.HAL_RCC_ClockConfig) for HAL_RCC_ClockConfig
    main.o(.text.SystemClock_Config) refers to stm32f1xx_hal_rcc_ex.o(.text.HAL_RCCEx_PeriphCLKConfig) for HAL_RCCEx_PeriphCLKConfig
    main.o(.ARM.exidx.text.SystemClock_Config) refers to main.o(.text.SystemClock_Config) for [Anonymous Symbol]
    main.o(.ARM.exidx.text.MX_GPIO_Init) refers to main.o(.text.MX_GPIO_Init) for [Anonymous Symbol]
    main.o(.text.MX_I2C1_Init) refers to main.o(.bss.hi2c1) for hi2c1
    main.o(.text.MX_I2C1_Init) refers to stm32f1xx_hal_i2c.o(.text.HAL_I2C_Init) for HAL_I2C_Init
    main.o(.text.MX_I2C1_Init) refers to main.o(.text.Error_Handler) for Error_Handler
    main.o(.ARM.exidx.text.MX_I2C1_Init) refers to main.o(.text.MX_I2C1_Init) for [Anonymous Symbol]
    main.o(.text.MX_TIM1_Init) refers to main.o(.bss.htim1) for htim1
    main.o(.text.MX_TIM1_Init) refers to stm32f1xx_hal_tim.o(.text.HAL_TIM_Base_Init) for HAL_TIM_Base_Init
    main.o(.text.MX_TIM1_Init) refers to main.o(.text.Error_Handler) for Error_Handler
    main.o(.text.MX_TIM1_Init) refers to stm32f1xx_hal_tim.o(.text.HAL_TIM_ConfigClockSource) for HAL_TIM_ConfigClockSource
    main.o(.text.MX_TIM1_Init) refers to stm32f1xx_hal_tim_ex.o(.text.HAL_TIMEx_MasterConfigSynchronization) for HAL_TIMEx_MasterConfigSynchronization
    main.o(.ARM.exidx.text.MX_TIM1_Init) refers to main.o(.text.MX_TIM1_Init) for [Anonymous Symbol]
    main.o(.ARM.exidx.text.Error_Handler) refers to main.o(.text.Error_Handler) for [Anonymous Symbol]
    stm32f1xx_it.o(.ARM.exidx.text.NMI_Handler) refers to stm32f1xx_it.o(.text.NMI_Handler) for [Anonymous Symbol]
    stm32f1xx_it.o(.ARM.exidx.text.HardFault_Handler) refers to stm32f1xx_it.o(.text.HardFault_Handler) for [Anonymous Symbol]
[...]
    [Anonymous Symbol]                       0x08003174   Section        0  stm32f1xx_hal_tim.o(.text.HAL_TIM_OC_DelayElapsedCallback)
    [Anonymous Symbol]                       0x0800317c   Section        0  stm32f1xx_hal_tim.o(.text.HAL_TIM_PWM_PulseFinishedCallback)
    [Anonymous Symbol]                       0x08003184   Section        0  stm32f1xx_hal_tim.o(.text.HAL_TIM_PeriodElapsedCallback)
    [Anonymous Symbol]                       0x0800318c   Section        0  stm32f1xx_hal_tim.o(.text.HAL_TIM_TriggerCallback)
    [Anonymous Symbol]                       0x08003194   Section        0  stm32f1xx_it.o(.text.HardFault_Handler)
    IntToUnicode                             0x08003199   Thumb Code   118  usbd_desc.o(.text.IntToUnicode)
    [Anonymous Symbol]                       0x08003198   Section        0  usbd_desc.o(.text.IntToUnicode)
    MX_GPIO_Init                             0x08003211   Thumb Code    96  main.o(.text.MX_GPIO_Init)
    [Anonymous Symbol]                       0x08003210   Section        0  main.o(.text.MX_GPIO_Init)
    MX_I2C1_Init                             0x08003271   Thumb Code    72  main.o(.text.MX_I2C1_Init)
    [Anonymous Symbol]                       0x08003270   Section        0  main.o(.text.MX_I2C1_Init)
    MX_TIM1_Init                             0x080032b9   Thumb Code   136  main.o(.text.MX_TIM1_Init)
    [Anonymous Symbol]                       0x080032b8   Section        0  main.o(.text.MX_TIM1_Init)
    [Anonymous Symbol]                       0x08003340   Section        0  usb_device.o(.text.MX_USB_DEVICE_Init)
    [Anonymous Symbol]                       0x080033b8   Section        0  stm32f1xx_it.o(.text.MemManage_Handler)
    [Anonymous Symbol]                       0x080033bc   Section        0  stm32f1xx_it.o(.text.NMI_Handler)
    NVIC_EncodePriority                      0x080033c1   Thumb Code   108  stm32f1xx_hal_cortex.o(.text.NVIC_EncodePriority)
    [Anonymous Symbol]                       0x080033c0   Section        0  stm32f1xx_hal_cortex.o(.text.NVIC_EncodePriority)
    PCD_EP_ISR_Handler                       0x0800342d   Thumb Code  1810  stm32f1xx_hal_pcd.o(.text.PCD_EP_ISR_Handler)
    [Anonymous Symbol]                       0x0800342c   Section        0  stm32f1xx_hal_pcd.o(.text.PCD_EP_ISR_Handler)
    [Anonymous Symbol]                       0x08003b40   Section        0  stm32f1xx_it.o(.text.PendSV_Handler)
    RCC_Delay                                0x08003b45   Thumb Code    58  stm32f1xx_hal_rcc.o(.text.RCC_Delay)
    [Anonymous Symbol]                       0x08003b44   Section        0  stm32f1xx_hal_rcc.o(.text.RCC_Delay)
    [Anonymous Symbol]                       0x08003b80   Section        0  stm32f1xx_it.o(.text.SVC_Handler)
    SysTick_Config                           0x08003b85   Thumb Code    82  stm32f1xx_hal_cortex.o(.text.SysTick_Config)
    [Anonymous Symbol]                       0x08003b84   Section        0  stm32f1xx_hal_cortex.o(.text.SysTick_Config)
    [Anonymous Symbol]                       0x08003bd8   Section        0  stm32f1xx_it.o(.text.SysTick_Handler)
    [Anonymous Symbol]                       0x08003be0   Section        0  main.o(.text.SystemClock_Config)
    [Anonymous Symbol]                       0x08003c70   Section        0  system_stm32f1xx.o(.text.SystemInit)
    [Anonymous Symbol]                       0x08003c74   Section        0  stm32f1xx_it.o(.text.TIM1_UP_IRQHandler)
    [Anonymous Symbol]                       0x08003c84   Section        0  stm32f1xx_hal_tim.o(.text.TIM_Base_SetConfig)
    [Anonymous Symbol]                       0x08003d74   Section        0  stm32f1xx_hal_tim.o(.text.TIM_ETR_SetConfig)
    TIM_ITRx_SetConfig                       0x08003da9   Thumb Code    42  stm32f1xx_hal_tim.o(.text.TIM_ITRx_SetConfig)
    [Anonymous Symbol]                       0x08003da8   Section        0  stm32f1xx_hal_tim.o(.text.TIM_ITRx_SetConfig)
    TIM_TI1_ConfigInputStage                 0x08003dd5   Thumb Code    80  stm32f1xx_hal_tim.o(.text.TIM_TI1_ConfigInputStage)
    [Anonymous Symbol]                       0x08003dd4   Section        0  stm32f1xx_hal_tim.o(.text.TIM_TI1_ConfigInputStage)
    TIM_TI2_ConfigInputStage                 0x08003e25   Thumb Code    82  stm32f1xx_hal_tim.o(.text.TIM_TI2_ConfigInputStage)
    [Anonymous Symbol]                       0x08003e24   Section        0  stm32f1xx_hal_tim.o(.text.TIM_TI2_ConfigInputStage)
    USBD_CDC_DataIn                          0x08003e79   Thumb Code   158  usbd_cdc.o(.text.USBD_CDC_DataIn)
    [Anonymous Symbol]                       0x08003e78   Section        0  usbd_cdc.o(.text.USBD_CDC_DataIn)
    USBD_CDC_DataOut                         0x08003f19   Thumb Code    88  usbd_cdc.o(.text.USBD_CDC_DataOut)
    [Anonymous Symbol]                       0x08003f18   Section        0  usbd_cdc.o(.text.USBD_CDC_DataOut)
    USBD_CDC_DeInit                          0x08003f71   Thumb Code   110  usbd_cdc.o(.text.USBD_CDC_DeInit)
    [Anonymous Symbol]                       0x08003f70   Section        0  usbd_cdc.o(.text.USBD_CDC_DeInit)
    USBD_CDC_EP0_RxReady                     0x08003fe1   Thumb Code    72  usbd_cdc.o(.text.USBD_CDC_EP0_RxReady)
    [Anonymous Symbol]                       0x08003fe0   Section        0  usbd_cdc.o(.text.USBD_CDC_EP0_RxReady)
    [Anonymous Symbol]                       0x08004028   Section        0  usbd_cdc.o(.text.USBD_CDC_GetDeviceQualifierDescriptor)
    USBD_CDC_GetFSCfgDesc                    0x08004041   Thumb Code    22  usbd_cdc.o(.text.USBD_CDC_GetFSCfgDesc)
    [Anonymous Symbol]                       0x08004040   Section        0  usbd_cdc.o(.text.USBD_CDC_GetFSCfgDesc)
    USBD_CDC_GetHSCfgDesc                    0x08004059   Thumb Code    22  usbd_cdc.o(.text.USBD_CDC_GetHSCfgDesc)
    [Anonymous Symbol]                       0x08004058   Section        0  usbd_cdc.o(.text.USBD_CDC_GetHSCfgDesc)
    USBD_CDC_GetOtherSpeedCfgDesc            0x08004071   Thumb Code    22  usbd_cdc.o(.text.USBD_CDC_GetOtherSpeedCfgDesc)
    [Anonymous Symbol]                       0x08004070   Section        0  usbd_cdc.o(.text.USBD_CDC_GetOtherSpeedCfgDesc)
    USBD_CDC_Init                            0x08004089   Thumb Code   252  usbd_cdc.o(.text.USBD_CDC_Init)
    [Anonymous Symbol]                       0x08004088   Section        0  usbd_cdc.o(.text.USBD_CDC_Init)
    [Anonymous Symbol]                       0x08004184   Section        0  usbd_cdc.o(.text.USBD_CDC_ReceivePacket)
    [Anonymous Symbol]                       0x080041e4   Section        0  usbd_cdc.o(.text.USBD_CDC_RegisterInterface)
    [Anonymous Symbol]                       0x08004210   Section        0  usbd_cdc.o(.text.USBD_CDC_SetRxBuffer)
    [Anonymous Symbol]                       0x0800422c   Section        0  usbd_cdc.o(.text.USBD_CDC_SetTxBuffer)
    USBD_CDC_Setup                           0x08004259   Thumb Code   350  usbd_cdc.o(.text.USBD_CDC_Setup)
    [Anonymous Symbol]                       0x08004258   Section        0  usbd_cdc.o(.text.USBD_CDC_Setup)
    [Anonymous Symbol]                       0x080043b8   Section        0  usbd_core.o(.text.USBD_ClrClassConfig)
    USBD_ClrFeature                          0x080043d9   Thumb Code    64  usbd_ctlreq.o(.text.USBD_ClrFeature)
    [Anonymous Symbol]                       0x080043d8   Section        0  usbd_ctlreq.o(.text.USBD_ClrFeature)
    [Anonymous Symbol]                       0x08004418   Section        0  usbd_ioreq.o(.text.USBD_CtlContinueRx)
    [Anonymous Symbol]                       0x0800443c   Section        0  usbd_ioreq.o(.text.USBD_CtlContinueSendData)
    [Anonymous Symbol]                       0x08004460   Section        0  usbd_ctlreq.o(.text.USBD_CtlError)
    [Anonymous Symbol]                       0x0800447c   Section        0  usbd_ioreq.o(.text.USBD_CtlPrepareRx)
    [Anonymous Symbol]                       0x080044bc   Section        0  usbd_ioreq.o(.text.USBD_CtlReceiveStatus)
    [Anonymous Symbol]                       0x080044e0   Section        0  usbd_ioreq.o(.text.USBD_CtlSendData)
    [Anonymous Symbol]                       0x0800451c   Section        0  usbd_ioreq.o(.text.USBD_CtlSendStatus)
    [Anonymous Symbol]                       0x08004540   Section        0  usbd_desc.o(.text.USBD_FS_ConfigStrDescriptor)
    [Anonymous Symbol]                       0x08004590   Section        0  usbd_desc.o(.text.USBD_FS_DeviceDescriptor)
    [Anonymous Symbol]                       0x080045ac   Section        0  usbd_desc.o(.text.USBD_FS_InterfaceStrDescriptor)
    [Anonymous Symbol]                       0x080045fc   Section        0  usbd_desc.o(.text.USBD_FS_LangIDStrDescriptor)
    [Anonymous Symbol]                       0x08004618   Section        0  usbd_desc.o(.text.USBD_FS_ManufacturerStrDescriptor)
    [Anonymous Symbol]                       0x08004640   Section        0  usbd_desc.o(.text.USBD_FS_ProductStrDescriptor)
    [Anonymous Symbol]                       0x08004690   Section        0  usbd_desc.o(.text.USBD_FS_SerialStrDescriptor)
    USBD_GetConfig                           0x080046b1   Thumb Code   100  usbd_ctlreq.o(.text.USBD_GetConfig)
    [Anonymous Symbol]                       0x080046b0   Section        0  usbd_ctlreq.o(.text.USBD_GetConfig)
    USBD_GetDescriptor                       0x08004715   Thumb Code   726  usbd_ctlreq.o(.text.USBD_GetDescriptor)
    [Anonymous Symbol]                       0x08004714   Section        0  usbd_ctlreq.o(.text.USBD_GetDescriptor)
    USBD_GetLen                              0x080049ed   Thumb Code    46  usbd_ctlreq.o(.text.USBD_GetLen)
    [Anonymous Symbol]                       0x080049ec   Section        0  usbd_ctlreq.o(.text.USBD_GetLen)
    USBD_GetStatus                           0x08004a1d   Thumb Code    98  usbd_ctlreq.o(.text.USBD_GetStatus)
    [Anonymous Symbol]                       0x08004a1c   Section        0  usbd_ctlreq.o(.text.USBD_GetStatus)
    [Anonymous Symbol]                       0x08004a80   Section        0  usbd_ctlreq.o(.text.USBD_GetString)
    USBD_Get_USB_Status                      0x08004b05   Thumb Code    82  usbd_conf.o(.text.USBD_Get_USB_Status)
    [Anonymous Symbol]                       0x08004b04   Section        0  usbd_conf.o(.text.USBD_Get_USB_Status)
    [Anonymous Symbol]                       0x08004b58   Section        0  usbd_core.o(.text.USBD_Init)
    [Anonymous Symbol]                       0x08004bbc   Section        0  usbd_conf.o(.text.USBD_LL_ClearStallEP)
    [Anonymous Symbol]                       0x08004bf8   Section        0  usbd_conf.o(.text.USBD_LL_CloseEP)
    [Anonymous Symbol]                       0x08004c34   Section        0  usbd_core.o(.text.USBD_LL_DataInStage)
    [Anonymous Symbol]                       0x08004d98   Section        0  usbd_core.o(.text.USBD_LL_DataOutStage)
    [Anonymous Symbol]                       0x08004e9c   Section        0  usbd_conf.o(.text.USBD_LL_GetRxDataSize)
    [Anonymous Symbol]                       0x08004eb8   Section        0  usbd_conf.o(.text.USBD_LL_Init)
    [Anonymous Symbol]                       0x08004f58   Section        0  usbd_conf.o(.text.USBD_LL_IsStallEP)
    [Anonymous Symbol]                       0x08004fb4   Section        0  usbd_conf.o(.text.USBD_LL_OpenEP)
    [Anonymous Symbol]                       0x08005000   Section        0  usbd_conf.o(.text.USBD_LL_PrepareReceive)
    [Anonymous Symbol]                       0x08005048   Section        0  usbd_core.o(.text.USBD_LL_Reset)
    [Anonymous Symbol]                       0x080050bc   Section        0  usbd_core.o(.text.USBD_LL_Resume)
    [Anonymous Symbol]                       0x080050e0   Section        0  usbd_core.o(.text.USBD_LL_SOF)
    [Anonymous Symbol]                       0x08005114   Section        0  usbd_core.o(.text.USBD_LL_SetSpeed)
    [Anonymous Symbol]                       0x0800512c   Section        0  usbd_conf.o(.text.USBD_LL_SetUSBAddress)
    [Anonymous Symbol]                       0x08005168   Section        0  usbd_core.o(.text.USBD_LL_SetupStage)
    [Anonymous Symbol]                       0x080051ec   Section        0  usbd_conf.o(.text.USBD_LL_StallEP)
    [Anonymous Symbol]                       0x08005228   Section        0  usbd_conf.o(.text.USBD_LL_Start)
    [Anonymous Symbol]                       0x0800525c   Section        0  usbd_core.o(.text.USBD_LL_Suspend)
    [Anonymous Symbol]                       0x08005278   Section        0  usbd_conf.o(.text.USBD_LL_Transmit)
    [Anonymous Symbol]                       0x080052c0   Section        0  usbd_ctlreq.o(.text.USBD_ParseSetupRequest)
    [Anonymous Symbol]                       0x08005304   Section        0  usbd_core.o(.text.USBD_RegisterClass)
    [Anonymous Symbol]                       0x08005338   Section        0  usbd_core.o(.text.USBD_RunTestMode)
    USBD_SetAddress                          0x08005345   Thumb Code   140  usbd_ctlreq.o(.text.USBD_SetAddress)
    [Anonymous Symbol]                       0x08005344   Section        0  usbd_ctlreq.o(.text.USBD_SetAddress)
    [Anonymous Symbol]                       0x080053d0   Section        0  usbd_core.o(.text.USBD_SetClassConfig)
    USBD_SetConfig                           0x08005411   Thumb Code   312  usbd_ctlreq.o(.text.USBD_SetConfig)
    [Anonymous Symbol]                       0x08005410   Section        0  usbd_ctlreq.o(.text.USBD_SetConfig)
    USBD_SetFeature                          0x08005549   Thumb Code    38  usbd_ctlreq.o(.text.USBD_SetFeature)
    [Anonymous Symbol]                       0x08005548   Section        0  usbd_ctlreq.o(.text.USBD_SetFeature)
    [Anonymous Symbol]                       0x08005570   Section        0  usbd_core.o(.text.USBD_Start)
    [Anonymous Symbol]                       0x08005584   Section        0  usbd_ctlreq.o(.text.USBD_StdDevReq)
    [Anonymous Symbol]                       0x08005640   Section        0  usbd_ctlreq.o(.text.USBD_StdEPReq)
    [Anonymous Symbol]                       0x08005978   Section        0  usbd_ctlreq.o(.text.USBD_StdItfReq)
    [Anonymous Symbol]                       0x08005a10   Section        0  usbd_conf.o(.text.USBD_static_free)
    [Anonymous Symbol]                       0x08005a18   Section        0  usbd_conf.o(.text.USBD_static_malloc)
    [Anonymous Symbol]                       0x08005a28   Section        0  stm32f1xx_ll_usb.o(.text.USB_ActivateEndpoint)
    [Anonymous Symbol]                       0x080060c0   Section        0  stm32f1xx_ll_usb.o(.text.USB_CoreInit)
    [Anonymous Symbol]                       0x080060f0   Section        0  stm32f1xx_ll_usb.o(.text.USB_DeactivateEndpoint)
    [Anonymous Symbol]                       0x08006450   Section        0  stm32f1xx_ll_usb.o(.text.USB_DevConnect)
    [Anonymous Symbol]                       0x0800645c   Section        0  stm32f1xx_ll_usb.o(.text.USB_DevDisconnect)
    [Anonymous Symbol]                       0x08006468   Section        0  stm32f1xx_ll_usb.o(.text.USB_DevInit)
    [Anonymous Symbol]                       0x080064b0   Section        0  stm32f1xx_ll_usb.o(.text.USB_DisableGlobalInt)
    [Anonymous Symbol]                       0x080064d0   Section        0  stm32f1xx_ll_usb.o(.text.USB_EP0_OutStart)
    [Anonymous Symbol]                       0x080064dc   Section        0  stm32f1xx_ll_usb.o(.text.USB_EPClearStall)
    [Anonymous Symbol]                       0x08006624   Section        0  stm32f1xx_ll_usb.o(.text.USB_EPSetStall)
    [Anonymous Symbol]                       0x080066ac   Section        0  stm32f1xx_ll_usb.o(.text.USB_EPStartXfer)
    [Anonymous Symbol]                       0x080074c4   Section        0  stm32f1xx_ll_usb.o(.text.USB_EnableGlobalInt)
    [Anonymous Symbol]                       0x080074e4   Section        0  stm32f1xx_it.o(.text.USB_LP_CAN1_RX0_IRQHandler)
    [Anonymous Symbol]                       0x080074f4   Section        0  stm32f1xx_ll_usb.o(.text.USB_ReadInterrupts)
    [Anonymous Symbol]                       0x08007508   Section        0  stm32f1xx_ll_usb.o(.text.USB_ReadPMA)
    [Anonymous Symbol]                       0x08007594   Section        0  stm32f1xx_ll_usb.o(.text.USB_SetCurrentMode)
    [Anonymous Symbol]                       0x080075a4   Section        0  stm32f1xx_ll_usb.o(.text.USB_SetDevAddress)
    [Anonymous Symbol]                       0x080075c4   Section        0  stm32f1xx_ll_usb.o(.text.USB_WritePMA)
    [Anonymous Symbol]                       0x08007648   Section        0  stm32f1xx_it.o(.text.UsageFault_Handler)
    __NVIC_EnableIRQ                         0x0800764d   Thumb Code    48  stm32f1xx_hal_cortex.o(.text.__NVIC_EnableIRQ)
    [Anonymous Symbol]                       0x0800764c   Section        0  stm32f1xx_hal_cortex.o(.text.__NVIC_EnableIRQ)
    __NVIC_GetPriorityGrouping               0x0800767d   Thumb Code    16  stm32f1xx_hal_cortex.o(.text.__NVIC_GetPriorityGrouping)
    [Anonymous Symbol]                       0x0800767c   Section        0  stm32f1xx_hal_cortex.o(.text.__NVIC_GetPriorityGrouping)
    __NVIC_SetPriority                       0x0800768d   Thumb Code    66  stm32f1xx_hal_cortex.o(.text.__NVIC_SetPriority)
    [Anonymous Symbol]                       0x0800768c   Section        0  stm32f1xx_hal_cortex.o(.text.__NVIC_SetPriority)
    __NVIC_SetPriorityGrouping               0x080076d1   Thumb Code    60  stm32f1xx_hal_cortex.o(.text.__NVIC_SetPriorityGrouping)
    [Anonymous Symbol]                       0x080076d0   Section        0  stm32f1xx_hal_cortex.o(.text.__NVIC_SetPriorityGrouping)
    [Anonymous Symbol]                       0x0800770c   Section        0  main.o(.text.main)
    HAL_RCC_GetSysClockFreq.aPLLMULFactorTable 0x08007748   Data          16  stm32f1xx_hal_rcc.o(.rodata.HAL_RCC_GetSysClockFreq.aPLLMULFactorTable)
    [Anonymous Symbol]                       0x08007748   Section        0  stm32f1xx_hal_rcc.o(.rodata.HAL_RCC_GetSysClockFreq.aPLLMULFactorTable)
    HAL_RCC_GetSysClockFreq.aPredivFactorTable 0x08007758   Data           2  stm32f1xx_hal_rcc.o(.rodata.HAL_RCC_GetSysClockFreq.aPredivFactorTable)
    [Anonymous Symbol]                       0x08007758   Section        0  stm32f1xx_hal_rcc.o(.rodata.HAL_RCC_GetSysClockFreq.aPredivFactorTable)
    .L.str.3                                 0x0800775a   Data          14  usbd_desc.o(.rodata.str1.1)
    [Anonymous Symbol]                       0x0800775a   Section        0  usbd_desc.o(.rodata.str1.1)
    .L.str.2                                 0x08007768   Data          11  usbd_desc.o(.rodata.str1.1)
    .L.str.1                                 0x08007773   Data          19  usbd_desc.o(.rodata.str1.1)
    .L.str                                   0x08007786   Data          22  usbd_desc.o(.rodata.str1.1)
    USBD_CDC_DeviceQualifierDesc             0x200000e0   Data          10  usbd_cdc.o(.data.USBD_CDC_DeviceQualifierDesc)
    [Anonymous Symbol]                       0x200000e0   Section        0  usbd_cdc.o(.data.USBD_CDC_DeviceQualifierDesc)
    .bss                                     0x20000178   Section       96  libspace.o(.bss)
    USBD_SetConfig.cfgidx                    0x200001d8   Data           1  usbd_ctlreq.o(.bss.USBD_SetConfig.cfgidx)
    [Anonymous Symbol]                       0x200001d8   Section        0  usbd_ctlreq.o(.bss.USBD_SetConfig.cfgidx)
    USBD_static_malloc.mem                   0x200003dc   Data         544  usbd_conf.o(.bss.USBD_static_malloc.mem)
    [Anonymous Symbol]                       0x200003dc   Section        0  usbd_conf.o(.bss.USBD_static_malloc.mem)
    Heap_Mem                                 0x20001450   Data         512  startup_stm32f103xb.o(HEAP)
    HEAP                                     0x20001450   Section      512  startup_stm32f103xb.o(HEAP)
    Stack_Mem                                0x20001650   Data        1024  startup_stm32f103xb.o(STACK)
    STACK                                    0x20001650   Section     1024  startup_stm32f103xb.o(STACK)
    __initial_sp                             0x20001a50   Data           0  startup_stm32f103xb.o(STACK)

    Global Symbols

    Symbol Name                              Value     Ov Type        Size  Object(Section)

    BuildAttributes$$THM_ISAv4$P$D$K$B$S$PE$A:L22UL41UL21$X:L11$S22US41US21$IEEE1$IW$~IW$USESV6$~STKCKD$USESV7$~SHL$OSPACE$ROPI$EBA8$UX$STANDARDLIB$REQ8$PRES8$EABIv2 0x00000000   Number         0  anon$$obj.o ABSOLUTE
    __fp_init_empty                          0x00000000   Number         0  fpinit_empty.o ABSOLUTE
    __ARM_exceptions_init                     - Undefined Weak Reference
    __alloca_initialize                       - Undefined Weak Reference
    __arm_preinit_                            - Undefined Weak Reference
    __cpp_initialize__aeabi_                  - Undefined Weak Reference
    __cxa_finalize                            - Undefined Weak Reference
    __rt_locale                               - Undefined Weak Reference
    __sigvec_lookup                           - Undefined Weak Reference
    _atexit_init                              - Undefined Weak Reference
    _call_atexit_fns                          - Undefined Weak Reference
    _clock_init                               - Undefined Weak Reference
    _fp_trap_init                             - Undefined Weak Reference
    _fp_trap_shutdown                         - Undefined Weak Reference
    _get_lc_collate                           - Undefined Weak Reference
    _get_lc_ctype                             - Undefined Weak Reference
    _get_lc_monetary                          - Undefined Weak Reference
    _get_lc_numeric                           - Undefined Weak Reference
    _get_lc_time                              - Undefined Weak Reference
    _getenv_init                              - Undefined Weak Reference
    _handle_redirection                       - Undefined Weak Reference
    _init_alloc                               - Undefined Weak Reference
    _init_user_alloc                          - Undefined Weak Reference
    _initio                                   - Undefined Weak Reference
    _rand_init                                - Undefined Weak Reference
    _signal_finish                            - Undefined Weak Reference
    _signal_init                              - Undefined Weak Reference
    _terminate_alloc                          - Undefined Weak Reference
    _terminate_user_alloc                     - Undefined Weak Reference
    _terminateio                              - Undefined Weak Reference
    __Vectors_Size                           0x000000ec   Number         0  startup_stm32f103xb.o ABSOLUTE
    __Vectors                                0x08000000   Data           4  startup_stm32f103xb.o(RESET)
    __Vectors_End                            0x080000ec   Data           0  startup_stm32f103xb.o(RESET)
    __main                                   0x080000ed   Thumb Code     8  __main.o(!!!main)
    __scatterload                            0x080000f5   Thumb Code     0  __scatter.o(!!!scatter)
    __scatterload_rt2                        0x080000f5   Thumb Code    44  __scatter.o(!!!scatter)
    __scatterload_rt2_thumb_only             0x080000f5   Thumb Code     0  __scatter.o(!!!scatter)
    __scatterload_null                       0x08000103   Thumb Code     0  __scatter.o(!!!scatter)
    __decompress                             0x08000129   Thumb Code    90  __dczerorl2.o(!!dczerorl2)
    __decompress1                            0x08000129   Thumb Code     0  __dczerorl2.o(!!dczerorl2)
    __scatterload_zeroinit                   0x08000185   Thumb Code    28  __scatter_zi.o(!!handler_zi)
    __rt_lib_init                            0x080001a1   Thumb Code     0  libinit.o(.ARM.Collect$$libinit$$00000000)
    __rt_lib_init_alloca_1                   0x080001a3   Thumb Code     0  libinit2.o(.ARM.Collect$$libinit$$0000002E)
    __rt_lib_init_argv_1                     0x080001a3   Thumb Code     0  libinit2.o(.ARM.Collect$$libinit$$0000002C)
    __rt_lib_init_atexit_1                   0x080001a3   Thumb Code     0  libinit2.o(.ARM.Collect$$libinit$$0000001B)
    __rt_lib_init_clock_1                    0x080001a3   Thumb Code     0  libinit2.o(.ARM.Collect$$libinit$$00000021)
    __rt_lib_init_cpp_1                      0x080001a3   Thumb Code     0  libinit2.o(.ARM.Collect$$libinit$$00000032)
    __rt_lib_init_exceptions_1               0x080001a3   Thumb Code     0  libinit2.o(.ARM.Collect$$libinit$$00000030)
    __rt_lib_init_fp_1                       0x080001a3   Thumb Code     0  libinit2.o(.ARM.Collect$$libinit$$00000002)
    __rt_lib_init_fp_trap_1                  0x080001a3   Thumb Code     0  libinit2.o(.ARM.Collect$$libinit$$0000001F)
    __rt_lib_init_getenv_1                   0x080001a3   Thumb Code     0  libinit2.o(.ARM.Collect$$libinit$$00000023)
    __rt_lib_init_heap_1                     0x080001a3   Thumb Code     0  libinit2.o(.ARM.Collect$$libinit$$0000000A)
    __rt_lib_init_lc_collate_1               0x080001a3   Thumb Code     0  libinit2.o(.ARM.Collect$$libinit$$00000011)
    __rt_lib_init_lc_ctype_1                 0x080001a3   Thumb Code     0  libinit2.o(.ARM.Collect$$libinit$$00000013)
    __rt_lib_init_lc_monetary_1              0x080001a3   Thumb Code     0  libinit2.o(.ARM.Collect$$libinit$$00000015)
    __rt_lib_init_lc_numeric_1               0x080001a3   Thumb Code     0  libinit2.o(.ARM.Collect$$libinit$$00000017)
    __rt_lib_init_lc_time_1                  0x080001a3   Thumb Code     0  libinit2.o(.ARM.Collect$$libinit$$00000019)
    __rt_lib_init_preinit_1                  0x080001a3   Thumb Code     0  libinit2.o(.ARM.Collect$$libinit$$00000004)
    __rt_lib_init_rand_1                     0x080001a3   Thumb Code     0  libinit2.o(.ARM.Collect$$libinit$$0000000E)
    __rt_lib_init_return                     0x080001a3   Thumb Code     0  libinit2.o(.ARM.Collect$$libinit$$00000033)
    __rt_lib_init_signal_1                   0x080001a3   Thumb Code     0  libinit2.o(.ARM.Collect$$libinit$$0000001D)
    __rt_lib_init_stdio_1                    0x080001a3   Thumb Code     0  libinit2.o(.ARM.Collect$$libinit$$00000025)
    __rt_lib_init_user_alloc_1               0x080001a3   Thumb Code     0  libinit2.o(.ARM.Collect$$libinit$$0000000C)
    __rt_lib_shutdown                        0x080001a5   Thumb Code     0  libshutdown.o(.ARM.Collect$$libshutdown$$00000000)
    __rt_lib_shutdown_cpp_1                  0x080001a7   Thumb Code     0  libshutdown2.o(.ARM.Collect$$libshutdown$$00000002)
    __rt_lib_shutdown_fp_trap_1              0x080001a7   Thumb Code     0  libshutdown2.o(.ARM.Collect$$libshutdown$$00000007)
    __rt_lib_shutdown_heap_1                 0x080001a7   Thumb Code     0  libshutdown2.o(.ARM.Collect$$libshutdown$$0000000F)
    __rt_lib_shutdown_return                 0x080001a7   Thumb Code     0  libshutdown2.o(.ARM.Collect$$libshutdown$$00000010)
    __rt_lib_shutdown_signal_1               0x080001a7   Thumb Code     0  libshutdown2.o(.ARM.Collect$$libshutdown$$0000000A)
    __rt_lib_shutdown_stdio_1                0x080001a7   Thumb Code     0  libshutdown2.o(.ARM.Collect$$libshutdown$$00000004)
    __rt_lib_shutdown_user_alloc_1           0x080001a7   Thumb Code     0  libshutdown2.o(.ARM.Collect$$libshutdown$$0000000C)
    __rt_entry                               0x080001a9   Thumb Code     0  __rtentry.o(.ARM.Collect$$rtentry$$00000000)
    __rt_entry_presh_1                       0x080001a9   Thumb Code     0  __rtentry2.o(.ARM.Collect$$rtentry$$00000002)
    __rt_entry_sh                            0x080001a9   Thumb Code     0  __rtentry4.o(.ARM.Collect$$rtentry$$00000004)
    __rt_entry_li                            0x080001af   Thumb Code     0  __rtentry2.o(.ARM.Collect$$rtentry$$0000000A)
    __rt_entry_postsh_1                      0x080001af   Thumb Code     0  __rtentry2.o(.ARM.Collect$$rtentry$$00000009)
    __rt_entry_main                          0x080001b3   Thumb Code     0  __rtentry2.o(.ARM.Collect$$rtentry$$0000000D)
    __rt_entry_postli_1                      0x080001b3   Thumb Code     0  __rtentry2.o(.ARM.Collect$$rtentry$$0000000C)
    __rt_exit                                0x080001bb   Thumb Code     0  rtexit.o(.ARM.Collect$$rtexit$$00000000)
    __rt_exit_ls                             0x080001bd   Thumb Code     0  rtexit2.o(.ARM.Collect$$rtexit$$00000003)
    __rt_exit_prels_1                        0x080001bd   Thumb Code     0  rtexit2.o(.ARM.Collect$$rtexit$$00000002)
    __rt_exit_exit                           0x080001c1   Thumb Code     0  rtexit2.o(.ARM.Collect$$rtexit$$00000004)
    Reset_Handler                            0x080001c9   Thumb Code     8  startup_stm32f103xb.o(.text)
    ADC1_2_IRQHandler                        0x080001e3   Thumb Code     0  startup_stm32f103xb.o(.text)
    CAN1_RX1_IRQHandler                      0x080001e3   Thumb Code     0  startup_stm32f103xb.o(.text)
    CAN1_SCE_IRQHandler                      0x080001e3   Thumb Code     0  startup_stm32f103xb.o(.text)
    DMA1_Channel1_IRQHandler                 0x080001e3   Thumb Code     0  startup_stm32f103xb.o(.text)
    DMA1_Channel2_IRQHandler                 0x080001e3   Thumb Code     0  startup_stm32f103xb.o(.text)
    DMA1_Channel3_IRQHandler                 0x080001e3   Thumb Code     0  startup_stm32f103xb.o(.text)
    DMA1_Channel4_IRQHandler                 0x080001e3   Thumb Code     0  startup_stm32f103xb.o(.text)
    DMA1_Channel5_IRQHandler                 0x080001e3   Thumb Code     0  startup_stm32f103xb.o(.text)
    DMA1_Channel6_IRQHandler                 0x080001e3   Thumb Code     0  startup_stm32f103xb.o(.text)
    DMA1_Channel7_IRQHandler                 0x080001e3   Thumb Code     0  startup_stm32f103xb.o(.text)
    EXTI0_IRQHandler                         0x080001e3   Thumb Code     0  startup_stm32f103xb.o(.text)
    EXTI15_10_IRQHandler                     0x080001e3   Thumb Code     0  startup_stm32f103xb.o(.text)
    EXTI1_IRQHandler                         0x080001e3   Thumb Code     0  startup_stm32f103xb.o(.text)
    EXTI2_IRQHandler                         0x080001e3   Thumb Code     0  startup_stm32f103xb.o(.text)
    EXTI3_IRQHandler                         0x080001e3   Thumb Code     0  startup_stm32f103xb.o(.text)
    EXTI4_IRQHandler                         0x080001e3   Thumb Code     0  startup_stm32f103xb.o(.text)
    EXTI9_5_IRQHandler                       0x080001e3   Thumb Code     0  startup_stm32f103xb.o(.text)
    FLASH_IRQHandler                         0x080001e3   Thumb Code     0  startup_stm32f103xb.o(.text)
    I2C1_ER_IRQHandler                       0x080001e3   Thumb Code     0  startup_stm32f103xb.o(.text)
    I2C1_EV_IRQHandler                       0x080001e3   Thumb Code     0  startup_stm32f103xb.o(.text)
    I2C2_ER_IRQHandler                       0x080001e3   Thumb Code     0  startup_stm32f103xb.o(.text)
    I2C2_EV_IRQHandler                       0x080001e3   Thumb Code     0  startup_stm32f103xb.o(.text)
    PVD_IRQHandler                           0x080001e3   Thumb Code     0  startup_stm32f103xb.o(.text)
    RCC_IRQHandler                           0x080001e3   Thumb Code     0  startup_stm32f103xb.o(.text)
    RTC_Alarm_IRQHandler                     0x080001e3   Thumb Code     0  startup_stm32f103xb.o(.text)
    RTC_IRQHandler                           0x080001e3   Thumb Code     0  startup_stm32f103xb.o(.text)
    SPI1_IRQHandler                          0x080001e3   Thumb Code     0  startup_stm32f103xb.o(.text)
    SPI2_IRQHandler                          0x080001e3   Thumb Code     0  startup_stm32f103xb.o(.text)
    TAMPER_IRQHandler                        0x080001e3   Thumb Code     0  startup_stm32f103xb.o(.text)
    TIM1_BRK_IRQHandler                      0x080001e3   Thumb Code     0  startup_stm32f103xb.o(.text)
    TIM1_CC_IRQHandler                       0x080001e3   Thumb Code     0  startup_stm32f103xb.o(.text)
    TIM1_TRG_COM_IRQHandler                  0x080001e3   Thumb Code     0  startup_stm32f103xb.o(.text)
    TIM2_IRQHandler                          0x080001e3   Thumb Code     0  startup_stm32f103xb.o(.text)
    TIM3_IRQHandler                          0x080001e3   Thumb Code     0  startup_stm32f103xb.o(.text)
    TIM4_IRQHandler                          0x080001e3   Thumb Code     0  startup_stm32f103xb.o(.text)
    USART1_IRQHandler                        0x080001e3   Thumb Code     0  startup_stm32f103xb.o(.text)
    USART2_IRQHandler                        0x080001e3   Thumb Code     0  startup_stm32f103xb.o(.text)
    USART3_IRQHandler                        0x080001e3   Thumb Code     0  startup_stm32f103xb.o(.text)
    USBWakeUp_IRQHandler                     0x080001e3   Thumb Code     0  startup_stm32f103xb.o(.text)
    USB_HP_CAN1_TX_IRQHandler                0x080001e3   Thumb Code     0  startup_stm32f103xb.o(.text)
    WWDG_IRQHandler                          0x080001e3   Thumb Code     0  startup_stm32f103xb.o(.text)
    __user_initial_stackheap                 0x080001e5   Thumb Code     0  startup_stm32f103xb.o(.text)
    __aeabi_memclr4                          0x08000209   Thumb Code     0  rt_memclr_w.o(.text)
    __aeabi_memclr8                          0x08000209   Thumb Code     0  rt_memclr_w.o(.text)
    __rt_memclr_w                            0x08000209   Thumb Code     0  rt_memclr_w.o(.text)
    _memset_w                                0x0800020d   Thumb Code    74  rt_memclr_w.o(.text)
    __use_two_region_memory                  0x08000257   Thumb Code     2  heapauxi.o(.text)
    __rt_heap_escrow$2region                 0x08000259   Thumb Code     2  heapauxi.o(.text)
    __rt_heap_expand$2region                 0x0800025b   Thumb Code     2  heapauxi.o(.text)
    __user_setup_stackheap                   0x0800025d   Thumb Code    74  sys_stackheap_outer.o(.text)
    exit                                     0x080002a7   Thumb Code    18  exit.o(.text)
    __user_libspace                          0x080002b9   Thumb Code     8  libspace.o(.text)
    __user_perproc_libspace                  0x080002b9   Thumb Code     0  libspace.o(.text)
    __user_perthread_libspace                0x080002b9   Thumb Code     0  libspace.o(.text)
    _sys_exit                                0x080002c1   Thumb Code     8  sys_exit.o(.text)
    __I$use$semihosting                      0x080002cd   Thumb Code     0  use_no_semi.o(.text)
    __use_no_semihosting_swi                 0x080002cd   Thumb Code     2  use_no_semi.o(.text)
    __semihosting_library_function           0x080002cf   Thumb Code     0  indicate_semi.o(.text)
    BusFault_Handler                         0x080002d1   Thumb Code     4  stm32f1xx_it.o(.text.BusFault_Handler)
    DebugMon_Handler                         0x0800038d   Thumb Code     2  stm32f1xx_it.o(.text.DebugMon_Handler)
    Error_Handler                            0x08000391   Thumb Code    14  main.o(.text.Error_Handler)
    HAL_GPIO_Init                            0x080003fd   Thumb Code   798  stm32f1xx_hal_gpio.o(.text.HAL_GPIO_Init)
    HAL_GetTick                              0x0800071d   Thumb Code    12  stm32f1xx_hal.o(.text.HAL_GetTick)
    HAL_I2C_Init                             0x08000729   Thumb Code   676  stm32f1xx_hal_i2c.o(.text.HAL_I2C_Init)
    HAL_I2C_MspInit                          0x080009cd   Thumb Code   126  stm32f1xx_hal_msp.o(.text.HAL_I2C_MspInit)
    HAL_IncTick                              0x08000a4d   Thumb Code    26  stm32f1xx_hal.o(.text.HAL_IncTick)
    HAL_Init                                 0x08000a69   Thumb Code    38  stm32f1xx_hal.o(.text.HAL_Init)
    HAL_InitTick                             0x08000a91   Thumb Code   112  stm32f1xx_hal.o(.text.HAL_InitTick)
    HAL_MspInit                              0x08000b01   Thumb Code   100  stm32f1xx_hal_msp.o(.text.HAL_MspInit)
    HAL_NVIC_EnableIRQ                       0x08000b65   Thumb Code    20  stm32f1xx_hal_cortex.o(.text.HAL_NVIC_EnableIRQ)
    HAL_NVIC_SetPriority                     0x08000b79   Thumb Code    50  stm32f1xx_hal_cortex.o(.text.HAL_NVIC_SetPriority)
    HAL_NVIC_SetPriorityGrouping             0x08000bad   Thumb Code    16  stm32f1xx_hal_cortex.o(.text.HAL_NVIC_SetPriorityGrouping)
    HAL_PCDEx_PMAConfig                      0x08000bbd   Thumb Code   122  stm32f1xx_hal_pcd_ex.o(.text.HAL_PCDEx_PMAConfig)
    HAL_PCDEx_SetConnectionState             0x08000c39   Thumb Code    26  usbd_conf.o(.text.HAL_PCDEx_SetConnectionState)
    HAL_PCD_DataInStageCallback              0x08000c55   Thumb Code    38  usbd_conf.o(.text.HAL_PCD_DataInStageCallback)
    HAL_PCD_DataOutStageCallback             0x08000c7d   Thumb Code    40  usbd_conf.o(.text.HAL_PCD_DataOutStageCallback)
    HAL_PCD_EP_Close                         0x08000ca5   Thumb Code   168  stm32f1xx_hal_pcd.o(.text.HAL_PCD_EP_Close)
    HAL_PCD_EP_ClrStall                      0x08000d4d   Thumb Code   200  stm32f1xx_hal_pcd.o(.text.HAL_PCD_EP_ClrStall)
    HAL_PCD_EP_GetRxCount                    0x0800175d   Thumb Code    34  stm32f1xx_hal_pcd.o(.text.HAL_PCD_EP_GetRxCount)
    HAL_PCD_EP_Open                          0x08001781   Thumb Code   218  stm32f1xx_hal_pcd.o(.text.HAL_PCD_EP_Open)
    HAL_PCD_EP_Receive                       0x0800185d   Thumb Code    90  stm32f1xx_hal_pcd.o(.text.HAL_PCD_EP_Receive)
    HAL_PCD_EP_SetStall                      0x080018b9   Thumb Code   220  stm32f1xx_hal_pcd.o(.text.HAL_PCD_EP_SetStall)
    HAL_PCD_EP_Transmit                      0x08001995   Thumb Code   102  stm32f1xx_hal_pcd.o(.text.HAL_PCD_EP_Transmit)
    HAL_PCD_IRQHandler                       0x080019fd   Thumb Code   516  stm32f1xx_hal_pcd.o(.text.HAL_PCD_IRQHandler)
    HAL_PCD_Init                             0x08001c01   Thumb Code   584  stm32f1xx_hal_pcd.o(.text.HAL_PCD_Init)
    HAL_PCD_MspInit                          0x08001e49   Thumb Code    78  usbd_conf.o(.text.HAL_PCD_MspInit)
    HAL_PCD_ResetCallback                    0x08001e99   Thumb Code    56  usbd_conf.o(.text.HAL_PCD_ResetCallback)
    HAL_PCD_ResumeCallback                   0x08001ed1   Thumb Code    20  usbd_conf.o(.text.HAL_PCD_ResumeCallback)
    HAL_PCD_SOFCallback                      0x08001ee5   Thumb Code    20  usbd_conf.o(.text.HAL_PCD_SOFCallback)
    HAL_PCD_SetAddress                       0x08001ef9   Thumb Code    94  stm32f1xx_hal_pcd.o(.text.HAL_PCD_SetAddress)
    HAL_PCD_SetupStageCallback               0x08001f59   Thumb Code    24  usbd_conf.o(.text.HAL_PCD_SetupStageCallback)
    HAL_PCD_Start                            0x08001f71   Thumb Code    92  stm32f1xx_hal_pcd.o(.text.HAL_PCD_Start)
    HAL_PCD_SuspendCallback                  0x08001fcd   Thumb Code    46  usbd_conf.o(.text.HAL_PCD_SuspendCallback)
    HAL_RCCEx_PeriphCLKConfig                0x08001ffd   Thumb Code   456  stm32f1xx_hal_rcc_ex.o(.text.HAL_RCCEx_PeriphCLKConfig)
    HAL_RCC_ClockConfig                      0x080021c5   Thumb Code   598  stm32f1xx_hal_rcc.o(.text.HAL_RCC_ClockConfig)
    HAL_RCC_GetHCLKFreq                      0x0800241d   Thumb Code    12  stm32f1xx_hal_rcc.o(.text.HAL_RCC_GetHCLKFreq)
    HAL_RCC_GetPCLK1Freq                     0x08002429   Thumb Code    34  stm32f1xx_hal_rcc.o(.text.HAL_RCC_GetPCLK1Freq)
    HAL_RCC_GetSysClockFreq                  0x0800244d   Thumb Code   188  stm32f1xx_hal_rcc.o(.text.HAL_RCC_GetSysClockFreq)
    HAL_RCC_OscConfig                        0x08002509   Thumb Code  1658  stm32f1xx_hal_rcc.o(.text.HAL_RCC_OscConfig)
    HAL_SYSTICK_Config                       0x08002b85   Thumb Code    16  stm32f1xx_hal_cortex.o(.text.HAL_SYSTICK_Config)
    HAL_TIMEx_BreakCallback                  0x08002b95   Thumb Code     8  stm32f1xx_hal_tim_ex.o(.text.HAL_TIMEx_BreakCallback)
    HAL_TIMEx_CommutCallback                 0x08002b9d   Thumb Code     8  stm32f1xx_hal_tim_ex.o(.text.HAL_TIMEx_CommutCallback)
    HAL_TIMEx_MasterConfigSynchronization    0x08002ba5   Thumb Code   220  stm32f1xx_hal_tim_ex.o(.text.HAL_TIMEx_MasterConfigSynchronization)
    HAL_TIM_Base_Init                        0x08002c81   Thumb Code   156  stm32f1xx_hal_tim.o(.text.HAL_TIM_Base_Init)
    HAL_TIM_Base_MspInit                     0x08002d1d   Thumb Code    78  stm32f1xx_hal_msp.o(.text.HAL_TIM_Base_MspInit)
    HAL_TIM_ConfigClockSource                0x08002d6d   Thumb Code   388  stm32f1xx_hal_tim.o(.text.HAL_TIM_ConfigClockSource)
    HAL_TIM_IC_CaptureCallback               0x08002ef1   Thumb Code     8  stm32f1xx_hal_tim.o(.text.HAL_TIM_IC_CaptureCallback)
    HAL_TIM_IRQHandler                       0x08002ef9   Thumb Code   634  stm32f1xx_hal_tim.o(.text.HAL_TIM_IRQHandler)
    HAL_TIM_OC_DelayElapsedCallback          0x08003175   Thumb Code     8  stm32f1xx_hal_tim.o(.text.HAL_TIM_OC_DelayElapsedCallback)
    HAL_TIM_PWM_PulseFinishedCallback        0x0800317d   Thumb Code     8  stm32f1xx_hal_tim.o(.text.HAL_TIM_PWM_PulseFinishedCallback)
    HAL_TIM_PeriodElapsedCallback            0x08003185   Thumb Code     8  stm32f1xx_hal_tim.o(.text.HAL_TIM_PeriodElapsedCallback)
    HAL_TIM_TriggerCallback                  0x0800318d   Thumb Code     8  stm32f1xx_hal_tim.o(.text.HAL_TIM_TriggerCallback)
    HardFault_Handler                        0x08003195   Thumb Code     4  stm32f1xx_it.o(.text.HardFault_Handler)
    MX_USB_DEVICE_Init                       0x08003341   Thumb Code   118  usb_device.o(.text.MX_USB_DEVICE_Init)
    MemManage_Handler                        0x080033b9   Thumb Code     4  stm32f1xx_it.o(.text.MemManage_Handler)
    NMI_Handler                              0x080033bd   Thumb Code     4  stm32f1xx_it.o(.text.NMI_Handler)
    PendSV_Handler                           0x08003b41   Thumb Code     2  stm32f1xx_it.o(.text.PendSV_Handler)
    SVC_Handler                              0x08003b81   Thumb Code     2  stm32f1xx_it.o(.text.SVC_Handler)
    SysTick_Handler                          0x08003bd9   Thumb Code     8  stm32f1xx_it.o(.text.SysTick_Handler)
    SystemClock_Config                       0x08003be1   Thumb Code   142  main.o(.text.SystemClock_Config)
    SystemInit                               0x08003c71   Thumb Code     2  system_stm32f1xx.o(.text.SystemInit)
    TIM1_UP_IRQHandler                       0x08003c75   Thumb Code    16  stm32f1xx_it.o(.text.TIM1_UP_IRQHandler)
    TIM_Base_SetConfig                       0x08003c85   Thumb Code   240  stm32f1xx_hal_tim.o(.text.TIM_Base_SetConfig)
    TIM_ETR_SetConfig                        0x08003d75   Thumb Code    52  stm32f1xx_hal_tim.o(.text.TIM_ETR_SetConfig)
    USBD_CDC_GetDeviceQualifierDescriptor    0x08004029   Thumb Code    22  usbd_cdc.o(.text.USBD_CDC_GetDeviceQualifierDescriptor)
    USBD_CDC_ReceivePacket                   0x08004185   Thumb Code    94  usbd_cdc.o(.text.USBD_CDC_ReceivePacket)
    USBD_CDC_RegisterInterface               0x080041e5   Thumb Code    42  usbd_cdc.o(.text.USBD_CDC_RegisterInterface)
    USBD_CDC_SetRxBuffer                     0x08004211   Thumb Code    28  usbd_cdc.o(.text.USBD_CDC_SetRxBuffer)
    USBD_CDC_SetTxBuffer                     0x0800422d   Thumb Code    42  usbd_cdc.o(.text.USBD_CDC_SetTxBuffer)
    USBD_ClrClassConfig                      0x080043b9   Thumb Code    30  usbd_core.o(.text.USBD_ClrClassConfig)
    USBD_CtlContinueRx                       0x08004419   Thumb Code    34  usbd_ioreq.o(.text.USBD_CtlContinueRx)
    USBD_CtlContinueSendData                 0x0800443d   Thumb Code    34  usbd_ioreq.o(.text.USBD_CtlContinueSendData)
    USBD_CtlError                            0x08004461   Thumb Code    28  usbd_ctlreq.o(.text.USBD_CtlError)
    USBD_CtlPrepareRx                        0x0800447d   Thumb Code    62  usbd_ioreq.o(.text.USBD_CtlPrepareRx)
    USBD_CtlReceiveStatus                    0x080044bd   Thumb Code    34  usbd_ioreq.o(.text.USBD_CtlReceiveStatus)
    USBD_CtlSendData                         0x080044e1   Thumb Code    58  usbd_ioreq.o(.text.USBD_CtlSendData)
    USBD_CtlSendStatus                       0x0800451d   Thumb Code    34  usbd_ioreq.o(.text.USBD_CtlSendStatus)
    USBD_FS_ConfigStrDescriptor              0x08004541   Thumb Code    78  usbd_desc.o(.text.USBD_FS_ConfigStrDescriptor)
    USBD_FS_DeviceDescriptor                 0x08004591   Thumb Code    26  usbd_desc.o(.text.USBD_FS_DeviceDescriptor)
    USBD_FS_InterfaceStrDescriptor           0x080045ad   Thumb Code    78  usbd_desc.o(.text.USBD_FS_InterfaceStrDescriptor)
    USBD_FS_LangIDStrDescriptor              0x080045fd   Thumb Code    26  usbd_desc.o(.text.USBD_FS_LangIDStrDescriptor)
    USBD_FS_ManufacturerStrDescriptor        0x08004619   Thumb Code    40  usbd_desc.o(.text.USBD_FS_ManufacturerStrDescriptor)
    USBD_FS_ProductStrDescriptor             0x08004641   Thumb Code    78  usbd_desc.o(.text.USBD_FS_ProductStrDescriptor)
    USBD_FS_SerialStrDescriptor              0x08004691   Thumb Code    32  usbd_desc.o(.text.USBD_FS_SerialStrDescriptor)
    USBD_GetString                           0x08004a81   Thumb Code   130  usbd_ctlreq.o(.text.USBD_GetString)
    USBD_Init                                0x08004b59   Thumb Code   100  usbd_core.o(.text.USBD_Init)
    USBD_LL_ClearStallEP                     0x08004bbd   Thumb Code    58  usbd_conf.o(.text.USBD_LL_ClearStallEP)
    USBD_LL_CloseEP                          0x08004bf9   Thumb Code    58  usbd_conf.o(.text.USBD_LL_CloseEP)
    USBD_LL_DataInStage                      0x08004c35   Thumb Code   354  usbd_core.o(.text.USBD_LL_DataInStage)
    USBD_LL_DataOutStage                     0x08004d99   Thumb Code   258  usbd_core.o(.text.USBD_LL_DataOutStage)
    USBD_LL_GetRxDataSize                    0x08004e9d   Thumb Code    28  usbd_conf.o(.text.USBD_LL_GetRxDataSize)
    USBD_LL_Init                             0x08004eb9   Thumb Code   160  usbd_conf.o(.text.USBD_LL_Init)
    USBD_LL_IsStallEP                        0x08004f59   Thumb Code    92  usbd_conf.o(.text.USBD_LL_IsStallEP)
    USBD_LL_OpenEP                           0x08004fb5   Thumb Code    74  usbd_conf.o(.text.USBD_LL_OpenEP)
    USBD_LL_PrepareReceive                   0x08005001   Thumb Code    70  usbd_conf.o(.text.USBD_LL_PrepareReceive)
    USBD_LL_Reset                            0x08005049   Thumb Code   116  usbd_core.o(.text.USBD_LL_Reset)
    USBD_LL_Resume                           0x080050bd   Thumb Code    34  usbd_core.o(.text.USBD_LL_Resume)
    USBD_LL_SOF                              0x080050e1   Thumb Code    50  usbd_core.o(.text.USBD_LL_SOF)
    USBD_LL_SetSpeed                         0x08005115   Thumb Code    22  usbd_core.o(.text.USBD_LL_SetSpeed)
    USBD_LL_SetUSBAddress                    0x0800512d   Thumb Code    58  usbd_conf.o(.text.USBD_LL_SetUSBAddress)
    USBD_LL_SetupStage                       0x08005169   Thumb Code   130  usbd_core.o(.text.USBD_LL_SetupStage)
    USBD_LL_StallEP                          0x080051ed   Thumb Code    58  usbd_conf.o(.text.USBD_LL_StallEP)
    USBD_LL_Start                            0x08005229   Thumb Code    50  usbd_conf.o(.text.USBD_LL_Start)
    USBD_LL_Suspend                          0x0800525d   Thumb Code    28  usbd_core.o(.text.USBD_LL_Suspend)
    USBD_LL_Transmit                         0x08005279   Thumb Code    70  usbd_conf.o(.text.USBD_LL_Transmit)
    USBD_ParseSetupRequest                   0x080052c1   Thumb Code    68  usbd_ctlreq.o(.text.USBD_ParseSetupRequest)
    USBD_RegisterClass                       0x08005305   Thumb Code    50  usbd_core.o(.text.USBD_RegisterClass)
    USBD_RunTestMode                         0x08005339   Thumb Code    10  usbd_core.o(.text.USBD_RunTestMode)
    USBD_SetClassConfig                      0x080053d1   Thumb Code    62  usbd_core.o(.text.USBD_SetClassConfig)
    USBD_Start                               0x08005571   Thumb Code    18  usbd_core.o(.text.USBD_Start)
    USBD_StdDevReq                           0x08005585   Thumb Code   188  usbd_ctlreq.o(.text.USBD_StdDevReq)
    USBD_StdEPReq                            0x08005641   Thumb Code   822  usbd_ctlreq.o(.text.USBD_StdEPReq)
    USBD_StdItfReq                           0x08005979   Thumb Code   152  usbd_ctlreq.o(.text.USBD_StdItfReq)
    USBD_static_free                         0x08005a11   Thumb Code     8  usbd_conf.o(.text.USBD_static_free)
    USBD_static_malloc                       0x08005a19   Thumb Code    16  usbd_conf.o(.text.USBD_static_malloc)
    USB_ActivateEndpoint                     0x08005a29   Thumb Code  1686  stm32f1xx_ll_usb.o(.text.USB_ActivateEndpoint)
    USB_CoreInit                             0x080060c1   Thumb Code    46  stm32f1xx_ll_usb.o(.text.USB_CoreInit)
    USB_DeactivateEndpoint                   0x080060f1   Thumb Code   864  stm32f1xx_ll_usb.o(.text.USB_DeactivateEndpoint)
    USB_DevConnect                           0x08006451   Thumb Code    10  stm32f1xx_ll_usb.o(.text.USB_DevConnect)
    USB_DevDisconnect                        0x0800645d   Thumb Code    10  stm32f1xx_ll_usb.o(.text.USB_DevDisconnect)
    USB_DevInit                              0x08006469   Thumb Code    72  stm32f1xx_ll_usb.o(.text.USB_DevInit)
    USB_DisableGlobalInt                     0x080064b1   Thumb Code    30  stm32f1xx_ll_usb.o(.text.USB_DisableGlobalInt)
    USB_EP0_OutStart                         0x080064d1   Thumb Code    12  stm32f1xx_ll_usb.o(.text.USB_EP0_OutStart)
    USB_EPClearStall                         0x080064dd   Thumb Code   328  stm32f1xx_ll_usb.o(.text.USB_EPClearStall)
    USB_EPSetStall                           0x08006625   Thumb Code   136  stm32f1xx_ll_usb.o(.text.USB_EPSetStall)
    USB_EPStartXfer                          0x080066ad   Thumb Code  3606  stm32f1xx_ll_usb.o(.text.USB_EPStartXfer)
    USB_EnableGlobalInt                      0x080074c5   Thumb Code    30  stm32f1xx_ll_usb.o(.text.USB_EnableGlobalInt)
    USB_LP_CAN1_RX0_IRQHandler               0x080074e5   Thumb Code    16  stm32f1xx_it.o(.text.USB_LP_CAN1_RX0_IRQHandler)
    USB_ReadInterrupts                       0x080074f5   Thumb Code    18  stm32f1xx_ll_usb.o(.text.USB_ReadInterrupts)
    USB_ReadPMA                              0x08007509   Thumb Code   140  stm32f1xx_ll_usb.o(.text.USB_ReadPMA)
    USB_SetCurrentMode                       0x08007595   Thumb Code    14  stm32f1xx_ll_usb.o(.text.USB_SetCurrentMode)
    USB_SetDevAddress                        0x080075a5   Thumb Code    32  stm32f1xx_ll_usb.o(.text.USB_SetDevAddress)
    USB_WritePMA                             0x080075c5   Thumb Code   130  stm32f1xx_ll_usb.o(.text.USB_WritePMA)
    UsageFault_Handler                       0x08007649   Thumb Code     4  stm32f1xx_it.o(.text.UsageFault_Handler)
    main                                     0x0800770d   Thumb Code    36  main.o(.text.main)
    AHBPrescTable                            0x08007730   Data          16  system_stm32f1xx.o(.rodata.AHBPrescTable)
    APBPrescTable                            0x08007740   Data           8  system_stm32f1xx.o(.rodata.APBPrescTable)
    Region$$Table$$Base                      0x0800779c   Number         0  anon$$obj.o(Region$$Table)
    Region$$Table$$Limit                     0x080077bc   Number         0  anon$$obj.o(Region$$Table)
    FS_Desc                                  0x20000000   Data          28  usbd_desc.o(.data.FS_Desc)
    SystemCoreClock                          0x2000001c   Data           4  system_stm32f1xx.o(.data.SystemCoreClock)
    USBD_CDC                                 0x20000020   Data          56  usbd_cdc.o(.data.USBD_CDC)
    USBD_CDC_CfgFSDesc                       0x20000058   Data          67  usbd_cdc.o(.data.USBD_CDC_CfgFSDesc)
    USBD_CDC_CfgHSDesc                       0x2000009c   Data          67  usbd_cdc.o(.data.USBD_CDC_CfgHSDesc)
    USBD_CDC_OtherSpeedCfgDesc               0x200000ec   Data          67  usbd_cdc.o(.data.USBD_CDC_OtherSpeedCfgDesc)
    USBD_FS_DeviceDesc                       0x20000130   Data          18  usbd_desc.o(.data.USBD_FS_DeviceDesc)
    USBD_Interface_fops_FS                   0x20000144   Data          16  usbd_cdc_if.o(.data.USBD_Interface_fops_FS)
    USBD_LangIDDesc                          0x20000154   Data           4  usbd_desc.o(.data.USBD_LangIDDesc)
    USBD_StringSerial                        0x20000158   Data          26  usbd_desc.o(.data.USBD_StringSerial)
    uwTickFreq                               0x20000172   Data           1  stm32f1xx_hal.o(.data.uwTickFreq)
    uwTickPrio                               0x20000174   Data           4  stm32f1xx_hal.o(.data.uwTickPrio)
    __libspace_start                         0x20000178   Data          96  libspace.o(.bss)
    __temporary_stack_top$libspace           0x200001d8   Data           0  libspace.o(.bss)
    USBD_StrDesc                             0x200001dc   Data         512  usbd_desc.o(.bss.USBD_StrDesc)
    UserRxBufferFS                           0x200005fc   Data        1024  usbd_cdc_if.o(.bss.UserRxBufferFS)
    UserTxBufferFS                           0x200009fc   Data        1024  usbd_cdc_if.o(.bss.UserTxBufferFS)
    hUsbDeviceFS                             0x20000dfc   Data         708  usb_device.o(.bss.hUsbDeviceFS)
    hi2c1                                    0x200010c0   Data          84  main.o(.bss.hi2c1)
    hpcd_USB_FS                              0x20001114   Data         752  usbd_conf.o(.bss.hpcd_USB_FS)
    htim1                                    0x20001404   Data          72  main.o(.bss.htim1)
    uwTick                                   0x2000144c   Data           4  stm32f1xx_hal.o(.bss.uwTick)



==============================================================================

Memory Map of the image

  Image Entry point : 0x080000ed

  Load Region LR_IROM1 (Base: 0x08000000, Size: 0x00007938, Max: 0x00010000, ABSOLUTE, COMPRESSED[0x00007880])

    Execution Region ER_IROM1 (Exec base: 0x08000000, Load base: 0x08000000, Size: 0x000077bc, Max: 0x00010000, ABSOLUTE)

    Exec Addr    Load Addr    Size         Type   Attr      Idx    E Section Name        Object

    0x08000000   0x08000000   0x000000ec   Data   RO            3    RESET               startup_stm32f103xb.o
    0x080000ec   0x080000ec   0x00000008   Code   RO         1435  * !!!main             c_w.l(__main.o)
    0x080000f4   0x080000f4   0x00000034   Code   RO         1600    !!!scatter          c_w.l(__scatter.o)
    0x08000128   0x08000128   0x0000005a   Code   RO         1598    !!dczerorl2         c_w.l(__dczerorl2.o)
    0x08000182   0x08000182   0x00000002   PAD
    0x08000184   0x08000184   0x0000001c   Code   RO         1602    !!handler_zi        c_w.l(__scatter_zi.o)
    0x080001a0   0x080001a0   0x00000002   Code   RO         1462    .ARM.Collect$$libinit$$00000000  c_w.l(libinit.o)
    0x080001a2   0x080001a2   0x00000000   Code   RO         1469    .ARM.Collect$$libinit$$00000002  c_w.l(libinit2.o)
    0x080001a2   0x080001a2   0x00000000   Code   RO         1471    .ARM.Collect$$libinit$$00000004  c_w.l(libinit2.o)
    0x080001a2   0x080001a2   0x00000000   Code   RO         1474    .ARM.Collect$$libinit$$0000000A  c_w.l(libinit2.o)
    0x080001a2   0x080001a2   0x00000000   Code   RO         1476    .ARM.Collect$$libinit$$0000000C  c_w.l(libinit2.o)
    0x080001a2   0x080001a2   0x00000000   Code   RO         1478    .ARM.Collect$$libinit$$0000000E  c_w.l(libinit2.o)
    0x080001a2   0x080001a2   0x00000000   Code   RO         1481    .ARM.Collect$$libinit$$00000011  c_w.l(libinit2.o)
    0x080001a2   0x080001a2   0x00000000   Code   RO         1483    .ARM.Collect$$libinit$$00000013  c_w.l(libinit2.o)
    0x080001a2   0x080001a2   0x00000000   Code   RO         1485    .ARM.Collect$$libinit$$00000015  c_w.l(libinit2.o)
    0x080001a2   0x080001a2   0x00000000   Code   RO         1487    .ARM.Collect$$libinit$$00000017  c_w.l(libinit2.o)
    0x080001a2   0x080001a2   0x00000000   Code   RO         1489    .ARM.Collect$$libinit$$00000019  c_w.l(libinit2.o)
    0x080001a2   0x080001a2   0x00000000   Code   RO         1491    .ARM.Collect$$libinit$$0000001B  c_w.l(libinit2.o)
    0x080001a2   0x080001a2   0x00000000   Code   RO         1493    .ARM.Collect$$libinit$$0000001D  c_w.l(libinit2.o)
    0x080001a2   0x080001a2   0x00000000   Code   RO         1495    .ARM.Collect$$libinit$$0000001F  c_w.l(libinit2.o)
    0x080001a2   0x080001a2   0x00000000   Code   RO         1497    .ARM.Collect$$libinit$$00000021  c_w.l(libinit2.o)
    0x080001a2   0x080001a2   0x00000000   Code   RO         1499    .ARM.Collect$$libinit$$00000023  c_w.l(libinit2.o)
    0x080001a2   0x080001a2   0x00000000   Code   RO         1501    .ARM.Collect$$libinit$$00000025  c_w.l(libinit2.o)
    0x080001a2   0x080001a2   0x00000000   Code   RO         1505    .ARM.Collect$$libinit$$0000002C  c_w.l(libinit2.o)
    0x080001a2   0x080001a2   0x00000000   Code   RO         1507    .ARM.Collect$$libinit$$0000002E  c_w.l(libinit2.o)
    0x080001a2   0x080001a2   0x00000000   Code   RO         1509    .ARM.Collect$$libinit$$00000030  c_w.l(libinit2.o)
    0x080001a2   0x080001a2   0x00000000   Code   RO         1511    .ARM.Collect$$libinit$$00000032  c_w.l(libinit2.o)
    0x080001a2   0x080001a2   0x00000002   Code   RO         1512    .ARM.Collect$$libinit$$00000033  c_w.l(libinit2.o)
    0x080001a4   0x080001a4   0x00000002   Code   RO         1534    .ARM.Collect$$libshutdown$$00000000  c_w.l(libshutdown.o)
    0x080001a6   0x080001a6   0x00000000   Code   RO         1549    .ARM.Collect$$libshutdown$$00000002  c_w.l(libshutdown2.o)
    0x080001a6   0x080001a6   0x00000000   Code   RO         1551    .ARM.Collect$$libshutdown$$00000004  c_w.l(libshutdown2.o)
    0x080001a6   0x080001a6   0x00000000   Code   RO         1554    .ARM.Collect$$libshutdown$$00000007  c_w.l(libshutdown2.o)
    0x080001a6   0x080001a6   0x00000000   Code   RO         1557    .ARM.Collect$$libshutdown$$0000000A  c_w.l(libshutdown2.o)
    0x080001a6   0x080001a6   0x00000000   Code   RO         1559    .ARM.Collect$$libshutdown$$0000000C  c_w.l(libshutdown2.o)
    0x080001a6   0x080001a6   0x00000000   Code   RO         1562    .ARM.Collect$$libshutdown$$0000000F  c_w.l(libshutdown2.o)
    0x080001a6   0x080001a6   0x00000002   Code   RO         1563    .ARM.Collect$$libshutdown$$00000010  c_w.l(libshutdown2.o)
    0x080001a8   0x080001a8   0x00000000   Code   RO         1437    .ARM.Collect$$rtentry$$00000000  c_w.l(__rtentry.o)
    0x080001a8   0x080001a8   0x00000000   Code   RO         1439    .ARM.Collect$$rtentry$$00000002  c_w.l(__rtentry2.o)
    0x080001a8   0x080001a8   0x00000006   Code   RO         1451    .ARM.Collect$$rtentry$$00000004  c_w.l(__rtentry4.o)
    0x080001ae   0x080001ae   0x00000000   Code   RO         1441    .ARM.Collect$$rtentry$$00000009  c_w.l(__rtentry2.o)
    0x080001ae   0x080001ae   0x00000004   Code   RO         1442    .ARM.Collect$$rtentry$$0000000A  c_w.l(__rtentry2.o)
    0x080001b2   0x080001b2   0x00000000   Code   RO         1444    .ARM.Collect$$rtentry$$0000000C  c_w.l(__rtentry2.o)
    0x080001b2   0x080001b2   0x00000008   Code   RO         1445    .ARM.Collect$$rtentry$$0000000D  c_w.l(__rtentry2.o)
    0x080001ba   0x080001ba   0x00000002   Code   RO         1466    .ARM.Collect$$rtexit$$00000000  c_w.l(rtexit.o)
    0x080001bc   0x080001bc   0x00000000   Code   RO         1514    .ARM.Collect$$rtexit$$00000002  c_w.l(rtexit2.o)
    0x080001bc   0x080001bc   0x00000004   Code   RO         1515    .ARM.Collect$$rtexit$$00000003  c_w.l(rtexit2.o)
    0x080001c0   0x080001c0   0x00000006   Code   RO         1516    .ARM.Collect$$rtexit$$00000004  c_w.l(rtexit2.o)
    0x080001c6   0x080001c6   0x00000002   PAD
    0x080001c8   0x080001c8   0x00000040   Code   RO            4    .text               startup_stm32f103xb.o
    0x08000208   0x08000208   0x0000004e   Code   RO         1431    .text               c_w.l(rt_memclr_w.o)
    0x08000256   0x08000256   0x00000006   Code   RO         1433    .text               c_w.l(heapauxi.o)
    0x0800025c   0x0800025c   0x0000004a   Code   RO         1453    .text               c_w.l(sys_stackheap_outer.o)
    0x080002a6   0x080002a6   0x00000012   Code   RO         1455    .text               c_w.l(exit.o)
    0x080002b8   0x080002b8   0x00000008   Code   RO         1463    .text               c_w.l(libspace.o)
    0x080002c0   0x080002c0   0x0000000c   Code   RO         1524    .text               c_w.l(sys_exit.o)
    0x080002cc   0x080002cc   0x00000002   Code   RO         1539    .text               c_w.l(use_no_semi.o)
    0x080002ce   0x080002ce   0x00000000   Code   RO         1541    .text               c_w.l(indicate_semi.o)
    0x080002ce   0x080002ce   0x00000002   PAD
    0x080002d0   0x080002d0   0x00000004   Code   RO           40    .text.BusFault_Handler  stm32f1xx_it.o
    0x080002d4   0x080002d4   0x0000005c   Code   RO         1195    .text.CDC_Control_FS  usbd_cdc_if.o
    0x08000330   0x08000330   0x00000004   Code   RO         1193    .text.CDC_DeInit_FS  usbd_cdc_if.o
    0x08000334   0x08000334   0x00000032   Code   RO         1191    .text.CDC_Init_FS   usbd_cdc_if.o
    0x08000366   0x08000366   0x00000002   PAD
    0x08000368   0x08000368   0x00000024   Code   RO         1197    .text.CDC_Receive_FS  usbd_cdc_if.o
    0x0800038c   0x0800038c   0x00000002   Code   RO           46    .text.DebugMon_Handler  stm32f1xx_it.o
    0x0800038e   0x0800038e   0x00000002   PAD
    0x08000390   0x08000390   0x0000000e   Code   RO           21    .text.Error_Handler  main.o
    0x0800039e   0x0800039e   0x00000002   PAD
    0x080003a0   0x080003a0   0x0000005c   Code   RO         1174    .text.Get_SerialNum  usbd_desc.o
    0x080003fc   0x080003fc   0x0000031e   Code   RO          366    .text.HAL_GPIO_Init  stm32f1xx_hal_gpio.o
    0x0800071a   0x0800071a   0x00000002   PAD
    0x0800071c   0x0800071c   0x0000000c   Code   RO          264    .text.HAL_GetTick   stm32f1xx_hal.o
    0x08000728   0x08000728   0x000002a4   Code   RO          630    .text.HAL_I2C_Init  stm32f1xx_hal_i2c.o
    0x080009cc   0x080009cc   0x0000007e   Code   RO           65    .text.HAL_I2C_MspInit  stm32f1xx_hal_msp.o
    0x08000a4a   0x08000a4a   0x00000002   PAD
    0x08000a4c   0x08000a4c   0x0000001a   Code   RO          262    .text.HAL_IncTick   stm32f1xx_hal.o
    0x08000a66   0x08000a66   0x00000002   PAD
    0x08000a68   0x08000a68   0x00000026   Code   RO          252    .text.HAL_Init      stm32f1xx_hal.o
    0x08000a8e   0x08000a8e   0x00000002   PAD
    0x08000a90   0x08000a90   0x00000070   Code   RO          254    .text.HAL_InitTick  stm32f1xx_hal.o
    0x08000b00   0x08000b00   0x00000064   Code   RO           63    .text.HAL_MspInit   stm32f1xx_hal_msp.o
    0x08000b64   0x08000b64   0x00000014   Code   RO          434    .text.HAL_NVIC_EnableIRQ  stm32f1xx_hal_cortex.o
    0x08000b78   0x08000b78   0x00000032   Code   RO          426    .text.HAL_NVIC_SetPriority  stm32f1xx_hal_cortex.o
    0x08000baa   0x08000baa   0x00000002   PAD
    0x08000bac   0x08000bac   0x00000010   Code   RO          422    .text.HAL_NVIC_SetPriorityGrouping  stm32f1xx_hal_cortex.o
    0x08000bbc   0x08000bbc   0x0000007a   Code   RO          174    .text.HAL_PCDEx_PMAConfig  stm32f1xx_hal_pcd_ex.o
    0x08000c36   0x08000c36   0x00000002   PAD
    0x08000c38   0x08000c38   0x0000001a   Code   RO         1273    .text.HAL_PCDEx_SetConnectionState  usbd_conf.o
    0x08000c52   0x08000c52   0x00000002   PAD
    0x08000c54   0x08000c54   0x00000026   Code   RO         1219    .text.HAL_PCD_DataInStageCallback  usbd_conf.o
    0x08000c7a   0x08000c7a   0x00000002   PAD
    0x08000c7c   0x08000c7c   0x00000028   Code   RO         1217    .text.HAL_PCD_DataOutStageCallback  usbd_conf.o
    0x08000ca4   0x08000ca4   0x000000a8   Code   RO          141    .text.HAL_PCD_EP_Close  stm32f1xx_hal_pcd.o
    0x08000d4c   0x08000d4c   0x000000c8   Code   RO          151    .text.HAL_PCD_EP_ClrStall  stm32f1xx_hal_pcd.o
    0x08000e14   0x08000e14   0x000001fc   Code   RO          163    .text.HAL_PCD_EP_DB_Receive  stm32f1xx_hal_pcd.o
    0x08001010   0x08001010   0x0000074c   Code   RO          165    .text.HAL_PCD_EP_DB_Transmit  stm32f1xx_hal_pcd.o
    0x0800175c   0x0800175c   0x00000022   Code   RO          145    .text.HAL_PCD_EP_GetRxCount  stm32f1xx_hal_pcd.o
    0x0800177e   0x0800177e   0x00000002   PAD
    0x08001780   0x08001780   0x000000da   Code   RO          139    .text.HAL_PCD_EP_Open  stm32f1xx_hal_pcd.o
    0x0800185a   0x0800185a   0x00000002   PAD
    0x0800185c   0x0800185c   0x0000005a   Code   RO          143    .text.HAL_PCD_EP_Receive  stm32f1xx_hal_pcd.o
    0x080018b6   0x080018b6   0x00000002   PAD
    0x080018b8   0x080018b8   0x000000dc   Code   RO          149    .text.HAL_PCD_EP_SetStall  stm32f1xx_hal_pcd.o
    0x08001994   0x08001994   0x00000066   Code   RO          147    .text.HAL_PCD_EP_Transmit  stm32f1xx_hal_pcd.o
    0x080019fa   0x080019fa   0x00000002   PAD
    0x080019fc   0x080019fc   0x00000204   Code   RO          105    .text.HAL_PCD_IRQHandler  stm32f1xx_hal_pcd.o
    0x08001c00   0x08001c00   0x00000248   Code   RO           93    .text.HAL_PCD_Init  stm32f1xx_hal_pcd.o
    0x08001e48   0x08001e48   0x0000004e   Code   RO         1211    .text.HAL_PCD_MspInit  usbd_conf.o
    0x08001e96   0x08001e96   0x00000002   PAD
    0x08001e98   0x08001e98   0x00000038   Code   RO         1223    .text.HAL_PCD_ResetCallback  usbd_conf.o
    0x08001ed0   0x08001ed0   0x00000014   Code   RO         1227    .text.HAL_PCD_ResumeCallback  usbd_conf.o
    0x08001ee4   0x08001ee4   0x00000014   Code   RO         1221    .text.HAL_PCD_SOFCallback  usbd_conf.o
    0x08001ef8   0x08001ef8   0x0000005e   Code   RO          111    .text.HAL_PCD_SetAddress  stm32f1xx_hal_pcd.o
    0x08001f56   0x08001f56   0x00000002   PAD
    0x08001f58   0x08001f58   0x00000018   Code   RO         1215    .text.HAL_PCD_SetupStageCallback  usbd_conf.o
    0x08001f70   0x08001f70   0x0000005c   Code   RO          101    .text.HAL_PCD_Start  stm32f1xx_hal_pcd.o
    0x08001fcc   0x08001fcc   0x0000002e   Code   RO         1225    .text.HAL_PCD_SuspendCallback  usbd_conf.o
    0x08001ffa   0x08001ffa   0x00000002   PAD
    0x08001ffc   0x08001ffc   0x000001c8   Code   RO          351    .text.HAL_RCCEx_PeriphCLKConfig  stm32f1xx_hal_rcc_ex.o
    0x080021c4   0x080021c4   0x00000256   Code   RO          318    .text.HAL_RCC_ClockConfig  stm32f1xx_hal_rcc.o
    0x0800241a   0x0800241a   0x00000002   PAD
    0x0800241c   0x0800241c   0x0000000c   Code   RO          328    .text.HAL_RCC_GetHCLKFreq  stm32f1xx_hal_rcc.o
    0x08002428   0x08002428   0x00000022   Code   RO          330    .text.HAL_RCC_GetPCLK1Freq  stm32f1xx_hal_rcc.o
    0x0800244a   0x0800244a   0x00000002   PAD
    0x0800244c   0x0800244c   0x000000bc   Code   RO          320    .text.HAL_RCC_GetSysClockFreq  stm32f1xx_hal_rcc.o
    0x08002508   0x08002508   0x0000067a   Code   RO          314    .text.HAL_RCC_OscConfig  stm32f1xx_hal_rcc.o
    0x08002b82   0x08002b82   0x00000002   PAD
    0x08002b84   0x08002b84   0x00000010   Code   RO          446    .text.HAL_SYSTICK_Config  stm32f1xx_hal_cortex.o
    0x08002b94   0x08002b94   0x00000008   Code   RO         1124    .text.HAL_TIMEx_BreakCallback  stm32f1xx_hal_tim_ex.o
    0x08002b9c   0x08002b9c   0x00000008   Code   RO         1120    .text.HAL_TIMEx_CommutCallback  stm32f1xx_hal_tim_ex.o
    0x08002ba4   0x08002ba4   0x000000dc   Code   RO         1114    .text.HAL_TIMEx_MasterConfigSynchronization  stm32f1xx_hal_tim_ex.o
    0x08002c80   0x08002c80   0x0000009c   Code   RO          801    .text.HAL_TIM_Base_Init  stm32f1xx_hal_tim.o
    0x08002d1c   0x08002d1c   0x0000004e   Code   RO           69    .text.HAL_TIM_Base_MspInit  stm32f1xx_hal_msp.o
    0x08002d6a   0x08002d6a   0x00000002   PAD
    0x08002d6c   0x08002d6c   0x00000184   Code   RO          993    .text.HAL_TIM_ConfigClockSource  stm32f1xx_hal_tim.o
    0x08002ef0   0x08002ef0   0x00000008   Code   RO          937    .text.HAL_TIM_IC_CaptureCallback  stm32f1xx_hal_tim.o
    0x08002ef8   0x08002ef8   0x0000027a   Code   RO          935    .text.HAL_TIM_IRQHandler  stm32f1xx_hal_tim.o
    0x08003172   0x08003172   0x00000002   PAD
    0x08003174   0x08003174   0x00000008   Code   RO          939    .text.HAL_TIM_OC_DelayElapsedCallback  stm32f1xx_hal_tim.o
    0x0800317c   0x0800317c   0x00000008   Code   RO          941    .text.HAL_TIM_PWM_PulseFinishedCallback  stm32f1xx_hal_tim.o
    0x08003184   0x08003184   0x00000008   Code   RO          943    .text.HAL_TIM_PeriodElapsedCallback  stm32f1xx_hal_tim.o
    0x0800318c   0x0800318c   0x00000008   Code   RO          945    .text.HAL_TIM_TriggerCallback  stm32f1xx_hal_tim.o
    0x08003194   0x08003194   0x00000004   Code   RO           36    .text.HardFault_Handler  stm32f1xx_it.o
    0x08003198   0x08003198   0x00000076   Code   RO         1176    .text.IntToUnicode  usbd_desc.o
    0x0800320e   0x0800320e   0x00000002   PAD
    0x08003210   0x08003210   0x00000060   Code   RO           15    .text.MX_GPIO_Init  main.o
    0x08003270   0x08003270   0x00000048   Code   RO           17    .text.MX_I2C1_Init  main.o
    0x080032b8   0x080032b8   0x00000088   Code   RO           19    .text.MX_TIM1_Init  main.o
    0x08003340   0x08003340   0x00000076   Code   RO         1151    .text.MX_USB_DEVICE_Init  usb_device.o
    0x080033b6   0x080033b6   0x00000002   PAD
    0x080033b8   0x080033b8   0x00000004   Code   RO           38    .text.MemManage_Handler  stm32f1xx_it.o
    0x080033bc   0x080033bc   0x00000004   Code   RO           34    .text.NMI_Handler   stm32f1xx_it.o
    0x080033c0   0x080033c0   0x0000006c   Code   RO          432    .text.NVIC_EncodePriority  stm32f1xx_hal_cortex.o
    0x0800342c   0x0800342c   0x00000712   Code   RO          107    .text.PCD_EP_ISR_Handler  stm32f1xx_hal_pcd.o
    0x08003b3e   0x08003b3e   0x00000002   PAD
    0x08003b40   0x08003b40   0x00000002   Code   RO           48    .text.PendSV_Handler  stm32f1xx_it.o
    0x08003b42   0x08003b42   0x00000002   PAD
    0x08003b44   0x08003b44   0x0000003a   Code   RO          316    .text.RCC_Delay     stm32f1xx_hal_rcc.o
    0x08003b7e   0x08003b7e   0x00000002   PAD
    0x08003b80   0x08003b80   0x00000002   Code   RO           44    .text.SVC_Handler   stm32f1xx_it.o
    0x08003b82   0x08003b82   0x00000002   PAD
    0x08003b84   0x08003b84   0x00000052   Code   RO          448    .text.SysTick_Config  stm32f1xx_hal_cortex.o
    0x08003bd6   0x08003bd6   0x00000002   PAD
    0x08003bd8   0x08003bd8   0x00000008   Code   RO           50    .text.SysTick_Handler  stm32f1xx_it.o
    0x08003be0   0x08003be0   0x0000008e   Code   RO           13    .text.SystemClock_Config  main.o
    0x08003c6e   0x08003c6e   0x00000002   PAD
    0x08003c70   0x08003c70   0x00000002   Code   RO         1137    .text.SystemInit    system_stm32f1xx.o
    0x08003c72   0x08003c72   0x00000002   PAD
    0x08003c74   0x08003c74   0x00000010   Code   RO           54    .text.TIM1_UP_IRQHandler  stm32f1xx_it.o
    0x08003c84   0x08003c84   0x000000f0   Code   RO          805    .text.TIM_Base_SetConfig  stm32f1xx_hal_tim.o
    0x08003d74   0x08003d74   0x00000034   Code   RO          991    .text.TIM_ETR_SetConfig  stm32f1xx_hal_tim.o
    0x08003da8   0x08003da8   0x0000002a   Code   RO          997    .text.TIM_ITRx_SetConfig  stm32f1xx_hal_tim.o
    0x08003dd2   0x08003dd2   0x00000002   PAD
    0x08003dd4   0x08003dd4   0x00000050   Code   RO          995    .text.TIM_TI1_ConfigInputStage  stm32f1xx_hal_tim.o
    0x08003e24   0x08003e24   0x00000052   Code   RO          999    .text.TIM_TI2_ConfigInputStage  stm32f1xx_hal_tim.o
    0x08003e76   0x08003e76   0x00000002   PAD
    0x08003e78   0x08003e78   0x0000009e   Code   RO         1396    .text.USBD_CDC_DataIn  usbd_cdc.o
    0x08003f16   0x08003f16   0x00000002   PAD
    0x08003f18   0x08003f18   0x00000058   Code   RO         1398    .text.USBD_CDC_DataOut  usbd_cdc.o
    0x08003f70   0x08003f70   0x0000006e   Code   RO         1390    .text.USBD_CDC_DeInit  usbd_cdc.o
    0x08003fde   0x08003fde   0x00000002   PAD
    0x08003fe0   0x08003fe0   0x00000048   Code   RO         1394    .text.USBD_CDC_EP0_RxReady  usbd_cdc.o
    0x08004028   0x08004028   0x00000016   Code   RO         1406    .text.USBD_CDC_GetDeviceQualifierDescriptor  usbd_cdc.o
    0x0800403e   0x0800403e   0x00000002   PAD
    0x08004040   0x08004040   0x00000016   Code   RO         1402    .text.USBD_CDC_GetFSCfgDesc  usbd_cdc.o
    0x08004056   0x08004056   0x00000002   PAD
    0x08004058   0x08004058   0x00000016   Code   RO         1400    .text.USBD_CDC_GetHSCfgDesc  usbd_cdc.o
    0x0800406e   0x0800406e   0x00000002   PAD
    0x08004070   0x08004070   0x00000016   Code   RO         1404    .text.USBD_CDC_GetOtherSpeedCfgDesc  usbd_cdc.o
    0x08004086   0x08004086   0x00000002   PAD
    0x08004088   0x08004088   0x000000fc   Code   RO         1388    .text.USBD_CDC_Init  usbd_cdc.o
    0x08004184   0x08004184   0x0000005e   Code   RO         1416    .text.USBD_CDC_ReceivePacket  usbd_cdc.o
    0x080041e2   0x080041e2   0x00000002   PAD
    0x080041e4   0x080041e4   0x0000002a   Code   RO         1408    .text.USBD_CDC_RegisterInterface  usbd_cdc.o
    0x0800420e   0x0800420e   0x00000002   PAD
    0x08004210   0x08004210   0x0000001c   Code   RO         1412    .text.USBD_CDC_SetRxBuffer  usbd_cdc.o
    0x0800422c   0x0800422c   0x0000002a   Code   RO         1410    .text.USBD_CDC_SetTxBuffer  usbd_cdc.o
    0x08004256   0x08004256   0x00000002   PAD
    0x08004258   0x08004258   0x0000015e   Code   RO         1392    .text.USBD_CDC_Setup  usbd_cdc.o
    0x080043b6   0x080043b6   0x00000002   PAD
    0x080043b8   0x080043b8   0x0000001e   Code   RO         1298    .text.USBD_ClrClassConfig  usbd_core.o
    0x080043d6   0x080043d6   0x00000002   PAD
    0x080043d8   0x080043d8   0x00000040   Code   RO         1345    .text.USBD_ClrFeature  usbd_ctlreq.o
    0x08004418   0x08004418   0x00000022   Code   RO         1373    .text.USBD_CtlContinueRx  usbd_ioreq.o
    0x0800443a   0x0800443a   0x00000002   PAD
    0x0800443c   0x0800443c   0x00000022   Code   RO         1369    .text.USBD_CtlContinueSendData  usbd_ioreq.o
    0x0800445e   0x0800445e   0x00000002   PAD
    0x08004460   0x08004460   0x0000001c   Code   RO         1347    .text.USBD_CtlError  usbd_ctlreq.o
    0x0800447c   0x0800447c   0x0000003e   Code   RO         1371    .text.USBD_CtlPrepareRx  usbd_ioreq.o
    0x080044ba   0x080044ba   0x00000002   PAD
    0x080044bc   0x080044bc   0x00000022   Code   RO         1377    .text.USBD_CtlReceiveStatus  usbd_ioreq.o
    0x080044de   0x080044de   0x00000002   PAD
    0x080044e0   0x080044e0   0x0000003a   Code   RO         1367    .text.USBD_CtlSendData  usbd_ioreq.o
    0x0800451a   0x0800451a   0x00000002   PAD
    0x0800451c   0x0800451c   0x00000022   Code   RO         1375    .text.USBD_CtlSendStatus  usbd_ioreq.o
    0x0800453e   0x0800453e   0x00000002   PAD
    0x08004540   0x08004540   0x0000004e   Code   RO         1170    .text.USBD_FS_ConfigStrDescriptor  usbd_desc.o
    0x0800458e   0x0800458e   0x00000002   PAD
    0x08004590   0x08004590   0x0000001a   Code   RO         1160    .text.USBD_FS_DeviceDescriptor  usbd_desc.o
    0x080045aa   0x080045aa   0x00000002   PAD
    0x080045ac   0x080045ac   0x0000004e   Code   RO         1172    .text.USBD_FS_InterfaceStrDescriptor  usbd_desc.o
    0x080045fa   0x080045fa   0x00000002   PAD
    0x080045fc   0x080045fc   0x0000001a   Code   RO         1162    .text.USBD_FS_LangIDStrDescriptor  usbd_desc.o
    0x08004616   0x08004616   0x00000002   PAD
    0x08004618   0x08004618   0x00000028   Code   RO         1164    .text.USBD_FS_ManufacturerStrDescriptor  usbd_desc.o
    0x08004640   0x08004640   0x0000004e   Code   RO         1166    .text.USBD_FS_ProductStrDescriptor  usbd_desc.o
    0x0800468e   0x0800468e   0x00000002   PAD
    0x08004690   0x08004690   0x00000020   Code   RO         1168    .text.USBD_FS_SerialStrDescriptor  usbd_desc.o
    0x080046b0   0x080046b0   0x00000064   Code   RO         1339    .text.USBD_GetConfig  usbd_ctlreq.o
    0x08004714   0x08004714   0x000002d6   Code   RO         1333    .text.USBD_GetDescriptor  usbd_ctlreq.o
    0x080049ea   0x080049ea   0x00000002   PAD
    0x080049ec   0x080049ec   0x0000002e   Code   RO         1357    .text.USBD_GetLen   usbd_ctlreq.o
    0x08004a1a   0x08004a1a   0x00000002   PAD
    0x08004a1c   0x08004a1c   0x00000062   Code   RO         1341    .text.USBD_GetStatus  usbd_ctlreq.o
    0x08004a7e   0x08004a7e   0x00000002   PAD
    0x08004a80   0x08004a80   0x00000082   Code   RO         1355    .text.USBD_GetString  usbd_ctlreq.o
    0x08004b02   0x08004b02   0x00000002   PAD
    0x08004b04   0x08004b04   0x00000052   Code   RO         1241    .text.USBD_Get_USB_Status  usbd_conf.o
    0x08004b56   0x08004b56   0x00000002   PAD
    0x08004b58   0x08004b58   0x00000064   Code   RO         1284    .text.USBD_Init     usbd_core.o
    0x08004bbc   0x08004bbc   0x0000003a   Code   RO         1255    .text.USBD_LL_ClearStallEP  usbd_conf.o
    0x08004bf6   0x08004bf6   0x00000002   PAD
    0x08004bf8   0x08004bf8   0x0000003a   Code   RO         1249    .text.USBD_LL_CloseEP  usbd_conf.o
    0x08004c32   0x08004c32   0x00000002   PAD
    0x08004c34   0x08004c34   0x00000162   Code   RO         1304    .text.USBD_LL_DataInStage  usbd_core.o
    0x08004d96   0x08004d96   0x00000002   PAD
    0x08004d98   0x08004d98   0x00000102   Code   RO         1302    .text.USBD_LL_DataOutStage  usbd_core.o
    0x08004e9a   0x08004e9a   0x00000002   PAD
    0x08004e9c   0x08004e9c   0x0000001c   Code   RO         1265    .text.USBD_LL_GetRxDataSize  usbd_conf.o
    0x08004eb8   0x08004eb8   0x000000a0   Code   RO         1237    .text.USBD_LL_Init  usbd_conf.o
    0x08004f58   0x08004f58   0x0000005c   Code   RO         1257    .text.USBD_LL_IsStallEP  usbd_conf.o
    0x08004fb4   0x08004fb4   0x0000004a   Code   RO         1247    .text.USBD_LL_OpenEP  usbd_conf.o
    0x08004ffe   0x08004ffe   0x00000002   PAD
    0x08005000   0x08005000   0x00000046   Code   RO         1263    .text.USBD_LL_PrepareReceive  usbd_conf.o
    0x08005046   0x08005046   0x00000002   PAD
    0x08005048   0x08005048   0x00000074   Code   RO         1306    .text.USBD_LL_Reset  usbd_core.o
    0x080050bc   0x080050bc   0x00000022   Code   RO         1312    .text.USBD_LL_Resume  usbd_core.o
    0x080050de   0x080050de   0x00000002   PAD
    0x080050e0   0x080050e0   0x00000032   Code   RO         1314    .text.USBD_LL_SOF   usbd_core.o
    0x08005112   0x08005112   0x00000002   PAD
    0x08005114   0x08005114   0x00000016   Code   RO         1308    .text.USBD_LL_SetSpeed  usbd_core.o
    0x0800512a   0x0800512a   0x00000002   PAD
    0x0800512c   0x0800512c   0x0000003a   Code   RO         1259    .text.USBD_LL_SetUSBAddress  usbd_conf.o
    0x08005166   0x08005166   0x00000002   PAD
    0x08005168   0x08005168   0x00000082   Code   RO         1300    .text.USBD_LL_SetupStage  usbd_core.o
    0x080051ea   0x080051ea   0x00000002   PAD
    0x080051ec   0x080051ec   0x0000003a   Code   RO         1253    .text.USBD_LL_StallEP  usbd_conf.o
    0x08005226   0x08005226   0x00000002   PAD
    0x08005228   0x08005228   0x00000032   Code   RO         1243    .text.USBD_LL_Start  usbd_conf.o
    0x0800525a   0x0800525a   0x00000002   PAD
    0x0800525c   0x0800525c   0x0000001c   Code   RO         1310    .text.USBD_LL_Suspend  usbd_core.o
    0x08005278   0x08005278   0x00000046   Code   RO         1261    .text.USBD_LL_Transmit  usbd_conf.o
    0x080052be   0x080052be   0x00000002   PAD
    0x080052c0   0x080052c0   0x00000044   Code   RO         1353    .text.USBD_ParseSetupRequest  usbd_ctlreq.o
    0x08005304   0x08005304   0x00000032   Code   RO         1288    .text.USBD_RegisterClass  usbd_core.o
    0x08005336   0x08005336   0x00000002   PAD
    0x08005338   0x08005338   0x0000000a   Code   RO         1294    .text.USBD_RunTestMode  usbd_core.o
    0x08005342   0x08005342   0x00000002   PAD
    0x08005344   0x08005344   0x0000008c   Code   RO         1335    .text.USBD_SetAddress  usbd_ctlreq.o
    0x080053d0   0x080053d0   0x0000003e   Code   RO         1296    .text.USBD_SetClassConfig  usbd_core.o
    0x0800540e   0x0800540e   0x00000002   PAD
    0x08005410   0x08005410   0x00000138   Code   RO         1337    .text.USBD_SetConfig  usbd_ctlreq.o
    0x08005548   0x08005548   0x00000026   Code   RO         1343    .text.USBD_SetFeature  usbd_ctlreq.o
    0x0800556e   0x0800556e   0x00000002   PAD
    0x08005570   0x08005570   0x00000012   Code   RO         1290    .text.USBD_Start    usbd_core.o
    0x08005582   0x08005582   0x00000002   PAD
    0x08005584   0x08005584   0x000000bc   Code   RO         1331    .text.USBD_StdDevReq  usbd_ctlreq.o
    0x08005640   0x08005640   0x00000336   Code   RO         1351    .text.USBD_StdEPReq  usbd_ctlreq.o
    0x08005976   0x08005976   0x00000002   PAD
    0x08005978   0x08005978   0x00000098   Code   RO         1349    .text.USBD_StdItfReq  usbd_ctlreq.o
    0x08005a10   0x08005a10   0x00000008   Code   RO         1271    .text.USBD_static_free  usbd_conf.o
    0x08005a18   0x08005a18   0x00000010   Code   RO         1269    .text.USBD_static_malloc  usbd_conf.o
    0x08005a28   0x08005a28   0x00000696   Code   RO          203    .text.USB_ActivateEndpoint  stm32f1xx_ll_usb.o
    0x080060be   0x080060be   0x00000002   PAD
    0x080060c0   0x080060c0   0x0000002e   Code   RO          189    .text.USB_CoreInit  stm32f1xx_ll_usb.o
    0x080060ee   0x080060ee   0x00000002   PAD
    0x080060f0   0x080060f0   0x00000360   Code   RO          205    .text.USB_DeactivateEndpoint  stm32f1xx_ll_usb.o
    0x08006450   0x08006450   0x0000000a   Code   RO          221    .text.USB_DevConnect  stm32f1xx_ll_usb.o
    0x0800645a   0x0800645a   0x00000002   PAD
    0x0800645c   0x0800645c   0x0000000a   Code   RO          223    .text.USB_DevDisconnect  stm32f1xx_ll_usb.o
    0x08006466   0x08006466   0x00000002   PAD
    0x08006468   0x08006468   0x00000048   Code   RO          197    .text.USB_DevInit   stm32f1xx_ll_usb.o
    0x080064b0   0x080064b0   0x0000001e   Code   RO          193    .text.USB_DisableGlobalInt  stm32f1xx_ll_usb.o
    0x080064ce   0x080064ce   0x00000002   PAD
    0x080064d0   0x080064d0   0x0000000c   Code   RO          237    .text.USB_EP0_OutStart  stm32f1xx_ll_usb.o
    0x080064dc   0x080064dc   0x00000148   Code   RO          213    .text.USB_EPClearStall  stm32f1xx_ll_usb.o
    0x08006624   0x08006624   0x00000088   Code   RO          211    .text.USB_EPSetStall  stm32f1xx_ll_usb.o
    0x080066ac   0x080066ac   0x00000e16   Code   RO          207    .text.USB_EPStartXfer  stm32f1xx_ll_usb.o
    0x080074c2   0x080074c2   0x00000002   PAD
    0x080074c4   0x080074c4   0x0000001e   Code   RO          191    .text.USB_EnableGlobalInt  stm32f1xx_ll_usb.o
    0x080074e2   0x080074e2   0x00000002   PAD
    0x080074e4   0x080074e4   0x00000010   Code   RO           52    .text.USB_LP_CAN1_RX0_IRQHandler  stm32f1xx_it.o
    0x080074f4   0x080074f4   0x00000012   Code   RO          225    .text.USB_ReadInterrupts  stm32f1xx_ll_usb.o
    0x08007506   0x08007506   0x00000002   PAD
    0x08007508   0x08007508   0x0000008c   Code   RO          243    .text.USB_ReadPMA   stm32f1xx_ll_usb.o
    0x08007594   0x08007594   0x0000000e   Code   RO          195    .text.USB_SetCurrentMode  stm32f1xx_ll_usb.o
    0x080075a2   0x080075a2   0x00000002   PAD
    0x080075a4   0x080075a4   0x00000020   Code   RO          219    .text.USB_SetDevAddress  stm32f1xx_ll_usb.o
    0x080075c4   0x080075c4   0x00000082   Code   RO          209    .text.USB_WritePMA  stm32f1xx_ll_usb.o
    0x08007646   0x08007646   0x00000002   PAD
    0x08007648   0x08007648   0x00000004   Code   RO           42    .text.UsageFault_Handler  stm32f1xx_it.o
    0x0800764c   0x0800764c   0x00000030   Code   RO          436    .text.__NVIC_EnableIRQ  stm32f1xx_hal_cortex.o
    0x0800767c   0x0800767c   0x00000010   Code   RO          428    .text.__NVIC_GetPriorityGrouping  stm32f1xx_hal_cortex.o
    0x0800768c   0x0800768c   0x00000042   Code   RO          430    .text.__NVIC_SetPriority  stm32f1xx_hal_cortex.o
    0x080076ce   0x080076ce   0x00000002   PAD
    0x080076d0   0x080076d0   0x0000003c   Code   RO          424    .text.__NVIC_SetPriorityGrouping  stm32f1xx_hal_cortex.o
    0x0800770c   0x0800770c   0x00000024   Code   RO           11    .text.main          main.o
    0x08007730   0x08007730   0x00000010   Data   RO         1142    .rodata.AHBPrescTable  system_stm32f1xx.o
    0x08007740   0x08007740   0x00000008   Data   RO         1143    .rodata.APBPrescTable  system_stm32f1xx.o
    0x08007748   0x08007748   0x00000010   Data   RO          342    .rodata.HAL_RCC_GetSysClockFreq.aPLLMULFactorTable  stm32f1xx_hal_rcc.o
    0x08007758   0x08007758   0x00000002   Data   RO          343    .rodata.HAL_RCC_GetSysClockFreq.aPredivFactorTable  stm32f1xx_hal_rcc.o
    0x0800775a   0x0800775a   0x00000042   Data   RO         1182    .rodata.str1.1      usbd_desc.o
    0x0800779c   0x0800779c   0x00000020   Data   RO         1597    Region$$Table       anon$$obj.o


    Execution Region RW_IRAM1 (Exec base: 0x20000000, Load base: 0x080077c0, Size: 0x00001a50, Max: 0x00005000, ABSOLUTE, COMPRESSED[0x000000c0])

    Exec Addr    Load Addr    Size         Type   Attr      Idx    E Section Name        Object

    0x20000000   COMPRESSED   0x0000001c   Data   RW         1178    .data.FS_Desc       usbd_desc.o
    0x2000001c   COMPRESSED   0x00000004   Data   RW         1141    .data.SystemCoreClock  system_stm32f1xx.o
    0x20000020   COMPRESSED   0x00000038   Data   RW         1418    .data.USBD_CDC      usbd_cdc.o
    0x20000058   COMPRESSED   0x00000043   Data   RW         1420    .data.USBD_CDC_CfgFSDesc  usbd_cdc.o
    0x2000009b   COMPRESSED   0x00000001   PAD
    0x2000009c   COMPRESSED   0x00000043   Data   RW         1419    .data.USBD_CDC_CfgHSDesc  usbd_cdc.o
    0x200000df   COMPRESSED   0x00000001   PAD
    0x200000e0   COMPRESSED   0x0000000a   Data   RW         1422    .data.USBD_CDC_DeviceQualifierDesc  usbd_cdc.o
    0x200000ea   COMPRESSED   0x00000002   PAD
    0x200000ec   COMPRESSED   0x00000043   Data   RW         1421    .data.USBD_CDC_OtherSpeedCfgDesc  usbd_cdc.o
    0x2000012f   COMPRESSED   0x00000001   PAD
    0x20000130   COMPRESSED   0x00000012   Data   RW         1179    .data.USBD_FS_DeviceDesc  usbd_desc.o
    0x20000142   COMPRESSED   0x00000002   PAD
    0x20000144   COMPRESSED   0x00000010   Data   RW         1201    .data.USBD_Interface_fops_FS  usbd_cdc_if.o
    0x20000154   COMPRESSED   0x00000004   Data   RW         1180    .data.USBD_LangIDDesc  usbd_desc.o
    0x20000158   COMPRESSED   0x0000001a   Data   RW         1181    .data.USBD_StringSerial  usbd_desc.o
    0x20000172   COMPRESSED   0x00000001   Data   RW          303    .data.uwTickFreq    stm32f1xx_hal.o
    0x20000173   COMPRESSED   0x00000001   PAD
    0x20000174   COMPRESSED   0x00000004   Data   RW          302    .data.uwTickPrio    stm32f1xx_hal.o
    0x20000178        -       0x00000060   Zero   RW         1464    .bss                c_w.l(libspace.o)
    0x200001d8        -       0x00000001   Zero   RW         1359    .bss.USBD_SetConfig.cfgidx  usbd_ctlreq.o
    0x200001d9   COMPRESSED   0x00000003   PAD
    0x200001dc        -       0x00000200   Zero   RW         1183    .bss.USBD_StrDesc   usbd_desc.o
    0x200003dc        -       0x00000220   Zero   RW         1276    .bss.USBD_static_malloc.mem  usbd_conf.o
    0x200005fc        -       0x00000400   Zero   RW         1202    .bss.UserRxBufferFS  usbd_cdc_if.o
    0x200009fc        -       0x00000400   Zero   RW         1203    .bss.UserTxBufferFS  usbd_cdc_if.o
    0x20000dfc        -       0x000002c4   Zero   RW         1153    .bss.hUsbDeviceFS   usb_device.o
    0x200010c0        -       0x00000054   Zero   RW           23    .bss.hi2c1          main.o
    0x20001114        -       0x000002f0   Zero   RW         1275    .bss.hpcd_USB_FS    usbd_conf.o
    0x20001404        -       0x00000048   Zero   RW           24    .bss.htim1          main.o
    0x2000144c        -       0x00000004   Zero   RW          304    .bss.uwTick         stm32f1xx_hal.o
    0x20001450        -       0x00000200   Zero   RW            2    HEAP                startup_stm32f103xb.o
    0x20001650        -       0x00000400   Zero   RW            1    STACK               startup_stm32f103xb.o


==============================================================================

Image component sizes


      Code (inc. data)   RO Data    RW Data    ZI Data      Debug   Object Name

       496          0          0          0        156       7474   main.o
        64         26        236          0       1536        748   startup_stm32f103xb.o
       188          0          0          5          4       5504   stm32f1xx_hal.o
       482          0          0          0          0       7461   stm32f1xx_hal_cortex.o
       798          0          0          0          0       4165   stm32f1xx_hal_gpio.o
       676          0          0          0          0      37124   stm32f1xx_hal_i2c.o
       304          0          0          0          0       7302   stm32f1xx_hal_msp.o
      6504          0          0          0          0      13861   stm32f1xx_hal_pcd.o
       122          0          0          0          0       3971   stm32f1xx_hal_pcd_ex.o
      2548          0         18          0          0       7355   stm32f1xx_hal_rcc.o
       456          0          0          0          0       3062   stm32f1xx_hal_rcc_ex.o
      1714          0          0          0          0      35396   stm32f1xx_hal_tim.o
       236          0          0          0          0      15015   stm32f1xx_hal_tim_ex.o
        66          0          0          0          0       1159   stm32f1xx_it.o
      7164          4          0          0          0      11866   stm32f1xx_ll_usb.o
         2          0         24          4          0       1514   system_stm32f1xx.o
       118          0          0          0        708       2786   usb_device.o
      1324          0          0        267          0       9065   usbd_cdc.o
       182         36          0         16       2048       2303   usbd_cdc_if.o
      1230          4          0          0       1296      12385   usbd_conf.o
      1262          0          0          0          0       6513   usbd_core.o
      2912         30          0          0          1       7440   usbd_ctlreq.o
       568          0         66         76        512       3031   usbd_desc.o
       256          0          0          0          0       3822   usbd_ioreq.o

    ----------------------------------------------------------------------
     29856        100        376        376       6264     210322   Object Totals
         0          0         32          0          0          0   (incl. Generated)
       184          0          0          8          3          0   (incl. Padding)

    ----------------------------------------------------------------------

      Code (inc. data)   RO Data    RW Data    ZI Data      Debug   Library Member Name

        90          0          0          0          0          0   __dczerorl2.o
         8          0          0          0          0         68   __main.o
         0          0          0          0          0          0   __rtentry.o
        12          0          0          0          0          0   __rtentry2.o
         6          0          0          0          0          0   __rtentry4.o
        52          8          0          0          0          0   __scatter.o
        28          0          0          0          0          0   __scatter_zi.o
        18          0          0          0          0         80   exit.o
         6          0          0          0          0        152   heapauxi.o
         0          0          0          0          0          0   indicate_semi.o
         2          0          0          0          0          0   libinit.o
         2          0          0          0          0          0   libinit2.o
         2          0          0          0          0          0   libshutdown.o
         2          0          0          0          0          0   libshutdown2.o
         8          4          0          0         96         68   libspace.o
        78          0          0          0          0         80   rt_memclr_w.o
         2          0          0          0          0          0   rtexit.o
        10          0          0          0          0          0   rtexit2.o
        12          4          0          0          0         68   sys_exit.o
        74          0          0          0          0         80   sys_stackheap_outer.o
         2          0          0          0          0         68   use_no_semi.o

    ----------------------------------------------------------------------
       420         16          0          0         96        664   Library Totals
         6          0          0          0          0          0   (incl. Padding)

    ----------------------------------------------------------------------

      Code (inc. data)   RO Data    RW Data    ZI Data      Debug   Library Name

       414         16          0          0         96        664   c_w.l

    ----------------------------------------------------------------------
       420         16          0          0         96        664   Library Totals

    ----------------------------------------------------------------------

==============================================================================


      Code (inc. data)   RO Data    RW Data    ZI Data      Debug   

     30276        116        376        376       6360     210386   Grand Totals
     30276        116        376        192       6360     210386   ELF Image Totals (compressed)
     30276        116        376        192          0          0   ROM Totals

==============================================================================

    Total RO  Size (Code + RO Data)                30652 (  29.93kB)
    Total RW  Size (RW Data + ZI Data)              6736 (   6.58kB)
    Total ROM Size (Code + RO Data + RW Data)      30844 (  30.12kB)

==============================================================================

